Component: ARM Compiler 5.06 update 7 (build 960) Tool: armlink [4d3601]

==============================================================================

Section Cross References

    test_4.o(.text) refers to glcd_simulation.o(.text) for GLCD_S_Init
    test_4.o(.text) refers to dac.o(.text) for DAC_Init
    test_4.o(.text) refers to system_lpc17xx.o(.text) for SystemCoreClockUpdate
    test_4.o(.text) refers to lcd.o(.text) for lcd_dez
    test_4.o(.text) refers to test_4.o(.data) for value
    test_4.o(.text) refers to system_lpc17xx.o(.data) for SystemCoreClock
    glcd_simulation.o(.text) refers to _printf_percent.o(.ARM.Collect$$_printf_percent$$00000000) for _printf_percent
    glcd_simulation.o(.text) refers to _printf_c.o(.ARM.Collect$$_printf_percent$$00000013) for _printf_c
    glcd_simulation.o(.text) refers to _printf_str.o(.text) for _printf_str
    glcd_simulation.o(.text) refers to _printf_i.o(.ARM.Collect$$_printf_percent$$00000008) for _printf_i
    glcd_simulation.o(.text) refers to _printf_dec.o(.text) for _printf_int_dec
    glcd_simulation.o(.text) refers to _printf_s.o(.ARM.Collect$$_printf_percent$$00000014) for _printf_s
    glcd_simulation.o(.text) refers to noretval__2printf.o(.text) for __2printf
    glcd_simulation.o(.text) refers to strcpy.o(.text) for strcpy
    glcd_simulation.o(.text) refers to glcd_simulation.o(.data) for ibgCol
    glcd_simulation.o(.text) refers to glcd_simulation.o(.bss) for cCol
    glcd_simulation.o(.text) refers to fflt_clz.o(x$fpl$ffltu) for __aeabi_ui2f
    glcd_simulation.o(.text) refers to fdiv.o(x$fpl$fdiv) for __aeabi_fdiv
    glcd_simulation.o(.text) refers to fmul.o(x$fpl$fmul) for __aeabi_fmul
    glcd_simulation.o(.text) refers to ffixu.o(x$fpl$ffixu) for __aeabi_f2uiz
    glcd_simulation.o(.text) refers to faddsub_clz.o(x$fpl$fsub) for __aeabi_fsub
    glcd_simulation.o(.text) refers to f2d.o(x$fpl$f2d) for __aeabi_f2d
    glcd_simulation.o(.text) refers to drleqf.o(x$fpl$drleqf) for __aeabi_cdrcmple
    lcd.o(.text) refers to rt_memcpy_w.o(.text) for __aeabi_memcpy4
    lcd.o(.text) refers to lcd.o(.bss) for array
    lcd.o(.text) refers to lcd.o(.data) for text_string
    led.o(.text) refers to gpio.o(.text) for GPIOSetDir
    keys.o(.text) refers to gpio.o(.text) for GPIOSetDir
    startup_lpc17xx.o(STACK) refers (Special) to heapauxi.o(.text) for __use_two_region_memory
    startup_lpc17xx.o(HEAP) refers (Special) to heapauxi.o(.text) for __use_two_region_memory
    startup_lpc17xx.o(RESET) refers (Special) to heapauxi.o(.text) for __use_two_region_memory
    startup_lpc17xx.o(RESET) refers to startup_lpc17xx.o(STACK) for __initial_sp
    startup_lpc17xx.o(RESET) refers to startup_lpc17xx.o(.text) for Reset_Handler
    startup_lpc17xx.o(RESET) refers to test_4.o(.text) for SysTick_Handler
    startup_lpc17xx.o(.ARM.__at_0x02FC) refers (Special) to heapauxi.o(.text) for __use_two_region_memory
    startup_lpc17xx.o(.text) refers (Special) to heapauxi.o(.text) for __use_two_region_memory
    startup_lpc17xx.o(.text) refers to system_lpc17xx.o(.text) for SystemInit
    startup_lpc17xx.o(.text) refers to __main.o(!!!main) for __main
    startup_lpc17xx.o(.text) refers to startup_lpc17xx.o(HEAP) for Heap_Mem
    startup_lpc17xx.o(.text) refers to startup_lpc17xx.o(STACK) for Stack_Mem
    system_lpc17xx.o(.text) refers to lludivv7m.o(.text) for __aeabi_uldivmod
    system_lpc17xx.o(.text) refers to system_lpc17xx.o(.data) for SystemCoreClock
    __2printf.o(.text) refers to _printf_char_file.o(.text) for _printf_char_file
    __2printf.o(.text) refers to glcd_simulation.o(.data) for __stdout
    noretval__2printf.o(.text) refers to _printf_char_file.o(.text) for _printf_char_file
    noretval__2printf.o(.text) refers to glcd_simulation.o(.data) for __stdout
    __printf.o(.text) refers to _printf_percent.o(.ARM.Collect$$_printf_percent$$00000000) for _printf_percent
    _printf_str.o(.text) refers (Special) to _printf_char.o(.text) for _printf_cs_common
    _printf_dec.o(.text) refers to _printf_intcommon.o(.text) for _printf_int_common
    __printf_flags.o(.text) refers to _printf_percent.o(.ARM.Collect$$_printf_percent$$00000000) for _printf_percent
    __printf_flags.o(.text) refers to __printf_flags.o(.constdata) for .constdata
    __printf_ss.o(.text) refers to _printf_percent.o(.ARM.Collect$$_printf_percent$$00000000) for _printf_percent
    __printf_flags_ss.o(.text) refers to _printf_percent.o(.ARM.Collect$$_printf_percent$$00000000) for _printf_percent
    __printf_flags_ss.o(.text) refers to __printf_flags_ss.o(.constdata) for .constdata
    __printf_wp.o(.text) refers to __printf_wp.o(i._is_digit) for _is_digit
    __printf_wp.o(.text) refers to _printf_percent.o(.ARM.Collect$$_printf_percent$$00000000) for _printf_percent
    __printf_flags_wp.o(.text) refers to __printf_wp.o(i._is_digit) for _is_digit
    __printf_flags_wp.o(.text) refers to _printf_percent.o(.ARM.Collect$$_printf_percent$$00000000) for _printf_percent
    __printf_flags_wp.o(.text) refers to __printf_flags_wp.o(.constdata) for .constdata
    __printf_ss_wp.o(.text) refers to __printf_wp.o(i._is_digit) for _is_digit
    __printf_ss_wp.o(.text) refers to _printf_percent.o(.ARM.Collect$$_printf_percent$$00000000) for _printf_percent
    __printf_flags_ss_wp.o(.text) refers to __printf_wp.o(i._is_digit) for _is_digit
    __printf_flags_ss_wp.o(.text) refers to _printf_percent.o(.ARM.Collect$$_printf_percent$$00000000) for _printf_percent
    __printf_flags_ss_wp.o(.text) refers to __printf_flags_ss_wp.o(.constdata) for .constdata
    _printf_c.o(.ARM.Collect$$_printf_percent$$00000013) refers (Weak) to _printf_char.o(.text) for _printf_char
    _printf_s.o(.ARM.Collect$$_printf_percent$$00000014) refers (Weak) to _printf_char.o(.text) for _printf_string
    _printf_i.o(.ARM.Collect$$_printf_percent$$00000008) refers (Weak) to _printf_dec.o(.text) for _printf_int_dec
    _printf_percent.o(.ARM.Collect$$_printf_percent$$00000000) refers (Special) to _printf_percent_end.o(.ARM.Collect$$_printf_percent$$00000017) for _printf_percent_end
    __main.o(!!!main) refers to __rtentry.o(.ARM.Collect$$rtentry$$00000000) for __rt_entry
    drleqf.o(x$fpl$drleqf) refers (Special) to usenofp.o(x$fpl$usenofp) for __I$use$fp
    drleqf.o(x$fpl$drleqf) refers to dleqf.o(x$fpl$dleqf) for __fpl_dcmple_InfNaN
    f2d.o(x$fpl$f2d) refers (Special) to usenofp.o(x$fpl$usenofp) for __I$use$fp
    f2d.o(x$fpl$f2d) refers to fnaninf.o(x$fpl$fnaninf) for __fpl_fnaninf
    f2d.o(x$fpl$f2d) refers to dretinf.o(x$fpl$dretinf) for __fpl_dretinf
    faddsub_clz.o(x$fpl$fadd) refers (Special) to usenofp.o(x$fpl$usenofp) for __I$use$fp
    faddsub_clz.o(x$fpl$fadd) refers to faddsub_clz.o(x$fpl$fsub) for _fsub1
    faddsub_clz.o(x$fpl$fadd) refers to fretinf.o(x$fpl$fretinf) for __fpl_fretinf
    faddsub_clz.o(x$fpl$fadd) refers to fnaninf.o(x$fpl$fnaninf) for __fpl_fnaninf
    faddsub_clz.o(x$fpl$frsb) refers (Special) to usenofp.o(x$fpl$usenofp) for __I$use$fp
    faddsub_clz.o(x$fpl$frsb) refers to faddsub_clz.o(x$fpl$fadd) for _fadd1
    faddsub_clz.o(x$fpl$frsb) refers to faddsub_clz.o(x$fpl$fsub) for _fsub1
    faddsub_clz.o(x$fpl$fsub) refers (Special) to usenofp.o(x$fpl$usenofp) for __I$use$fp
    faddsub_clz.o(x$fpl$fsub) refers to faddsub_clz.o(x$fpl$fadd) for _fadd1
    faddsub_clz.o(x$fpl$fsub) refers to fnaninf.o(x$fpl$fnaninf) for __fpl_fnaninf
    fdiv.o(x$fpl$frdiv) refers (Special) to usenofp.o(x$fpl$usenofp) for __I$use$fp
    fdiv.o(x$fpl$frdiv) refers to fdiv.o(x$fpl$fdiv) for _fdiv1
    fdiv.o(x$fpl$fdiv) refers (Special) to usenofp.o(x$fpl$usenofp) for __I$use$fp
    fdiv.o(x$fpl$fdiv) refers to fretinf.o(x$fpl$fretinf) for __fpl_fretinf
    fdiv.o(x$fpl$fdiv) refers to fnaninf.o(x$fpl$fnaninf) for __fpl_fnaninf
    ffixu.o(x$fpl$ffixu) refers (Special) to usenofp.o(x$fpl$usenofp) for __I$use$fp
    ffixu.o(x$fpl$ffixu) refers to fnaninf.o(x$fpl$fnaninf) for __fpl_fnaninf
    ffixu.o(x$fpl$ffixur) refers (Special) to usenofp.o(x$fpl$usenofp) for __I$use$fp
    ffixu.o(x$fpl$ffixur) refers to fnaninf.o(x$fpl$fnaninf) for __fpl_fnaninf
    fflt_clz.o(x$fpl$ffltu) refers (Special) to usenofp.o(x$fpl$usenofp) for __I$use$fp
    fflt_clz.o(x$fpl$fflt) refers (Special) to usenofp.o(x$fpl$usenofp) for __I$use$fp
    fflt_clz.o(x$fpl$ffltn) refers (Special) to usenofp.o(x$fpl$usenofp) for __I$use$fp
    fmul.o(x$fpl$fmul) refers (Special) to usenofp.o(x$fpl$usenofp) for __I$use$fp
    fmul.o(x$fpl$fmul) refers to fretinf.o(x$fpl$fretinf) for __fpl_fretinf
    fmul.o(x$fpl$fmul) refers to fnaninf.o(x$fpl$fnaninf) for __fpl_fnaninf
    __rtentry.o(.ARM.Collect$$rtentry$$00000000) refers (Special) to __rtentry2.o(.ARM.Collect$$rtentry$$0000000A) for __rt_entry_li
    __rtentry.o(.ARM.Collect$$rtentry$$00000000) refers (Special) to __rtentry2.o(.ARM.Collect$$rtentry$$0000000D) for __rt_entry_main
    __rtentry.o(.ARM.Collect$$rtentry$$00000000) refers (Special) to __rtentry2.o(.ARM.Collect$$rtentry$$0000000C) for __rt_entry_postli_1
    __rtentry.o(.ARM.Collect$$rtentry$$00000000) refers (Special) to __rtentry2.o(.ARM.Collect$$rtentry$$00000009) for __rt_entry_postsh_1
    __rtentry.o(.ARM.Collect$$rtentry$$00000000) refers (Special) to __rtentry2.o(.ARM.Collect$$rtentry$$00000002) for __rt_entry_presh_1
    __rtentry.o(.ARM.Collect$$rtentry$$00000000) refers (Special) to __rtentry4.o(.ARM.Collect$$rtentry$$00000004) for __rt_entry_sh
    aeabi_ldiv0_sigfpe.o(.text) refers to rt_div0.o(.text) for __rt_div0
    _printf_char.o(.text) refers (Weak) to _printf_str.o(.text) for _printf_str
    _printf_char_file.o(.text) refers to _printf_char_common.o(.text) for _printf_char_common
    _printf_char_file.o(.text) refers to ferror.o(.text) for ferror
    _printf_char_file.o(.text) refers to glcd_simulation.o(.text) for fputc
    dleqf.o(x$fpl$dleqf) refers (Special) to usenofp.o(x$fpl$usenofp) for __I$use$fp
    dleqf.o(x$fpl$dleqf) refers to dnaninf.o(x$fpl$dnaninf) for __fpl_dnaninf
    dleqf.o(x$fpl$dleqf) refers to dcmpi.o(x$fpl$dcmpinf) for __fpl_dcmp_Inf
    dretinf.o(x$fpl$dretinf) refers (Special) to usenofp.o(x$fpl$usenofp) for __I$use$fp
    fnaninf.o(x$fpl$fnaninf) refers (Special) to usenofp.o(x$fpl$usenofp) for __I$use$fp
    fretinf.o(x$fpl$fretinf) refers (Special) to usenofp.o(x$fpl$usenofp) for __I$use$fp
    __rtentry2.o(.ARM.Collect$$rtentry$$00000008) refers to boardinit2.o(.text) for _platform_post_stackheap_init
    __rtentry2.o(.ARM.Collect$$rtentry$$0000000A) refers to libinit.o(.ARM.Collect$$libinit$$00000000) for __rt_lib_init
    __rtentry2.o(.ARM.Collect$$rtentry$$0000000B) refers to boardinit3.o(.text) for _platform_post_lib_init
    __rtentry2.o(.ARM.Collect$$rtentry$$0000000D) refers to test_4.o(.text) for main
    __rtentry2.o(.ARM.Collect$$rtentry$$0000000D) refers to exit.o(.text) for exit
    __rtentry2.o(.ARM.exidx) refers to __rtentry2.o(.ARM.Collect$$rtentry$$00000001) for .ARM.Collect$$rtentry$$00000001
    __rtentry2.o(.ARM.exidx) refers to __rtentry2.o(.ARM.Collect$$rtentry$$00000008) for .ARM.Collect$$rtentry$$00000008
    __rtentry2.o(.ARM.exidx) refers to __rtentry2.o(.ARM.Collect$$rtentry$$0000000A) for .ARM.Collect$$rtentry$$0000000A
    __rtentry2.o(.ARM.exidx) refers to __rtentry2.o(.ARM.Collect$$rtentry$$0000000B) for .ARM.Collect$$rtentry$$0000000B
    __rtentry2.o(.ARM.exidx) refers to __rtentry2.o(.ARM.Collect$$rtentry$$0000000D) for .ARM.Collect$$rtentry$$0000000D
    __rtentry4.o(.ARM.Collect$$rtentry$$00000004) refers to sys_stackheap_outer.o(.text) for __user_setup_stackheap
    __rtentry4.o(.ARM.exidx) refers to __rtentry4.o(.ARM.Collect$$rtentry$$00000004) for .ARM.Collect$$rtentry$$00000004
    rt_div0.o(.text) refers to defsig_fpe_outer.o(.text) for __rt_SIGFPE
    _printf_char_common.o(.text) refers to __printf.o(.text) for __printf
    dcmpi.o(x$fpl$dcmpinf) refers (Special) to usenofp.o(x$fpl$usenofp) for __I$use$fp
    dnaninf.o(x$fpl$dnaninf) refers (Special) to usenofp.o(x$fpl$usenofp) for __I$use$fp
    sys_stackheap_outer.o(.text) refers to libspace.o(.text) for __user_perproc_libspace
    sys_stackheap_outer.o(.text) refers to startup_lpc17xx.o(.text) for __user_initial_stackheap
    exit.o(.text) refers to rtexit.o(.ARM.Collect$$rtexit$$00000000) for __rt_exit
    defsig_fpe_outer.o(.text) refers to defsig_fpe_inner.o(.text) for __rt_SIGFPE_inner
    defsig_fpe_outer.o(.text) refers to defsig_exit.o(.text) for __sig_exit
    defsig_fpe_formal.o(.text) refers to rt_raise.o(.text) for __rt_raise
    libinit.o(.ARM.Collect$$libinit$$00000000) refers (Special) to libinit2.o(.ARM.Collect$$libinit$$0000002E) for __rt_lib_init_alloca_1
    libinit.o(.ARM.Collect$$libinit$$00000000) refers (Special) to libinit2.o(.ARM.Collect$$libinit$$0000002C) for __rt_lib_init_argv_1
    libinit.o(.ARM.Collect$$libinit$$00000000) refers (Special) to libinit2.o(.ARM.Collect$$libinit$$0000001B) for __rt_lib_init_atexit_1
    libinit.o(.ARM.Collect$$libinit$$00000000) refers (Special) to libinit2.o(.ARM.Collect$$libinit$$00000021) for __rt_lib_init_clock_1
    libinit.o(.ARM.Collect$$libinit$$00000000) refers (Special) to libinit2.o(.ARM.Collect$$libinit$$00000032) for __rt_lib_init_cpp_1
    libinit.o(.ARM.Collect$$libinit$$00000000) refers (Special) to libinit2.o(.ARM.Collect$$libinit$$00000030) for __rt_lib_init_exceptions_1
    libinit.o(.ARM.Collect$$libinit$$00000000) refers (Special) to libinit2.o(.ARM.Collect$$libinit$$00000002) for __rt_lib_init_fp_1
    libinit.o(.ARM.Collect$$libinit$$00000000) refers (Special) to libinit2.o(.ARM.Collect$$libinit$$0000001F) for __rt_lib_init_fp_trap_1
    libinit.o(.ARM.Collect$$libinit$$00000000) refers (Special) to libinit2.o(.ARM.Collect$$libinit$$00000023) for __rt_lib_init_getenv_1
    libinit.o(.ARM.Collect$$libinit$$00000000) refers (Special) to libinit2.o(.ARM.Collect$$libinit$$0000000A) for __rt_lib_init_heap_1
    libinit.o(.ARM.Collect$$libinit$$00000000) refers (Special) to libinit2.o(.ARM.Collect$$libinit$$00000011) for __rt_lib_init_lc_collate_1
    libinit.o(.ARM.Collect$$libinit$$00000000) refers (Special) to libinit2.o(.ARM.Collect$$libinit$$00000013) for __rt_lib_init_lc_ctype_1
    libinit.o(.ARM.Collect$$libinit$$00000000) refers (Special) to libinit2.o(.ARM.Collect$$libinit$$00000015) for __rt_lib_init_lc_monetary_1
    libinit.o(.ARM.Collect$$libinit$$00000000) refers (Special) to libinit2.o(.ARM.Collect$$libinit$$00000017) for __rt_lib_init_lc_numeric_1
    libinit.o(.ARM.Collect$$libinit$$00000000) refers (Special) to libinit2.o(.ARM.Collect$$libinit$$00000019) for __rt_lib_init_lc_time_1
    libinit.o(.ARM.Collect$$libinit$$00000000) refers (Special) to libinit2.o(.ARM.Collect$$libinit$$00000004) for __rt_lib_init_preinit_1
    libinit.o(.ARM.Collect$$libinit$$00000000) refers (Special) to libinit2.o(.ARM.Collect$$libinit$$0000000E) for __rt_lib_init_rand_1
    libinit.o(.ARM.Collect$$libinit$$00000000) refers (Special) to libinit2.o(.ARM.Collect$$libinit$$00000033) for __rt_lib_init_return
    libinit.o(.ARM.Collect$$libinit$$00000000) refers (Special) to libinit2.o(.ARM.Collect$$libinit$$0000001D) for __rt_lib_init_signal_1
    libinit.o(.ARM.Collect$$libinit$$00000000) refers (Special) to libinit2.o(.ARM.Collect$$libinit$$00000025) for __rt_lib_init_stdio_1
    libinit.o(.ARM.Collect$$libinit$$00000000) refers (Special) to libinit2.o(.ARM.Collect$$libinit$$0000000C) for __rt_lib_init_user_alloc_1
    libspace.o(.text) refers to libspace.o(.bss) for __libspace_start
    rtexit.o(.ARM.Collect$$rtexit$$00000000) refers (Special) to rtexit2.o(.ARM.Collect$$rtexit$$00000004) for __rt_exit_exit
    rtexit.o(.ARM.Collect$$rtexit$$00000000) refers (Special) to rtexit2.o(.ARM.Collect$$rtexit$$00000003) for __rt_exit_ls
    rtexit.o(.ARM.Collect$$rtexit$$00000000) refers (Special) to rtexit2.o(.ARM.Collect$$rtexit$$00000002) for __rt_exit_prels_1
    rtexit.o(.ARM.exidx) refers (Special) to rtexit2.o(.ARM.Collect$$rtexit$$00000004) for __rt_exit_exit
    rtexit.o(.ARM.exidx) refers (Special) to rtexit2.o(.ARM.Collect$$rtexit$$00000003) for __rt_exit_ls
    rtexit.o(.ARM.exidx) refers (Special) to rtexit2.o(.ARM.Collect$$rtexit$$00000002) for __rt_exit_prels_1
    rtexit.o(.ARM.exidx) refers to rtexit.o(.ARM.Collect$$rtexit$$00000000) for .ARM.Collect$$rtexit$$00000000
    rt_raise.o(.text) refers to __raise.o(.text) for __raise
    rt_raise.o(.text) refers to sys_exit.o(.text) for _sys_exit
    defsig_exit.o(.text) refers to sys_exit.o(.text) for _sys_exit
    defsig_fpe_inner.o(.text) refers to defsig_general.o(.text) for __default_signal_display
    libinit2.o(.ARM.Collect$$libinit$$00000010) refers to libinit2.o(.ARM.Collect$$libinit$$0000000F) for .ARM.Collect$$libinit$$0000000F
    libinit2.o(.ARM.Collect$$libinit$$00000012) refers to libinit2.o(.ARM.Collect$$libinit$$0000000F) for .ARM.Collect$$libinit$$0000000F
    libinit2.o(.ARM.Collect$$libinit$$00000014) refers to libinit2.o(.ARM.Collect$$libinit$$0000000F) for .ARM.Collect$$libinit$$0000000F
    libinit2.o(.ARM.Collect$$libinit$$00000016) refers to libinit2.o(.ARM.Collect$$libinit$$0000000F) for .ARM.Collect$$libinit$$0000000F
    libinit2.o(.ARM.Collect$$libinit$$00000018) refers to libinit2.o(.ARM.Collect$$libinit$$0000000F) for .ARM.Collect$$libinit$$0000000F
    libinit2.o(.ARM.Collect$$libinit$$00000026) refers to argv_veneer.o(.emb_text) for __ARM_argv_veneer
    libinit2.o(.ARM.Collect$$libinit$$00000027) refers to argv_veneer.o(.emb_text) for __ARM_argv_veneer
    sys_exit.o(.text) refers (Special) to use_no_semi.o(.text) for __I$use$semihosting
    sys_exit.o(.text) refers (Special) to indicate_semi.o(.text) for __semihosting_library_function
    rtexit2.o(.ARM.Collect$$rtexit$$00000003) refers to libshutdown.o(.ARM.Collect$$libshutdown$$00000000) for __rt_lib_shutdown
    rtexit2.o(.ARM.Collect$$rtexit$$00000004) refers to sys_exit.o(.text) for _sys_exit
    rtexit2.o(.ARM.exidx) refers to rtexit2.o(.ARM.Collect$$rtexit$$00000001) for .ARM.Collect$$rtexit$$00000001
    rtexit2.o(.ARM.exidx) refers to rtexit2.o(.ARM.Collect$$rtexit$$00000003) for .ARM.Collect$$rtexit$$00000003
    rtexit2.o(.ARM.exidx) refers to rtexit2.o(.ARM.Collect$$rtexit$$00000004) for .ARM.Collect$$rtexit$$00000004
    __raise.o(.text) refers to defsig.o(CL$$defsig) for __default_signal_handler
    defsig_general.o(.text) refers to sys_wrch.o(.text) for _ttywrch
    argv_veneer.o(.emb_text) refers to no_argv.o(.text) for __ARM_get_argv
    sys_wrch.o(.text) refers (Special) to use_no_semi.o(.text) for __I$use$semihosting
    sys_wrch.o(.text) refers (Special) to indicate_semi.o(.text) for __semihosting_library_function
    defsig.o(CL$$defsig) refers to defsig_fpe_inner.o(.text) for __rt_SIGFPE_inner
    defsig.o(CL$$defsig) refers to defsig_rtmem_inner.o(.text) for __rt_SIGRTMEM_inner
    _get_argv_nomalloc.o(.text) refers (Special) to hrguard.o(.text) for __heap_region$guard
    _get_argv_nomalloc.o(.text) refers to defsig_rtmem_outer.o(.text) for __rt_SIGRTMEM
    _get_argv_nomalloc.o(.text) refers to sys_command.o(.text) for _sys_command_string
    libshutdown.o(.ARM.Collect$$libshutdown$$00000000) refers (Special) to libshutdown2.o(.ARM.Collect$$libshutdown$$00000004) for __rt_lib_shutdown_cpp_1
    libshutdown.o(.ARM.Collect$$libshutdown$$00000000) refers (Special) to libshutdown2.o(.ARM.Collect$$libshutdown$$00000002) for __rt_lib_shutdown_fini_1
    libshutdown.o(.ARM.Collect$$libshutdown$$00000000) refers (Special) to libshutdown2.o(.ARM.Collect$$libshutdown$$00000009) for __rt_lib_shutdown_fp_trap_1
    libshutdown.o(.ARM.Collect$$libshutdown$$00000000) refers (Special) to libshutdown2.o(.ARM.Collect$$libshutdown$$00000011) for __rt_lib_shutdown_heap_1
    libshutdown.o(.ARM.Collect$$libshutdown$$00000000) refers (Special) to libshutdown2.o(.ARM.Collect$$libshutdown$$00000012) for __rt_lib_shutdown_return
    libshutdown.o(.ARM.Collect$$libshutdown$$00000000) refers (Special) to libshutdown2.o(.ARM.Collect$$libshutdown$$0000000C) for __rt_lib_shutdown_signal_1
    libshutdown.o(.ARM.Collect$$libshutdown$$00000000) refers (Special) to libshutdown2.o(.ARM.Collect$$libshutdown$$00000006) for __rt_lib_shutdown_stdio_1
    libshutdown.o(.ARM.Collect$$libshutdown$$00000000) refers (Special) to libshutdown2.o(.ARM.Collect$$libshutdown$$0000000E) for __rt_lib_shutdown_user_alloc_1
    sys_command.o(.text) refers (Special) to use_no_semi.o(.text) for __I$use$semihosting
    sys_command.o(.text) refers (Special) to indicate_semi.o(.text) for __semihosting_library_function
    defsig_abrt_inner.o(.text) refers to defsig_general.o(.text) for __default_signal_display
    defsig_rtred_inner.o(.text) refers to defsig_general.o(.text) for __default_signal_display
    defsig_rtmem_inner.o(.text) refers to defsig_general.o(.text) for __default_signal_display
    defsig_rtmem_outer.o(.text) refers to defsig_rtmem_inner.o(.text) for __rt_SIGRTMEM_inner
    defsig_rtmem_outer.o(.text) refers to defsig_exit.o(.text) for __sig_exit
    defsig_rtmem_formal.o(.text) refers to rt_raise.o(.text) for __rt_raise
    defsig_stak_inner.o(.text) refers to defsig_general.o(.text) for __default_signal_display
    defsig_pvfn_inner.o(.text) refers to defsig_general.o(.text) for __default_signal_display
    defsig_cppl_inner.o(.text) refers to defsig_general.o(.text) for __default_signal_display
    defsig_segv_inner.o(.text) refers to defsig_general.o(.text) for __default_signal_display
    defsig_other.o(.text) refers to defsig_general.o(.text) for __default_signal_display


==============================================================================

Removing Unused input sections from the image.

    Removing test_4.o(.rev16_text), (4 bytes).
    Removing test_4.o(.revsh_text), (4 bytes).
    Removing test_4.o(.rrx_text), (6 bytes).
    Removing test_4.o(.bss), (160 bytes).
    Removing glcd_simulation.o(.rev16_text), (4 bytes).
    Removing glcd_simulation.o(.revsh_text), (4 bytes).
    Removing glcd_simulation.o(.rrx_text), (6 bytes).
    Removing lcd.o(.rev16_text), (4 bytes).
    Removing lcd.o(.revsh_text), (4 bytes).
    Removing lcd.o(.rrx_text), (6 bytes).
    Removing led.o(.rev16_text), (4 bytes).
    Removing led.o(.revsh_text), (4 bytes).
    Removing led.o(.rrx_text), (6 bytes).
    Removing led.o(.text), (1146 bytes).
    Removing keys.o(.rev16_text), (4 bytes).
    Removing keys.o(.revsh_text), (4 bytes).
    Removing keys.o(.rrx_text), (6 bytes).
    Removing keys.o(.text), (1692 bytes).
    Removing i2c.o(.rev16_text), (4 bytes).
    Removing i2c.o(.revsh_text), (4 bytes).
    Removing i2c.o(.rrx_text), (6 bytes).
    Removing i2c.o(.text), (544 bytes).
    Removing gpio.o(.rev16_text), (4 bytes).
    Removing gpio.o(.revsh_text), (4 bytes).
    Removing gpio.o(.rrx_text), (6 bytes).
    Removing gpio.o(.text), (908 bytes).
    Removing delay.o(.rev16_text), (4 bytes).
    Removing delay.o(.revsh_text), (4 bytes).
    Removing delay.o(.rrx_text), (6 bytes).
    Removing delay.o(.text), (56 bytes).
    Removing glcd_spi_lpc1700.o(.rev16_text), (4 bytes).
    Removing glcd_spi_lpc1700.o(.revsh_text), (4 bytes).
    Removing glcd_spi_lpc1700.o(.rrx_text), (6 bytes).
    Removing glcd_spi_lpc1700.o(.bss), (160 bytes).
    Removing glcd_spi_lpc1700.o(.constdata), (6272 bytes).
    Removing glcd_spi_lpc1700.o(.data), (62 bytes).
    Removing adc.o(.rev16_text), (4 bytes).
    Removing adc.o(.revsh_text), (4 bytes).
    Removing adc.o(.rrx_text), (6 bytes).
    Removing adc.o(.text), (568 bytes).
    Removing dac.o(.rev16_text), (4 bytes).
    Removing dac.o(.revsh_text), (4 bytes).
    Removing dac.o(.rrx_text), (6 bytes).
    Removing system_lpc17xx.o(.rev16_text), (4 bytes).
    Removing system_lpc17xx.o(.revsh_text), (4 bytes).
    Removing system_lpc17xx.o(.rrx_text), (6 bytes).

46 unused section(s) (total 11736 bytes) removed from the image.

==============================================================================

Image Symbol Table

    Local Symbols

    Symbol Name                              Value     Ov Type        Size  Object(Section)

    RESET                                    0x00000000   Section      204  startup_lpc17xx.o(RESET)
    ../clib/angel/boardlib.s                 0x00000000   Number         0  boardinit1.o ABSOLUTE
    ../clib/angel/boardlib.s                 0x00000000   Number         0  boardshut.o ABSOLUTE
    ../clib/angel/boardlib.s                 0x00000000   Number         0  boardinit3.o ABSOLUTE
    ../clib/angel/boardlib.s                 0x00000000   Number         0  boardinit2.o ABSOLUTE
    ../clib/angel/handlers.s                 0x00000000   Number         0  __scatter_zi.o ABSOLUTE
    ../clib/angel/handlers.s                 0x00000000   Number         0  __scatter_copy.o ABSOLUTE
    ../clib/angel/kernel.s                   0x00000000   Number         0  __rtentry2.o ABSOLUTE
    ../clib/angel/kernel.s                   0x00000000   Number         0  rtexit.o ABSOLUTE
    ../clib/angel/kernel.s                   0x00000000   Number         0  __rtentry.o ABSOLUTE
    ../clib/angel/kernel.s                   0x00000000   Number         0  __rtentry4.o ABSOLUTE
    ../clib/angel/kernel.s                   0x00000000   Number         0  rtexit2.o ABSOLUTE
    ../clib/angel/rt.s                       0x00000000   Number         0  aeabi_ldiv0.o ABSOLUTE
    ../clib/angel/rt.s                       0x00000000   Number         0  aeabi_ldiv0_sigfpe.o ABSOLUTE
    ../clib/angel/rt.s                       0x00000000   Number         0  rt_div0.o ABSOLUTE
    ../clib/angel/rt.s                       0x00000000   Number         0  rt_raise.o ABSOLUTE
    ../clib/angel/scatter.s                  0x00000000   Number         0  __scatter.o ABSOLUTE
    ../clib/angel/startup.s                  0x00000000   Number         0  __main.o ABSOLUTE
    ../clib/angel/sys.s                      0x00000000   Number         0  libspace.o ABSOLUTE
    ../clib/angel/sys.s                      0x00000000   Number         0  sys_stackheap_outer.o ABSOLUTE
    ../clib/angel/sys.s                      0x00000000   Number         0  use_no_semi.o ABSOLUTE
    ../clib/angel/sys.s                      0x00000000   Number         0  indicate_semi.o ABSOLUTE
    ../clib/angel/sysapp.c                   0x00000000   Number         0  sys_command.o ABSOLUTE
    ../clib/angel/sysapp.c                   0x00000000   Number         0  sys_wrch.o ABSOLUTE
    ../clib/angel/sysapp.c                   0x00000000   Number         0  sys_exit.o ABSOLUTE
    ../clib/armsys.c                         0x00000000   Number         0  argv_veneer.o ABSOLUTE
    ../clib/armsys.c                         0x00000000   Number         0  no_argv.o ABSOLUTE
    ../clib/armsys.c                         0x00000000   Number         0  _get_argv_nomalloc.o ABSOLUTE
    ../clib/armsys.c                         0x00000000   Number         0  argv_veneer.o ABSOLUTE
    ../clib/heapalloc.c                      0x00000000   Number         0  hrguard.o ABSOLUTE
    ../clib/heapaux.c                        0x00000000   Number         0  heapauxi.o ABSOLUTE
    ../clib/libinit.s                        0x00000000   Number         0  libshutdown2.o ABSOLUTE
    ../clib/libinit.s                        0x00000000   Number         0  libinit.o ABSOLUTE
    ../clib/libinit.s                        0x00000000   Number         0  libshutdown.o ABSOLUTE
    ../clib/libinit.s                        0x00000000   Number         0  libinit2.o ABSOLUTE
    ../clib/longlong.s                       0x00000000   Number         0  lludivv7m.o ABSOLUTE
    ../clib/memcpset.s                       0x00000000   Number         0  rt_memcpy_w.o ABSOLUTE
    ../clib/printf.c                         0x00000000   Number         0  __printf_ss.o ABSOLUTE
    ../clib/printf.c                         0x00000000   Number         0  __printf_flags_ss.o ABSOLUTE
    ../clib/printf.c                         0x00000000   Number         0  __printf_wp.o ABSOLUTE
    ../clib/printf.c                         0x00000000   Number         0  __printf_flags_wp.o ABSOLUTE
    ../clib/printf.c                         0x00000000   Number         0  __printf_ss_wp.o ABSOLUTE
    ../clib/printf.c                         0x00000000   Number         0  __printf_flags_ss_wp.o ABSOLUTE
    ../clib/printf.c                         0x00000000   Number         0  __printf_nopercent.o ABSOLUTE
    ../clib/printf.c                         0x00000000   Number         0  noretval__2printf.o ABSOLUTE
    ../clib/printf.c                         0x00000000   Number         0  _printf_char_common.o ABSOLUTE
    ../clib/printf.c                         0x00000000   Number         0  __printf_flags.o ABSOLUTE
    ../clib/printf.c                         0x00000000   Number         0  _printf_intcommon.o ABSOLUTE
    ../clib/printf.c                         0x00000000   Number         0  __2printf.o ABSOLUTE
    ../clib/printf.c                         0x00000000   Number         0  __printf.o ABSOLUTE
    ../clib/printf.c                         0x00000000   Number         0  _printf_char_file.o ABSOLUTE
    ../clib/printf.c                         0x00000000   Number         0  _printf_str.o ABSOLUTE
    ../clib/printf.c                         0x00000000   Number         0  _printf_char.o ABSOLUTE
    ../clib/printf.c                         0x00000000   Number         0  _printf_dec.o ABSOLUTE
    ../clib/printf_percent.s                 0x00000000   Number         0  _printf_c.o ABSOLUTE
    ../clib/printf_percent.s                 0x00000000   Number         0  _printf_s.o ABSOLUTE
    ../clib/printf_percent.s                 0x00000000   Number         0  _printf_i.o ABSOLUTE
    ../clib/printf_percent.s                 0x00000000   Number         0  _printf_percent.o ABSOLUTE
    ../clib/printf_percent.s                 0x00000000   Number         0  _printf_percent_end.o ABSOLUTE
    ../clib/signal.c                         0x00000000   Number         0  defsig_rtmem_formal.o ABSOLUTE
    ../clib/signal.c                         0x00000000   Number         0  defsig_stak_inner.o ABSOLUTE
    ../clib/signal.c                         0x00000000   Number         0  defsig_fpe_formal.o ABSOLUTE
    ../clib/signal.c                         0x00000000   Number         0  defsig_fpe_outer.o ABSOLUTE
    ../clib/signal.c                         0x00000000   Number         0  defsig_fpe_inner.o ABSOLUTE
    ../clib/signal.c                         0x00000000   Number         0  defsig_pvfn_inner.o ABSOLUTE
    ../clib/signal.c                         0x00000000   Number         0  defsig_cppl_inner.o ABSOLUTE
    ../clib/signal.c                         0x00000000   Number         0  defsig_segv_inner.o ABSOLUTE
    ../clib/signal.c                         0x00000000   Number         0  defsig_rtred_inner.o ABSOLUTE
    ../clib/signal.c                         0x00000000   Number         0  defsig_other.o ABSOLUTE
    ../clib/signal.c                         0x00000000   Number         0  defsig_rtmem_inner.o ABSOLUTE
    ../clib/signal.c                         0x00000000   Number         0  defsig_rtmem_outer.o ABSOLUTE
    ../clib/signal.c                         0x00000000   Number         0  defsig_exit.o ABSOLUTE
    ../clib/signal.c                         0x00000000   Number         0  defsig_abrt_inner.o ABSOLUTE
    ../clib/signal.c                         0x00000000   Number         0  defsig_general.o ABSOLUTE
    ../clib/signal.c                         0x00000000   Number         0  __raise.o ABSOLUTE
    ../clib/signal.s                         0x00000000   Number         0  defsig.o ABSOLUTE
    ../clib/stdio.c                          0x00000000   Number         0  ferror_locked.o ABSOLUTE
    ../clib/stdio.c                          0x00000000   Number         0  ferror.o ABSOLUTE
    ../clib/stdlib.c                         0x00000000   Number         0  exit.o ABSOLUTE
    ../clib/string.c                         0x00000000   Number         0  strcpy.o ABSOLUTE
    ../fplib/dcmpi.s                         0x00000000   Number         0  dcmpi.o ABSOLUTE
    ../fplib/dleqf.s                         0x00000000   Number         0  dleqf.o ABSOLUTE
    ../fplib/dnaninf.s                       0x00000000   Number         0  dnaninf.o ABSOLUTE
    ../fplib/dretinf.s                       0x00000000   Number         0  dretinf.o ABSOLUTE
    ../fplib/drleqf.s                        0x00000000   Number         0  drleqf.o ABSOLUTE
    ../fplib/f2d.s                           0x00000000   Number         0  f2d.o ABSOLUTE
    ../fplib/faddsub.s                       0x00000000   Number         0  faddsub_clz.o ABSOLUTE
    ../fplib/fdiv.s                          0x00000000   Number         0  fdiv.o ABSOLUTE
    ../fplib/ffixu.s                         0x00000000   Number         0  ffixu.o ABSOLUTE
    ../fplib/fflt.s                          0x00000000   Number         0  fflt_clz.o ABSOLUTE
    ../fplib/fmul.s                          0x00000000   Number         0  fmul.o ABSOLUTE
    ../fplib/fnaninf.s                       0x00000000   Number         0  fnaninf.o ABSOLUTE
    ../fplib/fpinit.s                        0x00000000   Number         0  fpinit.o ABSOLUTE
    ../fplib/fretinf.s                       0x00000000   Number         0  fretinf.o ABSOLUTE
    ../fplib/usenofp.s                       0x00000000   Number         0  usenofp.o ABSOLUTE
    ..\Peripherals\Source Files\GLCD_SPI_LPC1700.c 0x00000000   Number         0  glcd_spi_lpc1700.o ABSOLUTE
    ..\Peripherals\Source Files\GLCD_Simulation.c 0x00000000   Number         0  glcd_simulation.o ABSOLUTE
    ..\Peripherals\Source Files\I2C.c        0x00000000   Number         0  i2c.o ABSOLUTE
    ..\Peripherals\Source Files\adc.c        0x00000000   Number         0  adc.o ABSOLUTE
    ..\Peripherals\Source Files\dac.c        0x00000000   Number         0  dac.o ABSOLUTE
    ..\Peripherals\Source Files\delay.c      0x00000000   Number         0  delay.o ABSOLUTE
    ..\Peripherals\Source Files\gpio.c       0x00000000   Number         0  gpio.o ABSOLUTE
    ..\Peripherals\Source Files\keys.c       0x00000000   Number         0  keys.o ABSOLUTE
    ..\Peripherals\Source Files\lcd.c        0x00000000   Number         0  lcd.o ABSOLUTE
    ..\Peripherals\Source Files\led.c        0x00000000   Number         0  led.o ABSOLUTE
    ..\\Peripherals\\Source Files\\GLCD_SPI_LPC1700.c 0x00000000   Number         0  glcd_spi_lpc1700.o ABSOLUTE
    ..\\Peripherals\\Source Files\\GLCD_Simulation.c 0x00000000   Number         0  glcd_simulation.o ABSOLUTE
    ..\\Peripherals\\Source Files\\I2C.c     0x00000000   Number         0  i2c.o ABSOLUTE
    ..\\Peripherals\\Source Files\\adc.c     0x00000000   Number         0  adc.o ABSOLUTE
    ..\\Peripherals\\Source Files\\dac.c     0x00000000   Number         0  dac.o ABSOLUTE
    ..\\Peripherals\\Source Files\\delay.c   0x00000000   Number         0  delay.o ABSOLUTE
    ..\\Peripherals\\Source Files\\gpio.c    0x00000000   Number         0  gpio.o ABSOLUTE
    ..\\Peripherals\\Source Files\\keys.c    0x00000000   Number         0  keys.o ABSOLUTE
    ..\\Peripherals\\Source Files\\lcd.c     0x00000000   Number         0  lcd.o ABSOLUTE
    ..\\Peripherals\\Source Files\\led.c     0x00000000   Number         0  led.o ABSOLUTE
    RTE\Device\LPC1769\startup_LPC17xx.s     0x00000000   Number         0  startup_lpc17xx.o ABSOLUTE
    RTE\Device\LPC1769\system_LPC17xx.c      0x00000000   Number         0  system_lpc17xx.o ABSOLUTE
    RTE\\Device\\LPC1769\\system_LPC17xx.c   0x00000000   Number         0  system_lpc17xx.o ABSOLUTE
    dc.s                                     0x00000000   Number         0  dc.o ABSOLUTE
    test_4.c                                 0x00000000   Number         0  test_4.o ABSOLUTE
    test_4.c                                 0x00000000   Number         0  test_4.o ABSOLUTE
    !!!main                                  0x000000cc   Section        8  __main.o(!!!main)
    !!!scatter                               0x000000d4   Section       52  __scatter.o(!!!scatter)
    !!handler_copy                           0x00000108   Section       26  __scatter_copy.o(!!handler_copy)
    !!handler_zi                             0x00000124   Section       28  __scatter_zi.o(!!handler_zi)
    .ARM.Collect$$_printf_percent$$00000000  0x00000140   Section        0  _printf_percent.o(.ARM.Collect$$_printf_percent$$00000000)
    .ARM.Collect$$_printf_percent$$00000008  0x00000140   Section        6  _printf_i.o(.ARM.Collect$$_printf_percent$$00000008)
    .ARM.Collect$$_printf_percent$$00000013  0x00000146   Section        6  _printf_c.o(.ARM.Collect$$_printf_percent$$00000013)
    .ARM.Collect$$_printf_percent$$00000014  0x0000014c   Section        6  _printf_s.o(.ARM.Collect$$_printf_percent$$00000014)
    .ARM.Collect$$_printf_percent$$00000017  0x00000152   Section        4  _printf_percent_end.o(.ARM.Collect$$_printf_percent$$00000017)
    .ARM.Collect$$libinit$$00000000          0x00000156   Section        2  libinit.o(.ARM.Collect$$libinit$$00000000)
    .ARM.Collect$$libinit$$00000002          0x00000158   Section        0  libinit2.o(.ARM.Collect$$libinit$$00000002)
    .ARM.Collect$$libinit$$00000004          0x00000158   Section        0  libinit2.o(.ARM.Collect$$libinit$$00000004)
    .ARM.Collect$$libinit$$0000000A          0x00000158   Section        0  libinit2.o(.ARM.Collect$$libinit$$0000000A)
    .ARM.Collect$$libinit$$0000000C          0x00000158   Section        0  libinit2.o(.ARM.Collect$$libinit$$0000000C)
    .ARM.Collect$$libinit$$0000000E          0x00000158   Section        0  libinit2.o(.ARM.Collect$$libinit$$0000000E)
    .ARM.Collect$$libinit$$00000011          0x00000158   Section        0  libinit2.o(.ARM.Collect$$libinit$$00000011)
    .ARM.Collect$$libinit$$00000013          0x00000158   Section        0  libinit2.o(.ARM.Collect$$libinit$$00000013)
    .ARM.Collect$$libinit$$00000015          0x00000158   Section        0  libinit2.o(.ARM.Collect$$libinit$$00000015)
    .ARM.Collect$$libinit$$00000017          0x00000158   Section        0  libinit2.o(.ARM.Collect$$libinit$$00000017)
    .ARM.Collect$$libinit$$00000019          0x00000158   Section        0  libinit2.o(.ARM.Collect$$libinit$$00000019)
    .ARM.Collect$$libinit$$0000001B          0x00000158   Section        0  libinit2.o(.ARM.Collect$$libinit$$0000001B)
    .ARM.Collect$$libinit$$0000001D          0x00000158   Section        0  libinit2.o(.ARM.Collect$$libinit$$0000001D)
    .ARM.Collect$$libinit$$0000001F          0x00000158   Section        0  libinit2.o(.ARM.Collect$$libinit$$0000001F)
    .ARM.Collect$$libinit$$00000021          0x00000158   Section        0  libinit2.o(.ARM.Collect$$libinit$$00000021)
    .ARM.Collect$$libinit$$00000023          0x00000158   Section        0  libinit2.o(.ARM.Collect$$libinit$$00000023)
    .ARM.Collect$$libinit$$00000025          0x00000158   Section        0  libinit2.o(.ARM.Collect$$libinit$$00000025)
    .ARM.Collect$$libinit$$0000002C          0x00000158   Section        0  libinit2.o(.ARM.Collect$$libinit$$0000002C)
    .ARM.Collect$$libinit$$0000002E          0x00000158   Section        0  libinit2.o(.ARM.Collect$$libinit$$0000002E)
    .ARM.Collect$$libinit$$00000030          0x00000158   Section        0  libinit2.o(.ARM.Collect$$libinit$$00000030)
    .ARM.Collect$$libinit$$00000032          0x00000158   Section        0  libinit2.o(.ARM.Collect$$libinit$$00000032)
    .ARM.Collect$$libinit$$00000033          0x00000158   Section        2  libinit2.o(.ARM.Collect$$libinit$$00000033)
    .ARM.Collect$$libshutdown$$00000000      0x0000015a   Section        2  libshutdown.o(.ARM.Collect$$libshutdown$$00000000)
    .ARM.Collect$$libshutdown$$00000002      0x0000015c   Section        0  libshutdown2.o(.ARM.Collect$$libshutdown$$00000002)
    .ARM.Collect$$libshutdown$$00000004      0x0000015c   Section        0  libshutdown2.o(.ARM.Collect$$libshutdown$$00000004)
    .ARM.Collect$$libshutdown$$00000006      0x0000015c   Section        0  libshutdown2.o(.ARM.Collect$$libshutdown$$00000006)
    .ARM.Collect$$libshutdown$$00000009      0x0000015c   Section        0  libshutdown2.o(.ARM.Collect$$libshutdown$$00000009)
    .ARM.Collect$$libshutdown$$0000000C      0x0000015c   Section        0  libshutdown2.o(.ARM.Collect$$libshutdown$$0000000C)
    .ARM.Collect$$libshutdown$$0000000E      0x0000015c   Section        0  libshutdown2.o(.ARM.Collect$$libshutdown$$0000000E)
    .ARM.Collect$$libshutdown$$00000011      0x0000015c   Section        0  libshutdown2.o(.ARM.Collect$$libshutdown$$00000011)
    .ARM.Collect$$libshutdown$$00000012      0x0000015c   Section        2  libshutdown2.o(.ARM.Collect$$libshutdown$$00000012)
    .ARM.Collect$$rtentry$$00000000          0x0000015e   Section        0  __rtentry.o(.ARM.Collect$$rtentry$$00000000)
    .ARM.Collect$$rtentry$$00000002          0x0000015e   Section        0  __rtentry2.o(.ARM.Collect$$rtentry$$00000002)
    .ARM.Collect$$rtentry$$00000004          0x0000015e   Section        6  __rtentry4.o(.ARM.Collect$$rtentry$$00000004)
    .ARM.Collect$$rtentry$$00000009          0x00000164   Section        0  __rtentry2.o(.ARM.Collect$$rtentry$$00000009)
    .ARM.Collect$$rtentry$$0000000A          0x00000164   Section        4  __rtentry2.o(.ARM.Collect$$rtentry$$0000000A)
    .ARM.Collect$$rtentry$$0000000C          0x00000168   Section        0  __rtentry2.o(.ARM.Collect$$rtentry$$0000000C)
    .ARM.Collect$$rtentry$$0000000D          0x00000168   Section        8  __rtentry2.o(.ARM.Collect$$rtentry$$0000000D)
    .ARM.Collect$$rtexit$$00000000           0x00000170   Section        2  rtexit.o(.ARM.Collect$$rtexit$$00000000)
    .ARM.Collect$$rtexit$$00000002           0x00000172   Section        0  rtexit2.o(.ARM.Collect$$rtexit$$00000002)
    .ARM.Collect$$rtexit$$00000003           0x00000172   Section        4  rtexit2.o(.ARM.Collect$$rtexit$$00000003)
    .ARM.Collect$$rtexit$$00000004           0x00000176   Section        6  rtexit2.o(.ARM.Collect$$rtexit$$00000004)
    .text                                    0x0000017c   Section        0  dac.o(.text)
    .text                                    0x000001bc   Section       60  startup_lpc17xx.o(.text)
    .text                                    0x000001f8   Section      238  lludivv7m.o(.text)
    .text                                    0x000002e6   Section        0  heapauxi.o(.text)
    .text                                    0x000002ec   Section        0  ferror.o(.text)
    .text                                    0x000002f4   Section        8  libspace.o(.text)
    .ARM.__at_0x02FC                         0x000002fc   Section        4  startup_lpc17xx.o(.ARM.__at_0x02FC)
    .text                                    0x00000300   Section        0  test_4.o(.text)
    .text                                    0x000004c4   Section        0  glcd_simulation.o(.text)
    .text                                    0x00002298   Section        0  lcd.o(.text)
    .text                                    0x0000257c   Section        0  system_lpc17xx.o(.text)
    .text                                    0x0000286c   Section        0  noretval__2printf.o(.text)
    .text                                    0x00002884   Section        0  __printf.o(.text)
    .text                                    0x000028ec   Section        0  _printf_str.o(.text)
    .text                                    0x00002940   Section        0  _printf_dec.o(.text)
    .text                                    0x000029b8   Section        0  strcpy.o(.text)
    .text                                    0x00002a00   Section      100  rt_memcpy_w.o(.text)
    .text                                    0x00002a64   Section        0  _printf_intcommon.o(.text)
    .text                                    0x00002b16   Section        0  _printf_char.o(.text)
    .text                                    0x00002b44   Section        0  _printf_char_file.o(.text)
    .text                                    0x00002b68   Section        0  _printf_char_common.o(.text)
    _printf_input_char                       0x00002b69   Thumb Code    10  _printf_char_common.o(.text)
    .text                                    0x00002b98   Section       74  sys_stackheap_outer.o(.text)
    .text                                    0x00002be2   Section        0  exit.o(.text)
    .text                                    0x00002bf4   Section        0  sys_exit.o(.text)
    .text                                    0x00002c00   Section        2  use_no_semi.o(.text)
    .text                                    0x00002c02   Section        0  indicate_semi.o(.text)
    x$fpl$dcmpinf                            0x00002c02   Section       24  dcmpi.o(x$fpl$dcmpinf)
    x$fpl$dleqf                              0x00002c1c   Section      120  dleqf.o(x$fpl$dleqf)
    x$fpl$dnaninf                            0x00002c94   Section      156  dnaninf.o(x$fpl$dnaninf)
    x$fpl$dretinf                            0x00002d30   Section       12  dretinf.o(x$fpl$dretinf)
    x$fpl$drleqf                             0x00002d3c   Section      108  drleqf.o(x$fpl$drleqf)
    x$fpl$f2d                                0x00002da8   Section       86  f2d.o(x$fpl$f2d)
    x$fpl$fadd                               0x00002e00   Section      196  faddsub_clz.o(x$fpl$fadd)
    _fadd1                                   0x00002e0f   Thumb Code     0  faddsub_clz.o(x$fpl$fadd)
    x$fpl$fdiv                               0x00002ec4   Section      388  fdiv.o(x$fpl$fdiv)
    _fdiv1                                   0x00002ec5   Thumb Code     0  fdiv.o(x$fpl$fdiv)
    x$fpl$ffixu                              0x00003048   Section       62  ffixu.o(x$fpl$ffixu)
    x$fpl$ffltu                              0x00003088   Section       38  fflt_clz.o(x$fpl$ffltu)
    x$fpl$fmul                               0x000030b0   Section      258  fmul.o(x$fpl$fmul)
    x$fpl$fnaninf                            0x000031b2   Section      140  fnaninf.o(x$fpl$fnaninf)
    x$fpl$fretinf                            0x0000323e   Section       10  fretinf.o(x$fpl$fretinf)
    x$fpl$fsub                               0x00003248   Section      234  faddsub_clz.o(x$fpl$fsub)
    _fsub1                                   0x00003257   Thumb Code     0  faddsub_clz.o(x$fpl$fsub)
    x$fpl$usenofp                            0x00003332   Section        0  usenofp.o(x$fpl$usenofp)
    STACK                                    0x10000000   Section      512  startup_lpc17xx.o(STACK)
    Stack_Mem                                0x10000000   Data         512  startup_lpc17xx.o(STACK)
    __initial_sp                             0x10000200   Data           0  startup_lpc17xx.o(STACK)
    .data                                    0x2007c000   Section       72  test_4.o(.data)
    ibgCol                                   0x2007c000   Data           2  test_4.o(.data)
    itextCol                                 0x2007c002   Data           2  test_4.o(.data)
    iS_S0                                    0x2007c004   Data           2  test_4.o(.data)
    iS_S1                                    0x2007c006   Data           2  test_4.o(.data)
    iS_S2                                    0x2007c008   Data           2  test_4.o(.data)
    iS_S3                                    0x2007c00a   Data           2  test_4.o(.data)
    iS_S4                                    0x2007c00c   Data           2  test_4.o(.data)
    iS_S5                                    0x2007c00e   Data           2  test_4.o(.data)
    iS_S6                                    0x2007c010   Data           2  test_4.o(.data)
    iS_S7                                    0x2007c012   Data           2  test_4.o(.data)
    iS_JST_L                                 0x2007c014   Data           2  test_4.o(.data)
    iS_JST_R                                 0x2007c016   Data           2  test_4.o(.data)
    iS_JST_U                                 0x2007c018   Data           2  test_4.o(.data)
    iS_JST_D                                 0x2007c01a   Data           2  test_4.o(.data)
    iS_TA10                                  0x2007c01c   Data           2  test_4.o(.data)
    iS_TA11                                  0x2007c01e   Data           2  test_4.o(.data)
    iS_TA12                                  0x2007c020   Data           2  test_4.o(.data)
    iS_TA1                                   0x2007c022   Data           2  test_4.o(.data)
    iS_TA2                                   0x2007c024   Data           2  test_4.o(.data)
    iS_TA3                                   0x2007c026   Data           2  test_4.o(.data)
    iS_TA4                                   0x2007c028   Data           2  test_4.o(.data)
    iS_TA5                                   0x2007c02a   Data           2  test_4.o(.data)
    iS_TA6                                   0x2007c02c   Data           2  test_4.o(.data)
    iS_TA7                                   0x2007c02e   Data           2  test_4.o(.data)
    iS_TA8                                   0x2007c030   Data           2  test_4.o(.data)
    iS_TA9                                   0x2007c032   Data           2  test_4.o(.data)
    iS_Enc                                   0x2007c034   Data           2  test_4.o(.data)
    iFlag_Sim                                0x2007c038   Data           4  test_4.o(.data)
    i7Seg                                    0x2007c03c   Data           2  test_4.o(.data)
    .data                                    0x2007c048   Section       76  glcd_simulation.o(.data)
    ibgCol                                   0x2007c048   Data           2  glcd_simulation.o(.data)
    itextCol                                 0x2007c04a   Data           2  glcd_simulation.o(.data)
    iS_S0                                    0x2007c04c   Data           2  glcd_simulation.o(.data)
    iS_S1                                    0x2007c04e   Data           2  glcd_simulation.o(.data)
    iS_S2                                    0x2007c050   Data           2  glcd_simulation.o(.data)
    iS_S3                                    0x2007c052   Data           2  glcd_simulation.o(.data)
    iS_S4                                    0x2007c054   Data           2  glcd_simulation.o(.data)
    iS_S5                                    0x2007c056   Data           2  glcd_simulation.o(.data)
    iS_S6                                    0x2007c058   Data           2  glcd_simulation.o(.data)
    iS_S7                                    0x2007c05a   Data           2  glcd_simulation.o(.data)
    iS_JST_L                                 0x2007c05c   Data           2  glcd_simulation.o(.data)
    iS_JST_R                                 0x2007c05e   Data           2  glcd_simulation.o(.data)
    iS_JST_U                                 0x2007c060   Data           2  glcd_simulation.o(.data)
    iS_JST_D                                 0x2007c062   Data           2  glcd_simulation.o(.data)
    iS_TA10                                  0x2007c064   Data           2  glcd_simulation.o(.data)
    iS_TA11                                  0x2007c066   Data           2  glcd_simulation.o(.data)
    iS_TA12                                  0x2007c068   Data           2  glcd_simulation.o(.data)
    iS_TA1                                   0x2007c06a   Data           2  glcd_simulation.o(.data)
    iS_TA2                                   0x2007c06c   Data           2  glcd_simulation.o(.data)
    iS_TA3                                   0x2007c06e   Data           2  glcd_simulation.o(.data)
    iS_TA4                                   0x2007c070   Data           2  glcd_simulation.o(.data)
    iS_TA5                                   0x2007c072   Data           2  glcd_simulation.o(.data)
    iS_TA6                                   0x2007c074   Data           2  glcd_simulation.o(.data)
    iS_TA7                                   0x2007c076   Data           2  glcd_simulation.o(.data)
    iS_TA8                                   0x2007c078   Data           2  glcd_simulation.o(.data)
    iS_TA9                                   0x2007c07a   Data           2  glcd_simulation.o(.data)
    iS_Enc                                   0x2007c07c   Data           2  glcd_simulation.o(.data)
    iFlag_Sim                                0x2007c080   Data           4  glcd_simulation.o(.data)
    i7Seg                                    0x2007c084   Data           2  glcd_simulation.o(.data)
    iTA12_time                               0x2007c090   Data           2  glcd_simulation.o(.data)
    iTA12_iz1                                0x2007c092   Data           2  glcd_simulation.o(.data)
    .data                                    0x2007c094   Section       29  lcd.o(.data)
    text_string                              0x2007c094   Data           7  lcd.o(.data)
    text_string                              0x2007c09b   Data           6  lcd.o(.data)
    text_string                              0x2007c0a1   Data           3  lcd.o(.data)
    text_string                              0x2007c0a4   Data           6  lcd.o(.data)
    text_string                              0x2007c0aa   Data           7  lcd.o(.data)
    .data                                    0x2007c0b4   Section        4  system_lpc17xx.o(.data)
    .bss                                     0x2007c0b8   Section      160  glcd_simulation.o(.bss)
    cCol                                     0x2007c0b8   Data         160  glcd_simulation.o(.bss)
    .bss                                     0x2007c158   Section        9  lcd.o(.bss)
    array                                    0x2007c158   Data           9  lcd.o(.bss)
    .bss                                     0x2007c164   Section       96  libspace.o(.bss)
    HEAP                                     0x2007c1c8   Section        0  startup_lpc17xx.o(HEAP)
    Heap_Mem                                 0x2007c1c8   Data           0  startup_lpc17xx.o(HEAP)

    Global Symbols

    Symbol Name                              Value     Ov Type        Size  Object(Section)

    BuildAttributes$$THM_ISAv4$P$D$K$B$S$PE$A:L22UL41UL21$X:L11$S22US41US21$IEEE1$IW$USESV6$~STKCKD$USESV7$~SHL$OSPACE$ROPI$EBA8$UX$STANDARDLIB$REQ8$PRES8$EABIv2 0x00000000   Number         0  anon$$obj.o ABSOLUTE
    __ARM_use_no_argv                        0x00000000   Number         0  test_4.o ABSOLUTE
    __Vectors                                0x00000000   Data           4  startup_lpc17xx.o(RESET)
    __ARM_exceptions_init                     - Undefined Weak Reference
    __alloca_initialize                       - Undefined Weak Reference
    __arm_fini_                               - Undefined Weak Reference
    __arm_preinit_                            - Undefined Weak Reference
    __cpp_initialize__aeabi_                  - Undefined Weak Reference
    __cxa_finalize                            - Undefined Weak Reference
    __rt_locale                               - Undefined Weak Reference
    __sigvec_lookup                           - Undefined Weak Reference
    _atexit_init                              - Undefined Weak Reference
    _call_atexit_fns                          - Undefined Weak Reference
    _clock_init                               - Undefined Weak Reference
    _fp_trap_init                             - Undefined Weak Reference
    _fp_trap_shutdown                         - Undefined Weak Reference
    _get_lc_collate                           - Undefined Weak Reference
    _get_lc_ctype                             - Undefined Weak Reference
    _get_lc_monetary                          - Undefined Weak Reference
    _get_lc_numeric                           - Undefined Weak Reference
    _get_lc_time                              - Undefined Weak Reference
    _getenv_init                              - Undefined Weak Reference
    _handle_redirection                       - Undefined Weak Reference
    _init_alloc                               - Undefined Weak Reference
    _init_user_alloc                          - Undefined Weak Reference
    _initio                                   - Undefined Weak Reference
    _mutex_acquire                            - Undefined Weak Reference
    _mutex_release                            - Undefined Weak Reference
    _printf_mbtowc                            - Undefined Weak Reference
    _printf_post_padding                      - Undefined Weak Reference
    _printf_pre_padding                       - Undefined Weak Reference
    _printf_truncate_signed                   - Undefined Weak Reference
    _printf_truncate_unsigned                 - Undefined Weak Reference
    _rand_init                                - Undefined Weak Reference
    _signal_finish                            - Undefined Weak Reference
    _signal_init                              - Undefined Weak Reference
    _terminate_alloc                          - Undefined Weak Reference
    _terminate_user_alloc                     - Undefined Weak Reference
    _terminateio                              - Undefined Weak Reference
    __main                                   0x000000cd   Thumb Code     8  __main.o(!!!main)
    __scatterload                            0x000000d5   Thumb Code     0  __scatter.o(!!!scatter)
    __scatterload_rt2                        0x000000d5   Thumb Code    44  __scatter.o(!!!scatter)
    __scatterload_rt2_thumb_only             0x000000d5   Thumb Code     0  __scatter.o(!!!scatter)
    __scatterload_null                       0x000000e3   Thumb Code     0  __scatter.o(!!!scatter)
    __scatterload_copy                       0x00000109   Thumb Code    26  __scatter_copy.o(!!handler_copy)
    __scatterload_zeroinit                   0x00000125   Thumb Code    28  __scatter_zi.o(!!handler_zi)
    _printf_i                                0x00000141   Thumb Code     0  _printf_i.o(.ARM.Collect$$_printf_percent$$00000008)
    _printf_percent                          0x00000141   Thumb Code     0  _printf_percent.o(.ARM.Collect$$_printf_percent$$00000000)
    _printf_c                                0x00000147   Thumb Code     0  _printf_c.o(.ARM.Collect$$_printf_percent$$00000013)
    _printf_s                                0x0000014d   Thumb Code     0  _printf_s.o(.ARM.Collect$$_printf_percent$$00000014)
    _printf_percent_end                      0x00000153   Thumb Code     0  _printf_percent_end.o(.ARM.Collect$$_printf_percent$$00000017)
    __rt_lib_init                            0x00000157   Thumb Code     0  libinit.o(.ARM.Collect$$libinit$$00000000)
    __rt_lib_init_alloca_1                   0x00000159   Thumb Code     0  libinit2.o(.ARM.Collect$$libinit$$0000002E)
    __rt_lib_init_argv_1                     0x00000159   Thumb Code     0  libinit2.o(.ARM.Collect$$libinit$$0000002C)
    __rt_lib_init_atexit_1                   0x00000159   Thumb Code     0  libinit2.o(.ARM.Collect$$libinit$$0000001B)
    __rt_lib_init_clock_1                    0x00000159   Thumb Code     0  libinit2.o(.ARM.Collect$$libinit$$00000021)
    __rt_lib_init_cpp_1                      0x00000159   Thumb Code     0  libinit2.o(.ARM.Collect$$libinit$$00000032)
    __rt_lib_init_exceptions_1               0x00000159   Thumb Code     0  libinit2.o(.ARM.Collect$$libinit$$00000030)
    __rt_lib_init_fp_1                       0x00000159   Thumb Code     0  libinit2.o(.ARM.Collect$$libinit$$00000002)
    __rt_lib_init_fp_trap_1                  0x00000159   Thumb Code     0  libinit2.o(.ARM.Collect$$libinit$$0000001F)
    __rt_lib_init_getenv_1                   0x00000159   Thumb Code     0  libinit2.o(.ARM.Collect$$libinit$$00000023)
    __rt_lib_init_heap_1                     0x00000159   Thumb Code     0  libinit2.o(.ARM.Collect$$libinit$$0000000A)
    __rt_lib_init_lc_collate_1               0x00000159   Thumb Code     0  libinit2.o(.ARM.Collect$$libinit$$00000011)
    __rt_lib_init_lc_ctype_1                 0x00000159   Thumb Code     0  libinit2.o(.ARM.Collect$$libinit$$00000013)
    __rt_lib_init_lc_monetary_1              0x00000159   Thumb Code     0  libinit2.o(.ARM.Collect$$libinit$$00000015)
    __rt_lib_init_lc_numeric_1               0x00000159   Thumb Code     0  libinit2.o(.ARM.Collect$$libinit$$00000017)
    __rt_lib_init_lc_time_1                  0x00000159   Thumb Code     0  libinit2.o(.ARM.Collect$$libinit$$00000019)
    __rt_lib_init_preinit_1                  0x00000159   Thumb Code     0  libinit2.o(.ARM.Collect$$libinit$$00000004)
    __rt_lib_init_rand_1                     0x00000159   Thumb Code     0  libinit2.o(.ARM.Collect$$libinit$$0000000E)
    __rt_lib_init_return                     0x00000159   Thumb Code     0  libinit2.o(.ARM.Collect$$libinit$$00000033)
    __rt_lib_init_signal_1                   0x00000159   Thumb Code     0  libinit2.o(.ARM.Collect$$libinit$$0000001D)
    __rt_lib_init_stdio_1                    0x00000159   Thumb Code     0  libinit2.o(.ARM.Collect$$libinit$$00000025)
    __rt_lib_init_user_alloc_1               0x00000159   Thumb Code     0  libinit2.o(.ARM.Collect$$libinit$$0000000C)
    __rt_lib_shutdown                        0x0000015b   Thumb Code     0  libshutdown.o(.ARM.Collect$$libshutdown$$00000000)
    __rt_lib_shutdown_cpp_1                  0x0000015d   Thumb Code     0  libshutdown2.o(.ARM.Collect$$libshutdown$$00000004)
    __rt_lib_shutdown_fini_1                 0x0000015d   Thumb Code     0  libshutdown2.o(.ARM.Collect$$libshutdown$$00000002)
    __rt_lib_shutdown_fp_trap_1              0x0000015d   Thumb Code     0  libshutdown2.o(.ARM.Collect$$libshutdown$$00000009)
    __rt_lib_shutdown_heap_1                 0x0000015d   Thumb Code     0  libshutdown2.o(.ARM.Collect$$libshutdown$$00000011)
    __rt_lib_shutdown_return                 0x0000015d   Thumb Code     0  libshutdown2.o(.ARM.Collect$$libshutdown$$00000012)
    __rt_lib_shutdown_signal_1               0x0000015d   Thumb Code     0  libshutdown2.o(.ARM.Collect$$libshutdown$$0000000C)
    __rt_lib_shutdown_stdio_1                0x0000015d   Thumb Code     0  libshutdown2.o(.ARM.Collect$$libshutdown$$00000006)
    __rt_lib_shutdown_user_alloc_1           0x0000015d   Thumb Code     0  libshutdown2.o(.ARM.Collect$$libshutdown$$0000000E)
    __rt_entry                               0x0000015f   Thumb Code     0  __rtentry.o(.ARM.Collect$$rtentry$$00000000)
    __rt_entry_presh_1                       0x0000015f   Thumb Code     0  __rtentry2.o(.ARM.Collect$$rtentry$$00000002)
    __rt_entry_sh                            0x0000015f   Thumb Code     0  __rtentry4.o(.ARM.Collect$$rtentry$$00000004)
    __rt_entry_li                            0x00000165   Thumb Code     0  __rtentry2.o(.ARM.Collect$$rtentry$$0000000A)
    __rt_entry_postsh_1                      0x00000165   Thumb Code     0  __rtentry2.o(.ARM.Collect$$rtentry$$00000009)
    __rt_entry_main                          0x00000169   Thumb Code     0  __rtentry2.o(.ARM.Collect$$rtentry$$0000000D)
    __rt_entry_postli_1                      0x00000169   Thumb Code     0  __rtentry2.o(.ARM.Collect$$rtentry$$0000000C)
    __rt_exit                                0x00000171   Thumb Code     0  rtexit.o(.ARM.Collect$$rtexit$$00000000)
    __rt_exit_ls                             0x00000173   Thumb Code     0  rtexit2.o(.ARM.Collect$$rtexit$$00000003)
    __rt_exit_prels_1                        0x00000173   Thumb Code     0  rtexit2.o(.ARM.Collect$$rtexit$$00000002)
    __rt_exit_exit                           0x00000177   Thumb Code     0  rtexit2.o(.ARM.Collect$$rtexit$$00000004)
    DAC_Init                                 0x0000017d   Thumb Code    44  dac.o(.text)
    DAC_Out                                  0x000001a9   Thumb Code    10  dac.o(.text)
    Reset_Handler                            0x000001bd   Thumb Code     8  startup_lpc17xx.o(.text)
    NMI_Handler                              0x000001c5   Thumb Code     2  startup_lpc17xx.o(.text)
    HardFault_Handler                        0x000001c7   Thumb Code     2  startup_lpc17xx.o(.text)
    MemManage_Handler                        0x000001c9   Thumb Code     2  startup_lpc17xx.o(.text)
    BusFault_Handler                         0x000001cb   Thumb Code     2  startup_lpc17xx.o(.text)
    UsageFault_Handler                       0x000001cd   Thumb Code     2  startup_lpc17xx.o(.text)
    SVC_Handler                              0x000001cf   Thumb Code     2  startup_lpc17xx.o(.text)
    DebugMon_Handler                         0x000001d1   Thumb Code     2  startup_lpc17xx.o(.text)
    PendSV_Handler                           0x000001d3   Thumb Code     2  startup_lpc17xx.o(.text)
    ADC_IRQHandler                           0x000001d7   Thumb Code     0  startup_lpc17xx.o(.text)
    BOD_IRQHandler                           0x000001d7   Thumb Code     0  startup_lpc17xx.o(.text)
    CANActivity_IRQHandler                   0x000001d7   Thumb Code     0  startup_lpc17xx.o(.text)
    CAN_IRQHandler                           0x000001d7   Thumb Code     0  startup_lpc17xx.o(.text)
    DMA_IRQHandler                           0x000001d7   Thumb Code     0  startup_lpc17xx.o(.text)
    EINT0_IRQHandler                         0x000001d7   Thumb Code     0  startup_lpc17xx.o(.text)
    EINT1_IRQHandler                         0x000001d7   Thumb Code     0  startup_lpc17xx.o(.text)
    EINT2_IRQHandler                         0x000001d7   Thumb Code     0  startup_lpc17xx.o(.text)
    EINT3_IRQHandler                         0x000001d7   Thumb Code     0  startup_lpc17xx.o(.text)
    ENET_IRQHandler                          0x000001d7   Thumb Code     0  startup_lpc17xx.o(.text)
    I2C0_IRQHandler                          0x000001d7   Thumb Code     0  startup_lpc17xx.o(.text)
    I2C1_IRQHandler                          0x000001d7   Thumb Code     0  startup_lpc17xx.o(.text)
    I2C2_IRQHandler                          0x000001d7   Thumb Code     0  startup_lpc17xx.o(.text)
    I2S_IRQHandler                           0x000001d7   Thumb Code     0  startup_lpc17xx.o(.text)
    MCPWM_IRQHandler                         0x000001d7   Thumb Code     0  startup_lpc17xx.o(.text)
    PLL0_IRQHandler                          0x000001d7   Thumb Code     0  startup_lpc17xx.o(.text)
    PLL1_IRQHandler                          0x000001d7   Thumb Code     0  startup_lpc17xx.o(.text)
    PWM1_IRQHandler                          0x000001d7   Thumb Code     0  startup_lpc17xx.o(.text)
    QEI_IRQHandler                           0x000001d7   Thumb Code     0  startup_lpc17xx.o(.text)
    RIT_IRQHandler                           0x000001d7   Thumb Code     0  startup_lpc17xx.o(.text)
    RTC_IRQHandler                           0x000001d7   Thumb Code     0  startup_lpc17xx.o(.text)
    SPI_IRQHandler                           0x000001d7   Thumb Code     0  startup_lpc17xx.o(.text)
    SSP0_IRQHandler                          0x000001d7   Thumb Code     0  startup_lpc17xx.o(.text)
    SSP1_IRQHandler                          0x000001d7   Thumb Code     0  startup_lpc17xx.o(.text)
    TIMER0_IRQHandler                        0x000001d7   Thumb Code     0  startup_lpc17xx.o(.text)
    TIMER1_IRQHandler                        0x000001d7   Thumb Code     0  startup_lpc17xx.o(.text)
    TIMER2_IRQHandler                        0x000001d7   Thumb Code     0  startup_lpc17xx.o(.text)
    TIMER3_IRQHandler                        0x000001d7   Thumb Code     0  startup_lpc17xx.o(.text)
    UART0_IRQHandler                         0x000001d7   Thumb Code     0  startup_lpc17xx.o(.text)
    UART1_IRQHandler                         0x000001d7   Thumb Code     0  startup_lpc17xx.o(.text)
    UART2_IRQHandler                         0x000001d7   Thumb Code     0  startup_lpc17xx.o(.text)
    UART3_IRQHandler                         0x000001d7   Thumb Code     0  startup_lpc17xx.o(.text)
    USBActivity_IRQHandler                   0x000001d7   Thumb Code     0  startup_lpc17xx.o(.text)
    USB_IRQHandler                           0x000001d7   Thumb Code     0  startup_lpc17xx.o(.text)
    WDT_IRQHandler                           0x000001d7   Thumb Code     0  startup_lpc17xx.o(.text)
    __user_initial_stackheap                 0x000001d9   Thumb Code     0  startup_lpc17xx.o(.text)
    __aeabi_uldivmod                         0x000001f9   Thumb Code     0  lludivv7m.o(.text)
    _ll_udiv                                 0x000001f9   Thumb Code   238  lludivv7m.o(.text)
    __use_two_region_memory                  0x000002e7   Thumb Code     2  heapauxi.o(.text)
    __rt_heap_escrow$2region                 0x000002e9   Thumb Code     2  heapauxi.o(.text)
    __rt_heap_expand$2region                 0x000002eb   Thumb Code     2  heapauxi.o(.text)
    ferror                                   0x000002ed   Thumb Code     8  ferror.o(.text)
    __user_libspace                          0x000002f5   Thumb Code     8  libspace.o(.text)
    __user_perproc_libspace                  0x000002f5   Thumb Code     0  libspace.o(.text)
    __user_perthread_libspace                0x000002f5   Thumb Code     0  libspace.o(.text)
    SysTick_Handler                          0x00000301   Thumb Code    70  test_4.o(.text)
    main                                     0x00000347   Thumb Code   238  test_4.o(.text)
    fputc                                    0x000004c5   Thumb Code    30  glcd_simulation.o(.text)
    ClearScreen                              0x000004e3   Thumb Code    14  glcd_simulation.o(.text)
    SetCursorPosition                        0x000004f1   Thumb Code    20  glcd_simulation.o(.text)
    DeleteLineRight                          0x00000505   Thumb Code    12  glcd_simulation.o(.text)
    wait                                     0x00000511   Thumb Code    12  glcd_simulation.o(.text)
    GLCD_S_Init                              0x0000051d   Thumb Code  1516  glcd_simulation.o(.text)
    GLCD_S_DisplayString                     0x00000b09   Thumb Code   184  glcd_simulation.o(.text)
    GLCD_S_SetTextColor                      0x00000bc1   Thumb Code   264  glcd_simulation.o(.text)
    GLCD_S_SetBackColor                      0x00000cc9   Thumb Code   264  glcd_simulation.o(.text)
    GLCD_S_Simulation                        0x00000dd1   Thumb Code  4626  glcd_simulation.o(.text)
    GLCD_S_SetWindow                         0x00001fe3   Thumb Code     2  glcd_simulation.o(.text)
    GLCD_S_WindowMax                         0x00001fe5   Thumb Code     2  glcd_simulation.o(.text)
    GLCD_S_PutPixel                          0x00001fe7   Thumb Code     2  glcd_simulation.o(.text)
    GLCD_S_ClearLn                           0x00001fe9   Thumb Code    48  glcd_simulation.o(.text)
    GLCD_S_Clear                             0x00002019   Thumb Code   286  glcd_simulation.o(.text)
    GLCD_S_DrawChar                          0x00002137   Thumb Code    30  glcd_simulation.o(.text)
    GLCD_S_DisplayChar                       0x00002155   Thumb Code    34  glcd_simulation.o(.text)
    GLCD_S_Bargraph                          0x00002177   Thumb Code   264  glcd_simulation.o(.text)
    GLCD_S_Bitmap                            0x0000227f   Thumb Code     6  glcd_simulation.o(.text)
    GLCD_S_ScrollVertical                    0x00002285   Thumb Code     2  glcd_simulation.o(.text)
    GLCD_S_WrCmd                             0x00002287   Thumb Code     2  glcd_simulation.o(.text)
    GLCD_S_WrReg                             0x00002289   Thumb Code     2  glcd_simulation.o(.text)
    GLCD_S_WrDat                             0x0000228b   Thumb Code     2  glcd_simulation.o(.text)
    lcd_bin                                  0x00002299   Thumb Code    72  lcd.o(.text)
    lcd_hex                                  0x000022e1   Thumb Code    94  lcd.o(.text)
    lcd_dez                                  0x0000233f   Thumb Code   144  lcd.o(.text)
    lcd_dez2                                 0x000023cf   Thumb Code    68  lcd.o(.text)
    AD_volt                                  0x00002413   Thumb Code   124  lcd.o(.text)
    TempConv                                 0x0000248f   Thumb Code   142  lcd.o(.text)
    SystemCoreClockUpdate                    0x0000257d   Thumb Code   408  system_lpc17xx.o(.text)
    SystemInit                               0x00002715   Thumb Code   314  system_lpc17xx.o(.text)
    __2printf                                0x0000286d   Thumb Code    20  noretval__2printf.o(.text)
    __printf                                 0x00002885   Thumb Code   104  __printf.o(.text)
    _printf_str                              0x000028ed   Thumb Code    82  _printf_str.o(.text)
    _printf_int_dec                          0x00002941   Thumb Code   104  _printf_dec.o(.text)
    strcpy                                   0x000029b9   Thumb Code    72  strcpy.o(.text)
    __aeabi_memcpy4                          0x00002a01   Thumb Code     0  rt_memcpy_w.o(.text)
    __aeabi_memcpy8                          0x00002a01   Thumb Code     0  rt_memcpy_w.o(.text)
    __rt_memcpy_w                            0x00002a01   Thumb Code   100  rt_memcpy_w.o(.text)
    _memcpy_lastbytes_aligned                0x00002a49   Thumb Code     0  rt_memcpy_w.o(.text)
    _printf_int_common                       0x00002a65   Thumb Code   178  _printf_intcommon.o(.text)
    _printf_cs_common                        0x00002b17   Thumb Code    20  _printf_char.o(.text)
    _printf_char                             0x00002b2b   Thumb Code    16  _printf_char.o(.text)
    _printf_string                           0x00002b3b   Thumb Code     8  _printf_char.o(.text)
    _printf_char_file                        0x00002b45   Thumb Code    32  _printf_char_file.o(.text)
    _printf_char_common                      0x00002b73   Thumb Code    32  _printf_char_common.o(.text)
    __user_setup_stackheap                   0x00002b99   Thumb Code    74  sys_stackheap_outer.o(.text)
    exit                                     0x00002be3   Thumb Code    18  exit.o(.text)
    _sys_exit                                0x00002bf5   Thumb Code     8  sys_exit.o(.text)
    __I$use$semihosting                      0x00002c01   Thumb Code     0  use_no_semi.o(.text)
    __use_no_semihosting_swi                 0x00002c01   Thumb Code     2  use_no_semi.o(.text)
    __fpl_dcmp_Inf                           0x00002c03   Thumb Code    24  dcmpi.o(x$fpl$dcmpinf)
    __semihosting_library_function           0x00002c03   Thumb Code     0  indicate_semi.o(.text)
    __aeabi_cdcmple                          0x00002c1d   Thumb Code     0  dleqf.o(x$fpl$dleqf)
    _dcmple                                  0x00002c1d   Thumb Code   120  dleqf.o(x$fpl$dleqf)
    __fpl_dcmple_InfNaN                      0x00002c7f   Thumb Code     0  dleqf.o(x$fpl$dleqf)
    __fpl_dnaninf                            0x00002c95   Thumb Code   156  dnaninf.o(x$fpl$dnaninf)
    __fpl_dretinf                            0x00002d31   Thumb Code    12  dretinf.o(x$fpl$dretinf)
    __aeabi_cdrcmple                         0x00002d3d   Thumb Code     0  drleqf.o(x$fpl$drleqf)
    _drcmple                                 0x00002d3d   Thumb Code   108  drleqf.o(x$fpl$drleqf)
    __aeabi_f2d                              0x00002da9   Thumb Code     0  f2d.o(x$fpl$f2d)
    _f2d                                     0x00002da9   Thumb Code    86  f2d.o(x$fpl$f2d)
    __aeabi_fadd                             0x00002e01   Thumb Code     0  faddsub_clz.o(x$fpl$fadd)
    _fadd                                    0x00002e01   Thumb Code   196  faddsub_clz.o(x$fpl$fadd)
    __aeabi_fdiv                             0x00002ec5   Thumb Code     0  fdiv.o(x$fpl$fdiv)
    _fdiv                                    0x00002ec5   Thumb Code   384  fdiv.o(x$fpl$fdiv)
    __aeabi_f2uiz                            0x00003049   Thumb Code     0  ffixu.o(x$fpl$ffixu)
    _ffixu                                   0x00003049   Thumb Code    62  ffixu.o(x$fpl$ffixu)
    __aeabi_ui2f                             0x00003089   Thumb Code     0  fflt_clz.o(x$fpl$ffltu)
    _ffltu                                   0x00003089   Thumb Code    38  fflt_clz.o(x$fpl$ffltu)
    __aeabi_fmul                             0x000030b1   Thumb Code     0  fmul.o(x$fpl$fmul)
    _fmul                                    0x000030b1   Thumb Code   258  fmul.o(x$fpl$fmul)
    __fpl_fnaninf                            0x000031b3   Thumb Code   140  fnaninf.o(x$fpl$fnaninf)
    __fpl_fretinf                            0x0000323f   Thumb Code    10  fretinf.o(x$fpl$fretinf)
    __aeabi_fsub                             0x00003249   Thumb Code     0  faddsub_clz.o(x$fpl$fsub)
    _fsub                                    0x00003249   Thumb Code   234  faddsub_clz.o(x$fpl$fsub)
    __I$use$fp                               0x00003332   Number         0  usenofp.o(x$fpl$usenofp)
    Region$$Table$$Base                      0x00003334   Number         0  anon$$obj.o(Region$$Table)
    Region$$Table$$Limit                     0x00003364   Number         0  anon$$obj.o(Region$$Table)
    value                                    0x2007c040   Data           4  test_4.o(.data)
    up                                       0x2007c044   Data           4  test_4.o(.data)
    __stdout                                 0x2007c088   Data           4  glcd_simulation.o(.data)
    __stdin                                  0x2007c08c   Data           4  glcd_simulation.o(.data)
    SystemCoreClock                          0x2007c0b4   Data           4  system_lpc17xx.o(.data)
    __libspace_start                         0x2007c164   Data          96  libspace.o(.bss)
    __temporary_stack_top$libspace           0x2007c1c4   Data           0  libspace.o(.bss)



==============================================================================

Memory Map of the image

  Image Entry point : 0x000000cd

  Load Region LR_IROM1 (Base: 0x00000000, Size: 0x0000341c, Max: 0x00080000, ABSOLUTE)

    Execution Region ER_IROM1 (Exec base: 0x00000000, Load base: 0x00000000, Size: 0x00003364, Max: 0x00080000, ABSOLUTE)

    Exec Addr    Load Addr    Size         Type   Attr      Idx    E Section Name        Object

    0x00000000   0x00000000   0x000000cc   Data   RO          381    RESET               startup_lpc17xx.o
    0x000000cc   0x000000cc   0x00000008   Code   RO          463  * !!!main             c_w.l(__main.o)
    0x000000d4   0x000000d4   0x00000034   Code   RO          686    !!!scatter          c_w.l(__scatter.o)
    0x00000108   0x00000108   0x0000001a   Code   RO          688    !!handler_copy      c_w.l(__scatter_copy.o)
    0x00000122   0x00000122   0x00000002   PAD
    0x00000124   0x00000124   0x0000001c   Code   RO          690    !!handler_zi        c_w.l(__scatter_zi.o)
    0x00000140   0x00000140   0x00000000   Code   RO          456    .ARM.Collect$$_printf_percent$$00000000  c_w.l(_printf_percent.o)
    0x00000140   0x00000140   0x00000006   Code   RO          455    .ARM.Collect$$_printf_percent$$00000008  c_w.l(_printf_i.o)
    0x00000146   0x00000146   0x00000006   Code   RO          453    .ARM.Collect$$_printf_percent$$00000013  c_w.l(_printf_c.o)
    0x0000014c   0x0000014c   0x00000006   Code   RO          454    .ARM.Collect$$_printf_percent$$00000014  c_w.l(_printf_s.o)
    0x00000152   0x00000152   0x00000004   Code   RO          502    .ARM.Collect$$_printf_percent$$00000017  c_w.l(_printf_percent_end.o)
    0x00000156   0x00000156   0x00000002   Code   RO          554    .ARM.Collect$$libinit$$00000000  c_w.l(libinit.o)
    0x00000158   0x00000158   0x00000000   Code   RO          567    .ARM.Collect$$libinit$$00000002  c_w.l(libinit2.o)
    0x00000158   0x00000158   0x00000000   Code   RO          569    .ARM.Collect$$libinit$$00000004  c_w.l(libinit2.o)
    0x00000158   0x00000158   0x00000000   Code   RO          572    .ARM.Collect$$libinit$$0000000A  c_w.l(libinit2.o)
    0x00000158   0x00000158   0x00000000   Code   RO          574    .ARM.Collect$$libinit$$0000000C  c_w.l(libinit2.o)
    0x00000158   0x00000158   0x00000000   Code   RO          576    .ARM.Collect$$libinit$$0000000E  c_w.l(libinit2.o)
    0x00000158   0x00000158   0x00000000   Code   RO          579    .ARM.Collect$$libinit$$00000011  c_w.l(libinit2.o)
    0x00000158   0x00000158   0x00000000   Code   RO          581    .ARM.Collect$$libinit$$00000013  c_w.l(libinit2.o)
    0x00000158   0x00000158   0x00000000   Code   RO          583    .ARM.Collect$$libinit$$00000015  c_w.l(libinit2.o)
    0x00000158   0x00000158   0x00000000   Code   RO          585    .ARM.Collect$$libinit$$00000017  c_w.l(libinit2.o)
    0x00000158   0x00000158   0x00000000   Code   RO          587    .ARM.Collect$$libinit$$00000019  c_w.l(libinit2.o)
    0x00000158   0x00000158   0x00000000   Code   RO          589    .ARM.Collect$$libinit$$0000001B  c_w.l(libinit2.o)
    0x00000158   0x00000158   0x00000000   Code   RO          591    .ARM.Collect$$libinit$$0000001D  c_w.l(libinit2.o)
    0x00000158   0x00000158   0x00000000   Code   RO          593    .ARM.Collect$$libinit$$0000001F  c_w.l(libinit2.o)
    0x00000158   0x00000158   0x00000000   Code   RO          595    .ARM.Collect$$libinit$$00000021  c_w.l(libinit2.o)
    0x00000158   0x00000158   0x00000000   Code   RO          597    .ARM.Collect$$libinit$$00000023  c_w.l(libinit2.o)
    0x00000158   0x00000158   0x00000000   Code   RO          599    .ARM.Collect$$libinit$$00000025  c_w.l(libinit2.o)
    0x00000158   0x00000158   0x00000000   Code   RO          603    .ARM.Collect$$libinit$$0000002C  c_w.l(libinit2.o)
    0x00000158   0x00000158   0x00000000   Code   RO          605    .ARM.Collect$$libinit$$0000002E  c_w.l(libinit2.o)
    0x00000158   0x00000158   0x00000000   Code   RO          607    .ARM.Collect$$libinit$$00000030  c_w.l(libinit2.o)
    0x00000158   0x00000158   0x00000000   Code   RO          609    .ARM.Collect$$libinit$$00000032  c_w.l(libinit2.o)
    0x00000158   0x00000158   0x00000002   Code   RO          610    .ARM.Collect$$libinit$$00000033  c_w.l(libinit2.o)
    0x0000015a   0x0000015a   0x00000002   Code   RO          641    .ARM.Collect$$libshutdown$$00000000  c_w.l(libshutdown.o)
    0x0000015c   0x0000015c   0x00000000   Code   RO          667    .ARM.Collect$$libshutdown$$00000002  c_w.l(libshutdown2.o)
    0x0000015c   0x0000015c   0x00000000   Code   RO          669    .ARM.Collect$$libshutdown$$00000004  c_w.l(libshutdown2.o)
    0x0000015c   0x0000015c   0x00000000   Code   RO          671    .ARM.Collect$$libshutdown$$00000006  c_w.l(libshutdown2.o)
    0x0000015c   0x0000015c   0x00000000   Code   RO          674    .ARM.Collect$$libshutdown$$00000009  c_w.l(libshutdown2.o)
    0x0000015c   0x0000015c   0x00000000   Code   RO          677    .ARM.Collect$$libshutdown$$0000000C  c_w.l(libshutdown2.o)
    0x0000015c   0x0000015c   0x00000000   Code   RO          679    .ARM.Collect$$libshutdown$$0000000E  c_w.l(libshutdown2.o)
    0x0000015c   0x0000015c   0x00000000   Code   RO          682    .ARM.Collect$$libshutdown$$00000011  c_w.l(libshutdown2.o)
    0x0000015c   0x0000015c   0x00000002   Code   RO          683    .ARM.Collect$$libshutdown$$00000012  c_w.l(libshutdown2.o)
    0x0000015e   0x0000015e   0x00000000   Code   RO          491    .ARM.Collect$$rtentry$$00000000  c_w.l(__rtentry.o)
    0x0000015e   0x0000015e   0x00000000   Code   RO          513    .ARM.Collect$$rtentry$$00000002  c_w.l(__rtentry2.o)
    0x0000015e   0x0000015e   0x00000006   Code   RO          525    .ARM.Collect$$rtentry$$00000004  c_w.l(__rtentry4.o)
    0x00000164   0x00000164   0x00000000   Code   RO          515    .ARM.Collect$$rtentry$$00000009  c_w.l(__rtentry2.o)
    0x00000164   0x00000164   0x00000004   Code   RO          516    .ARM.Collect$$rtentry$$0000000A  c_w.l(__rtentry2.o)
    0x00000168   0x00000168   0x00000000   Code   RO          518    .ARM.Collect$$rtentry$$0000000C  c_w.l(__rtentry2.o)
    0x00000168   0x00000168   0x00000008   Code   RO          519    .ARM.Collect$$rtentry$$0000000D  c_w.l(__rtentry2.o)
    0x00000170   0x00000170   0x00000002   Code   RO          558    .ARM.Collect$$rtexit$$00000000  c_w.l(rtexit.o)
    0x00000172   0x00000172   0x00000000   Code   RO          614    .ARM.Collect$$rtexit$$00000002  c_w.l(rtexit2.o)
    0x00000172   0x00000172   0x00000004   Code   RO          615    .ARM.Collect$$rtexit$$00000003  c_w.l(rtexit2.o)
    0x00000176   0x00000176   0x00000006   Code   RO          616    .ARM.Collect$$rtexit$$00000004  c_w.l(rtexit2.o)
    0x0000017c   0x0000017c   0x00000040   Code   RO          358    .text               dac.o
    0x000001bc   0x000001bc   0x0000003c   Code   RO          383    .text               startup_lpc17xx.o
    0x000001f8   0x000001f8   0x000000ee   Code   RO          421    .text               c_w.l(lludivv7m.o)
    0x000002e6   0x000002e6   0x00000006   Code   RO          461    .text               c_w.l(heapauxi.o)
    0x000002ec   0x000002ec   0x00000008   Code   RO          531    .text               c_w.l(ferror.o)
    0x000002f4   0x000002f4   0x00000008   Code   RO          555    .text               c_w.l(libspace.o)
    0x000002fc   0x000002fc   0x00000004   Code   RO          382    .ARM.__at_0x02FC    startup_lpc17xx.o
    0x00000300   0x00000300   0x000001c4   Code   RO            4    .text               test_4.o
    0x000004c4   0x000004c4   0x00001dd4   Code   RO           95    .text               glcd_simulation.o
    0x00002298   0x00002298   0x000002e4   Code   RO          138    .text               lcd.o
    0x0000257c   0x0000257c   0x000002f0   Code   RO          392    .text               system_lpc17xx.o
    0x0000286c   0x0000286c   0x00000018   Code   RO          425    .text               c_w.l(noretval__2printf.o)
    0x00002884   0x00002884   0x00000068   Code   RO          427    .text               c_w.l(__printf.o)
    0x000028ec   0x000028ec   0x00000052   Code   RO          429    .text               c_w.l(_printf_str.o)
    0x0000293e   0x0000293e   0x00000002   PAD
    0x00002940   0x00002940   0x00000078   Code   RO          431    .text               c_w.l(_printf_dec.o)
    0x000029b8   0x000029b8   0x00000048   Code   RO          457    .text               c_w.l(strcpy.o)
    0x00002a00   0x00002a00   0x00000064   Code   RO          459    .text               c_w.l(rt_memcpy_w.o)
    0x00002a64   0x00002a64   0x000000b2   Code   RO          496    .text               c_w.l(_printf_intcommon.o)
    0x00002b16   0x00002b16   0x0000002c   Code   RO          498    .text               c_w.l(_printf_char.o)
    0x00002b42   0x00002b42   0x00000002   PAD
    0x00002b44   0x00002b44   0x00000024   Code   RO          500    .text               c_w.l(_printf_char_file.o)
    0x00002b68   0x00002b68   0x00000030   Code   RO          529    .text               c_w.l(_printf_char_common.o)
    0x00002b98   0x00002b98   0x0000004a   Code   RO          539    .text               c_w.l(sys_stackheap_outer.o)
    0x00002be2   0x00002be2   0x00000012   Code   RO          543    .text               c_w.l(exit.o)
    0x00002bf4   0x00002bf4   0x0000000c   Code   RO          611    .text               c_w.l(sys_exit.o)
    0x00002c00   0x00002c00   0x00000002   Code   RO          630    .text               c_w.l(use_no_semi.o)
    0x00002c02   0x00002c02   0x00000000   Code   RO          632    .text               c_w.l(indicate_semi.o)
    0x00002c02   0x00002c02   0x00000018   Code   RO          535    x$fpl$dcmpinf       fz_ws.l(dcmpi.o)
    0x00002c1a   0x00002c1a   0x00000002   PAD
    0x00002c1c   0x00002c1c   0x00000078   Code   RO          503    x$fpl$dleqf         fz_ws.l(dleqf.o)
    0x00002c94   0x00002c94   0x0000009c   Code   RO          537    x$fpl$dnaninf       fz_ws.l(dnaninf.o)
    0x00002d30   0x00002d30   0x0000000c   Code   RO          505    x$fpl$dretinf       fz_ws.l(dretinf.o)
    0x00002d3c   0x00002d3c   0x0000006c   Code   RO          465    x$fpl$drleqf        fz_ws.l(drleqf.o)
    0x00002da8   0x00002da8   0x00000056   Code   RO          467    x$fpl$f2d           fz_ws.l(f2d.o)
    0x00002dfe   0x00002dfe   0x00000002   PAD
    0x00002e00   0x00002e00   0x000000c4   Code   RO          469    x$fpl$fadd          fz_ws.l(faddsub_clz.o)
    0x00002ec4   0x00002ec4   0x00000184   Code   RO          476    x$fpl$fdiv          fz_ws.l(fdiv.o)
    0x00003048   0x00003048   0x0000003e   Code   RO          479    x$fpl$ffixu         fz_ws.l(ffixu.o)
    0x00003086   0x00003086   0x00000002   PAD
    0x00003088   0x00003088   0x00000026   Code   RO          483    x$fpl$ffltu         fz_ws.l(fflt_clz.o)
    0x000030ae   0x000030ae   0x00000002   PAD
    0x000030b0   0x000030b0   0x00000102   Code   RO          489    x$fpl$fmul          fz_ws.l(fmul.o)
    0x000031b2   0x000031b2   0x0000008c   Code   RO          507    x$fpl$fnaninf       fz_ws.l(fnaninf.o)
    0x0000323e   0x0000323e   0x0000000a   Code   RO          509    x$fpl$fretinf       fz_ws.l(fretinf.o)
    0x00003248   0x00003248   0x000000ea   Code   RO          471    x$fpl$fsub          fz_ws.l(faddsub_clz.o)
    0x00003332   0x00003332   0x00000000   Code   RO          511    x$fpl$usenofp       fz_ws.l(usenofp.o)
    0x00003332   0x00003332   0x00000002   PAD
    0x00003334   0x00003334   0x00000030   Data   RO          684    Region$$Table       anon$$obj.o


    Execution Region RW_IRAM1 (Exec base: 0x10000000, Load base: 0x00003364, Size: 0x00000200, Max: 0x00008000, ABSOLUTE)

    Exec Addr    Load Addr    Size         Type   Attr      Idx    E Section Name        Object

    0x10000000        -       0x00000200   Zero   RW          379    STACK               startup_lpc17xx.o


    Execution Region RW_IRAM2 (Exec base: 0x2007c000, Load base: 0x00003364, Size: 0x000001c8, Max: 0x00008000, ABSOLUTE)

    Exec Addr    Load Addr    Size         Type   Attr      Idx    E Section Name        Object

    0x2007c000   0x00003364   0x00000048   Data   RW            6    .data               test_4.o
    0x2007c048   0x000033ac   0x0000004c   Data   RW           97    .data               glcd_simulation.o
    0x2007c094   0x000033f8   0x0000001d   Data   RW          140    .data               lcd.o
    0x2007c0b1   0x00003415   0x00000003   PAD
    0x2007c0b4   0x00003418   0x00000004   Data   RW          393    .data               system_lpc17xx.o
    0x2007c0b8        -       0x000000a0   Zero   RW           96    .bss                glcd_simulation.o
    0x2007c158        -       0x00000009   Zero   RW          139    .bss                lcd.o
    0x2007c161   0x0000341c   0x00000003   PAD
    0x2007c164        -       0x00000060   Zero   RW          556    .bss                c_w.l(libspace.o)
    0x2007c1c4   0x0000341c   0x00000004   PAD
    0x2007c1c8        -       0x00000000   Zero   RW          380    HEAP                startup_lpc17xx.o


==============================================================================

Image component sizes


      Code (inc. data)   RO Data    RW Data    ZI Data      Debug   Object Name

        64         10          0          0          0        619   dac.o
      7636        836          0         76        160      12720   glcd_simulation.o
       740         96          0         29          9       2080   lcd.o
        64         26        204          0        512       1012   startup_lpc17xx.o
       752         30          0          4          0       1093   system_lpc17xx.o
       452        144          0         72          0      50113   test_4.o

    ----------------------------------------------------------------------
      9708       1142        252        184        684      67637   Object Totals
         0          0         48          0          0          0   (incl. Generated)
         0          0          0          3          3          0   (incl. Padding)

    ----------------------------------------------------------------------

      Code (inc. data)   RO Data    RW Data    ZI Data      Debug   Library Member Name

         8          0          0          0          0         68   __main.o
       104          0          0          0          0         84   __printf.o
         0          0          0          0          0          0   __rtentry.o
        12          0          0          0          0          0   __rtentry2.o
         6          0          0          0          0          0   __rtentry4.o
        52          8          0          0          0          0   __scatter.o
        26          0          0          0          0          0   __scatter_copy.o
        28          0          0          0          0          0   __scatter_zi.o
         6          0          0          0          0          0   _printf_c.o
        44          0          0          0          0        108   _printf_char.o
        48          6          0          0          0         96   _printf_char_common.o
        36          4          0          0          0         80   _printf_char_file.o
       120         16          0          0          0         92   _printf_dec.o
         6          0          0          0          0          0   _printf_i.o
       178          0          0          0          0         88   _printf_intcommon.o
         0          0          0          0          0          0   _printf_percent.o
         4          0          0          0          0          0   _printf_percent_end.o
         6          0          0          0          0          0   _printf_s.o
        82          0          0          0          0         80   _printf_str.o
        18          0          0          0          0         80   exit.o
         8          0          0          0          0         68   ferror.o
         6          0          0          0          0        152   heapauxi.o
         0          0          0          0          0          0   indicate_semi.o
         2          0          0          0          0          0   libinit.o
         2          0          0          0          0          0   libinit2.o
         2          0          0          0          0          0   libshutdown.o
         2          0          0          0          0          0   libshutdown2.o
         8          4          0          0         96         68   libspace.o
       238          0          0          0          0        100   lludivv7m.o
        24          4          0          0          0         84   noretval__2printf.o
       100          0          0          0          0         80   rt_memcpy_w.o
         2          0          0          0          0          0   rtexit.o
        10          0          0          0          0          0   rtexit2.o
        72          0          0          0          0         80   strcpy.o
        12          4          0          0          0         68   sys_exit.o
        74          0          0          0          0         80   sys_stackheap_outer.o
         2          0          0          0          0         68   use_no_semi.o
        24          0          0          0          0         68   dcmpi.o
       120          4          0          0          0         92   dleqf.o
       156          4          0          0          0         92   dnaninf.o
        12          0          0          0          0         68   dretinf.o
       108          0          0          0          0         80   drleqf.o
        86          4          0          0          0         84   f2d.o
       430          8          0          0          0        168   faddsub_clz.o
       388         76          0          0          0         96   fdiv.o
        62          4          0          0          0         84   ffixu.o
        38          0          0          0          0         68   fflt_clz.o
       258          4          0          0          0         84   fmul.o
       140          4          0          0          0         84   fnaninf.o
        10          0          0          0          0         68   fretinf.o
         0          0          0          0          0          0   usenofp.o

    ----------------------------------------------------------------------
      3196        154          0          0        100       2760   Library Totals
        16          0          0          0          4          0   (incl. Padding)

    ----------------------------------------------------------------------

      Code (inc. data)   RO Data    RW Data    ZI Data      Debug   Library Name

      1348         46          0          0         96       1624   c_w.l
      1832        108          0          0          0       1136   fz_ws.l

    ----------------------------------------------------------------------
      3196        154          0          0        100       2760   Library Totals

    ----------------------------------------------------------------------

==============================================================================


      Code (inc. data)   RO Data    RW Data    ZI Data      Debug   

     12904       1296        252        184        784      68521   Grand Totals
     12904       1296        252        184        784      68521   ELF Image Totals
     12904       1296        252        184          0          0   ROM Totals

==============================================================================

    Total RO  Size (Code + RO Data)                13156 (  12.85kB)
    Total RW  Size (RW Data + ZI Data)               968 (   0.95kB)
    Total ROM Size (Code + RO Data + RW Data)      13340 (  13.03kB)

==============================================================================

