Component: ARM Compiler 5.06 update 7 (build 960) Tool: armlink [4d3601]

==============================================================================

Section Cross References

    test_5.o(.text) refers to glcd_simulation.o(.text) for GLCD_S_Init
    test_5.o(.text) refers to timer.o(.text) for Timer_Init
    test_5.o(.text) refers to lcd.o(.text) for lcd_dez
    test_5.o(.text) refers to test_5.o(.data) for period
    glcd_simulation.o(.text) refers to _printf_percent.o(.ARM.Collect$$_printf_percent$$00000000) for _printf_percent
    glcd_simulation.o(.text) refers to _printf_c.o(.ARM.Collect$$_printf_percent$$00000013) for _printf_c
    glcd_simulation.o(.text) refers to _printf_str.o(.text) for _printf_str
    glcd_simulation.o(.text) refers to _printf_i.o(.ARM.Collect$$_printf_percent$$00000008) for _printf_i
    glcd_simulation.o(.text) refers to _printf_dec.o(.text) for _printf_int_dec
    glcd_simulation.o(.text) refers to _printf_s.o(.ARM.Collect$$_printf_percent$$00000014) for _printf_s
    glcd_simulation.o(.text) refers to noretval__2printf.o(.text) for __2printf
    glcd_simulation.o(.text) refers to strcpy.o(.text) for strcpy
    glcd_simulation.o(.text) refers to glcd_simulation.o(.data) for ibgCol
    glcd_simulation.o(.text) refers to glcd_simulation.o(.bss) for cCol
    glcd_simulation.o(.text) refers to fflt_clz.o(x$fpl$ffltu) for __aeabi_ui2f
    glcd_simulation.o(.text) refers to fdiv.o(x$fpl$fdiv) for __aeabi_fdiv
    glcd_simulation.o(.text) refers to fmul.o(x$fpl$fmul) for __aeabi_fmul
    glcd_simulation.o(.text) refers to ffixu.o(x$fpl$ffixu) for __aeabi_f2uiz
    glcd_simulation.o(.text) refers to faddsub_clz.o(x$fpl$fsub) for __aeabi_fsub
    glcd_simulation.o(.text) refers to f2d.o(x$fpl$f2d) for __aeabi_f2d
    glcd_simulation.o(.text) refers to drleqf.o(x$fpl$drleqf) for __aeabi_cdrcmple
    keys.o(.text) refers to gpio.o(.text) for GPIOSetDir
    lcd.o(.text) refers to rt_memcpy_w.o(.text) for __aeabi_memcpy4
    lcd.o(.text) refers to lcd.o(.bss) for array
    lcd.o(.text) refers to lcd.o(.data) for text_string
    led.o(.text) refers to gpio.o(.text) for GPIOSetDir
    timer.o(.text) refers to system_lpc17xx.o(.text) for SystemCoreClockUpdate
    timer.o(.text) refers to system_lpc17xx.o(.data) for SystemCoreClock
    startup_lpc17xx.o(STACK) refers (Special) to heapauxi.o(.text) for __use_two_region_memory
    startup_lpc17xx.o(HEAP) refers (Special) to heapauxi.o(.text) for __use_two_region_memory
    startup_lpc17xx.o(RESET) refers (Special) to heapauxi.o(.text) for __use_two_region_memory
    startup_lpc17xx.o(RESET) refers to startup_lpc17xx.o(STACK) for __initial_sp
    startup_lpc17xx.o(RESET) refers to startup_lpc17xx.o(.text) for Reset_Handler
    startup_lpc17xx.o(RESET) refers to test_5.o(.text) for TIMER0_IRQHandler
    startup_lpc17xx.o(.ARM.__at_0x02FC) refers (Special) to heapauxi.o(.text) for __use_two_region_memory
    startup_lpc17xx.o(.text) refers (Special) to heapauxi.o(.text) for __use_two_region_memory
    startup_lpc17xx.o(.text) refers to system_lpc17xx.o(.text) for SystemInit
    startup_lpc17xx.o(.text) refers to __main.o(!!!main) for __main
    startup_lpc17xx.o(.text) refers to startup_lpc17xx.o(HEAP) for Heap_Mem
    startup_lpc17xx.o(.text) refers to startup_lpc17xx.o(STACK) for Stack_Mem
    system_lpc17xx.o(.text) refers to lludivv7m.o(.text) for __aeabi_uldivmod
    system_lpc17xx.o(.text) refers to system_lpc17xx.o(.data) for SystemCoreClock
    __2printf.o(.text) refers to _printf_char_file.o(.text) for _printf_char_file
    __2printf.o(.text) refers to glcd_simulation.o(.data) for __stdout
    noretval__2printf.o(.text) refers to _printf_char_file.o(.text) for _printf_char_file
    noretval__2printf.o(.text) refers to glcd_simulation.o(.data) for __stdout
    __printf.o(.text) refers to _printf_percent.o(.ARM.Collect$$_printf_percent$$00000000) for _printf_percent
    _printf_str.o(.text) refers (Special) to _printf_char.o(.text) for _printf_cs_common
    _printf_dec.o(.text) refers to _printf_intcommon.o(.text) for _printf_int_common
    __printf_flags.o(.text) refers to _printf_percent.o(.ARM.Collect$$_printf_percent$$00000000) for _printf_percent
    __printf_flags.o(.text) refers to __printf_flags.o(.constdata) for .constdata
    __printf_ss.o(.text) refers to _printf_percent.o(.ARM.Collect$$_printf_percent$$00000000) for _printf_percent
    __printf_flags_ss.o(.text) refers to _printf_percent.o(.ARM.Collect$$_printf_percent$$00000000) for _printf_percent
    __printf_flags_ss.o(.text) refers to __printf_flags_ss.o(.constdata) for .constdata
    __printf_wp.o(.text) refers to __printf_wp.o(i._is_digit) for _is_digit
    __printf_wp.o(.text) refers to _printf_percent.o(.ARM.Collect$$_printf_percent$$00000000) for _printf_percent
    __printf_flags_wp.o(.text) refers to __printf_wp.o(i._is_digit) for _is_digit
    __printf_flags_wp.o(.text) refers to _printf_percent.o(.ARM.Collect$$_printf_percent$$00000000) for _printf_percent
    __printf_flags_wp.o(.text) refers to __printf_flags_wp.o(.constdata) for .constdata
    __printf_ss_wp.o(.text) refers to __printf_wp.o(i._is_digit) for _is_digit
    __printf_ss_wp.o(.text) refers to _printf_percent.o(.ARM.Collect$$_printf_percent$$00000000) for _printf_percent
    __printf_flags_ss_wp.o(.text) refers to __printf_wp.o(i._is_digit) for _is_digit
    __printf_flags_ss_wp.o(.text) refers to _printf_percent.o(.ARM.Collect$$_printf_percent$$00000000) for _printf_percent
    __printf_flags_ss_wp.o(.text) refers to __printf_flags_ss_wp.o(.constdata) for .constdata
    _printf_c.o(.ARM.Collect$$_printf_percent$$00000013) refers (Weak) to _printf_char.o(.text) for _printf_char
    _printf_s.o(.ARM.Collect$$_printf_percent$$00000014) refers (Weak) to _printf_char.o(.text) for _printf_string
    _printf_i.o(.ARM.Collect$$_printf_percent$$00000008) refers (Weak) to _printf_dec.o(.text) for _printf_int_dec
    _printf_percent.o(.ARM.Collect$$_printf_percent$$00000000) refers (Special) to _printf_percent_end.o(.ARM.Collect$$_printf_percent$$00000017) for _printf_percent_end
    __main.o(!!!main) refers to __rtentry.o(.ARM.Collect$$rtentry$$00000000) for __rt_entry
    drleqf.o(x$fpl$drleqf) refers (Special) to usenofp.o(x$fpl$usenofp) for __I$use$fp
    drleqf.o(x$fpl$drleqf) refers to dleqf.o(x$fpl$dleqf) for __fpl_dcmple_InfNaN
    f2d.o(x$fpl$f2d) refers (Special) to usenofp.o(x$fpl$usenofp) for __I$use$fp
    f2d.o(x$fpl$f2d) refers to fnaninf.o(x$fpl$fnaninf) for __fpl_fnaninf
    f2d.o(x$fpl$f2d) refers to dretinf.o(x$fpl$dretinf) for __fpl_dretinf
    faddsub_clz.o(x$fpl$fadd) refers (Special) to usenofp.o(x$fpl$usenofp) for __I$use$fp
    faddsub_clz.o(x$fpl$fadd) refers to faddsub_clz.o(x$fpl$fsub) for _fsub1
    faddsub_clz.o(x$fpl$fadd) refers to fretinf.o(x$fpl$fretinf) for __fpl_fretinf
    faddsub_clz.o(x$fpl$fadd) refers to fnaninf.o(x$fpl$fnaninf) for __fpl_fnaninf
    faddsub_clz.o(x$fpl$frsb) refers (Special) to usenofp.o(x$fpl$usenofp) for __I$use$fp
    faddsub_clz.o(x$fpl$frsb) refers to faddsub_clz.o(x$fpl$fadd) for _fadd1
    faddsub_clz.o(x$fpl$frsb) refers to faddsub_clz.o(x$fpl$fsub) for _fsub1
    faddsub_clz.o(x$fpl$fsub) refers (Special) to usenofp.o(x$fpl$usenofp) for __I$use$fp
    faddsub_clz.o(x$fpl$fsub) refers to faddsub_clz.o(x$fpl$fadd) for _fadd1
    faddsub_clz.o(x$fpl$fsub) refers to fnaninf.o(x$fpl$fnaninf) for __fpl_fnaninf
    fdiv.o(x$fpl$frdiv) refers (Special) to usenofp.o(x$fpl$usenofp) for __I$use$fp
    fdiv.o(x$fpl$frdiv) refers to fdiv.o(x$fpl$fdiv) for _fdiv1
    fdiv.o(x$fpl$fdiv) refers (Special) to usenofp.o(x$fpl$usenofp) for __I$use$fp
    fdiv.o(x$fpl$fdiv) refers to fretinf.o(x$fpl$fretinf) for __fpl_fretinf
    fdiv.o(x$fpl$fdiv) refers to fnaninf.o(x$fpl$fnaninf) for __fpl_fnaninf
    ffixu.o(x$fpl$ffixu) refers (Special) to usenofp.o(x$fpl$usenofp) for __I$use$fp
    ffixu.o(x$fpl$ffixu) refers to fnaninf.o(x$fpl$fnaninf) for __fpl_fnaninf
    ffixu.o(x$fpl$ffixur) refers (Special) to usenofp.o(x$fpl$usenofp) for __I$use$fp
    ffixu.o(x$fpl$ffixur) refers to fnaninf.o(x$fpl$fnaninf) for __fpl_fnaninf
    fflt_clz.o(x$fpl$ffltu) refers (Special) to usenofp.o(x$fpl$usenofp) for __I$use$fp
    fflt_clz.o(x$fpl$fflt) refers (Special) to usenofp.o(x$fpl$usenofp) for __I$use$fp
    fflt_clz.o(x$fpl$ffltn) refers (Special) to usenofp.o(x$fpl$usenofp) for __I$use$fp
    fmul.o(x$fpl$fmul) refers (Special) to usenofp.o(x$fpl$usenofp) for __I$use$fp
    fmul.o(x$fpl$fmul) refers to fretinf.o(x$fpl$fretinf) for __fpl_fretinf
    fmul.o(x$fpl$fmul) refers to fnaninf.o(x$fpl$fnaninf) for __fpl_fnaninf
    __rtentry.o(.ARM.Collect$$rtentry$$00000000) refers (Special) to __rtentry2.o(.ARM.Collect$$rtentry$$0000000A) for __rt_entry_li
    __rtentry.o(.ARM.Collect$$rtentry$$00000000) refers (Special) to __rtentry2.o(.ARM.Collect$$rtentry$$0000000D) for __rt_entry_main
    __rtentry.o(.ARM.Collect$$rtentry$$00000000) refers (Special) to __rtentry2.o(.ARM.Collect$$rtentry$$0000000C) for __rt_entry_postli_1
    __rtentry.o(.ARM.Collect$$rtentry$$00000000) refers (Special) to __rtentry2.o(.ARM.Collect$$rtentry$$00000009) for __rt_entry_postsh_1
    __rtentry.o(.ARM.Collect$$rtentry$$00000000) refers (Special) to __rtentry2.o(.ARM.Collect$$rtentry$$00000002) for __rt_entry_presh_1
    __rtentry.o(.ARM.Collect$$rtentry$$00000000) refers (Special) to __rtentry4.o(.ARM.Collect$$rtentry$$00000004) for __rt_entry_sh
    aeabi_ldiv0_sigfpe.o(.text) refers to rt_div0.o(.text) for __rt_div0
    _printf_char.o(.text) refers (Weak) to _printf_str.o(.text) for _printf_str
    _printf_char_file.o(.text) refers to _printf_char_common.o(.text) for _printf_char_common
    _printf_char_file.o(.text) refers to ferror.o(.text) for ferror
    _printf_char_file.o(.text) refers to glcd_simulation.o(.text) for fputc
    dleqf.o(x$fpl$dleqf) refers (Special) to usenofp.o(x$fpl$usenofp) for __I$use$fp
    dleqf.o(x$fpl$dleqf) refers to dnaninf.o(x$fpl$dnaninf) for __fpl_dnaninf
    dleqf.o(x$fpl$dleqf) refers to dcmpi.o(x$fpl$dcmpinf) for __fpl_dcmp_Inf
    dretinf.o(x$fpl$dretinf) refers (Special) to usenofp.o(x$fpl$usenofp) for __I$use$fp
    fnaninf.o(x$fpl$fnaninf) refers (Special) to usenofp.o(x$fpl$usenofp) for __I$use$fp
    fretinf.o(x$fpl$fretinf) refers (Special) to usenofp.o(x$fpl$usenofp) for __I$use$fp
    __rtentry2.o(.ARM.Collect$$rtentry$$00000008) refers to boardinit2.o(.text) for _platform_post_stackheap_init
    __rtentry2.o(.ARM.Collect$$rtentry$$0000000A) refers to libinit.o(.ARM.Collect$$libinit$$00000000) for __rt_lib_init
    __rtentry2.o(.ARM.Collect$$rtentry$$0000000B) refers to boardinit3.o(.text) for _platform_post_lib_init
    __rtentry2.o(.ARM.Collect$$rtentry$$0000000D) refers to test_5.o(.text) for main
    __rtentry2.o(.ARM.Collect$$rtentry$$0000000D) refers to exit.o(.text) for exit
    __rtentry2.o(.ARM.exidx) refers to __rtentry2.o(.ARM.Collect$$rtentry$$00000001) for .ARM.Collect$$rtentry$$00000001
    __rtentry2.o(.ARM.exidx) refers to __rtentry2.o(.ARM.Collect$$rtentry$$00000008) for .ARM.Collect$$rtentry$$00000008
    __rtentry2.o(.ARM.exidx) refers to __rtentry2.o(.ARM.Collect$$rtentry$$0000000A) for .ARM.Collect$$rtentry$$0000000A
    __rtentry2.o(.ARM.exidx) refers to __rtentry2.o(.ARM.Collect$$rtentry$$0000000B) for .ARM.Collect$$rtentry$$0000000B
    __rtentry2.o(.ARM.exidx) refers to __rtentry2.o(.ARM.Collect$$rtentry$$0000000D) for .ARM.Collect$$rtentry$$0000000D
    __rtentry4.o(.ARM.Collect$$rtentry$$00000004) refers to sys_stackheap_outer.o(.text) for __user_setup_stackheap
    __rtentry4.o(.ARM.exidx) refers to __rtentry4.o(.ARM.Collect$$rtentry$$00000004) for .ARM.Collect$$rtentry$$00000004
    rt_div0.o(.text) refers to defsig_fpe_outer.o(.text) for __rt_SIGFPE
    _printf_char_common.o(.text) refers to __printf.o(.text) for __printf
    dcmpi.o(x$fpl$dcmpinf) refers (Special) to usenofp.o(x$fpl$usenofp) for __I$use$fp
    dnaninf.o(x$fpl$dnaninf) refers (Special) to usenofp.o(x$fpl$usenofp) for __I$use$fp
    sys_stackheap_outer.o(.text) refers to libspace.o(.text) for __user_perproc_libspace
    sys_stackheap_outer.o(.text) refers to startup_lpc17xx.o(.text) for __user_initial_stackheap
    exit.o(.text) refers to rtexit.o(.ARM.Collect$$rtexit$$00000000) for __rt_exit
    defsig_fpe_outer.o(.text) refers to defsig_fpe_inner.o(.text) for __rt_SIGFPE_inner
    defsig_fpe_outer.o(.text) refers to defsig_exit.o(.text) for __sig_exit
    defsig_fpe_formal.o(.text) refers to rt_raise.o(.text) for __rt_raise
    libinit.o(.ARM.Collect$$libinit$$00000000) refers (Special) to libinit2.o(.ARM.Collect$$libinit$$0000002E) for __rt_lib_init_alloca_1
    libinit.o(.ARM.Collect$$libinit$$00000000) refers (Special) to libinit2.o(.ARM.Collect$$libinit$$0000002C) for __rt_lib_init_argv_1
    libinit.o(.ARM.Collect$$libinit$$00000000) refers (Special) to libinit2.o(.ARM.Collect$$libinit$$0000001B) for __rt_lib_init_atexit_1
    libinit.o(.ARM.Collect$$libinit$$00000000) refers (Special) to libinit2.o(.ARM.Collect$$libinit$$00000021) for __rt_lib_init_clock_1
    libinit.o(.ARM.Collect$$libinit$$00000000) refers (Special) to libinit2.o(.ARM.Collect$$libinit$$00000032) for __rt_lib_init_cpp_1
    libinit.o(.ARM.Collect$$libinit$$00000000) refers (Special) to libinit2.o(.ARM.Collect$$libinit$$00000030) for __rt_lib_init_exceptions_1
    libinit.o(.ARM.Collect$$libinit$$00000000) refers (Special) to libinit2.o(.ARM.Collect$$libinit$$00000002) for __rt_lib_init_fp_1
    libinit.o(.ARM.Collect$$libinit$$00000000) refers (Special) to libinit2.o(.ARM.Collect$$libinit$$0000001F) for __rt_lib_init_fp_trap_1
    libinit.o(.ARM.Collect$$libinit$$00000000) refers (Special) to libinit2.o(.ARM.Collect$$libinit$$00000023) for __rt_lib_init_getenv_1
    libinit.o(.ARM.Collect$$libinit$$00000000) refers (Special) to libinit2.o(.ARM.Collect$$libinit$$0000000A) for __rt_lib_init_heap_1
    libinit.o(.ARM.Collect$$libinit$$00000000) refers (Special) to libinit2.o(.ARM.Collect$$libinit$$00000011) for __rt_lib_init_lc_collate_1
    libinit.o(.ARM.Collect$$libinit$$00000000) refers (Special) to libinit2.o(.ARM.Collect$$libinit$$00000013) for __rt_lib_init_lc_ctype_1
    libinit.o(.ARM.Collect$$libinit$$00000000) refers (Special) to libinit2.o(.ARM.Collect$$libinit$$00000015) for __rt_lib_init_lc_monetary_1
    libinit.o(.ARM.Collect$$libinit$$00000000) refers (Special) to libinit2.o(.ARM.Collect$$libinit$$00000017) for __rt_lib_init_lc_numeric_1
    libinit.o(.ARM.Collect$$libinit$$00000000) refers (Special) to libinit2.o(.ARM.Collect$$libinit$$00000019) for __rt_lib_init_lc_time_1
    libinit.o(.ARM.Collect$$libinit$$00000000) refers (Special) to libinit2.o(.ARM.Collect$$libinit$$00000004) for __rt_lib_init_preinit_1
    libinit.o(.ARM.Collect$$libinit$$00000000) refers (Special) to libinit2.o(.ARM.Collect$$libinit$$0000000E) for __rt_lib_init_rand_1
    libinit.o(.ARM.Collect$$libinit$$00000000) refers (Special) to libinit2.o(.ARM.Collect$$libinit$$00000033) for __rt_lib_init_return
    libinit.o(.ARM.Collect$$libinit$$00000000) refers (Special) to libinit2.o(.ARM.Collect$$libinit$$0000001D) for __rt_lib_init_signal_1
    libinit.o(.ARM.Collect$$libinit$$00000000) refers (Special) to libinit2.o(.ARM.Collect$$libinit$$00000025) for __rt_lib_init_stdio_1
    libinit.o(.ARM.Collect$$libinit$$00000000) refers (Special) to libinit2.o(.ARM.Collect$$libinit$$0000000C) for __rt_lib_init_user_alloc_1
    libspace.o(.text) refers to libspace.o(.bss) for __libspace_start
    rtexit.o(.ARM.Collect$$rtexit$$00000000) refers (Special) to rtexit2.o(.ARM.Collect$$rtexit$$00000004) for __rt_exit_exit
    rtexit.o(.ARM.Collect$$rtexit$$00000000) refers (Special) to rtexit2.o(.ARM.Collect$$rtexit$$00000003) for __rt_exit_ls
    rtexit.o(.ARM.Collect$$rtexit$$00000000) refers (Special) to rtexit2.o(.ARM.Collect$$rtexit$$00000002) for __rt_exit_prels_1
    rtexit.o(.ARM.exidx) refers (Special) to rtexit2.o(.ARM.Collect$$rtexit$$00000004) for __rt_exit_exit
    rtexit.o(.ARM.exidx) refers (Special) to rtexit2.o(.ARM.Collect$$rtexit$$00000003) for __rt_exit_ls
    rtexit.o(.ARM.exidx) refers (Special) to rtexit2.o(.ARM.Collect$$rtexit$$00000002) for __rt_exit_prels_1
    rtexit.o(.ARM.exidx) refers to rtexit.o(.ARM.Collect$$rtexit$$00000000) for .ARM.Collect$$rtexit$$00000000
    rt_raise.o(.text) refers to __raise.o(.text) for __raise
    rt_raise.o(.text) refers to sys_exit.o(.text) for _sys_exit
    defsig_exit.o(.text) refers to sys_exit.o(.text) for _sys_exit
    defsig_fpe_inner.o(.text) refers to defsig_general.o(.text) for __default_signal_display
    libinit2.o(.ARM.Collect$$libinit$$00000010) refers to libinit2.o(.ARM.Collect$$libinit$$0000000F) for .ARM.Collect$$libinit$$0000000F
    libinit2.o(.ARM.Collect$$libinit$$00000012) refers to libinit2.o(.ARM.Collect$$libinit$$0000000F) for .ARM.Collect$$libinit$$0000000F
    libinit2.o(.ARM.Collect$$libinit$$00000014) refers to libinit2.o(.ARM.Collect$$libinit$$0000000F) for .ARM.Collect$$libinit$$0000000F
    libinit2.o(.ARM.Collect$$libinit$$00000016) refers to libinit2.o(.ARM.Collect$$libinit$$0000000F) for .ARM.Collect$$libinit$$0000000F
    libinit2.o(.ARM.Collect$$libinit$$00000018) refers to libinit2.o(.ARM.Collect$$libinit$$0000000F) for .ARM.Collect$$libinit$$0000000F
    libinit2.o(.ARM.Collect$$libinit$$00000026) refers to argv_veneer.o(.emb_text) for __ARM_argv_veneer
    libinit2.o(.ARM.Collect$$libinit$$00000027) refers to argv_veneer.o(.emb_text) for __ARM_argv_veneer
    sys_exit.o(.text) refers (Special) to use_no_semi.o(.text) for __I$use$semihosting
    sys_exit.o(.text) refers (Special) to indicate_semi.o(.text) for __semihosting_library_function
    rtexit2.o(.ARM.Collect$$rtexit$$00000003) refers to libshutdown.o(.ARM.Collect$$libshutdown$$00000000) for __rt_lib_shutdown
    rtexit2.o(.ARM.Collect$$rtexit$$00000004) refers to sys_exit.o(.text) for _sys_exit
    rtexit2.o(.ARM.exidx) refers to rtexit2.o(.ARM.Collect$$rtexit$$00000001) for .ARM.Collect$$rtexit$$00000001
    rtexit2.o(.ARM.exidx) refers to rtexit2.o(.ARM.Collect$$rtexit$$00000003) for .ARM.Collect$$rtexit$$00000003
    rtexit2.o(.ARM.exidx) refers to rtexit2.o(.ARM.Collect$$rtexit$$00000004) for .ARM.Collect$$rtexit$$00000004
    __raise.o(.text) refers to defsig.o(CL$$defsig) for __default_signal_handler
    defsig_general.o(.text) refers to sys_wrch.o(.text) for _ttywrch
    argv_veneer.o(.emb_text) refers to no_argv.o(.text) for __ARM_get_argv
    sys_wrch.o(.text) refers (Special) to use_no_semi.o(.text) for __I$use$semihosting
    sys_wrch.o(.text) refers (Special) to indicate_semi.o(.text) for __semihosting_library_function
    defsig.o(CL$$defsig) refers to defsig_fpe_inner.o(.text) for __rt_SIGFPE_inner
    defsig.o(CL$$defsig) refers to defsig_rtmem_inner.o(.text) for __rt_SIGRTMEM_inner
    _get_argv_nomalloc.o(.text) refers (Special) to hrguard.o(.text) for __heap_region$guard
    _get_argv_nomalloc.o(.text) refers to defsig_rtmem_outer.o(.text) for __rt_SIGRTMEM
    _get_argv_nomalloc.o(.text) refers to sys_command.o(.text) for _sys_command_string
    libshutdown.o(.ARM.Collect$$libshutdown$$00000000) refers (Special) to libshutdown2.o(.ARM.Collect$$libshutdown$$00000004) for __rt_lib_shutdown_cpp_1
    libshutdown.o(.ARM.Collect$$libshutdown$$00000000) refers (Special) to libshutdown2.o(.ARM.Collect$$libshutdown$$00000002) for __rt_lib_shutdown_fini_1
    libshutdown.o(.ARM.Collect$$libshutdown$$00000000) refers (Special) to libshutdown2.o(.ARM.Collect$$libshutdown$$00000009) for __rt_lib_shutdown_fp_trap_1
    libshutdown.o(.ARM.Collect$$libshutdown$$00000000) refers (Special) to libshutdown2.o(.ARM.Collect$$libshutdown$$00000011) for __rt_lib_shutdown_heap_1
    libshutdown.o(.ARM.Collect$$libshutdown$$00000000) refers (Special) to libshutdown2.o(.ARM.Collect$$libshutdown$$00000012) for __rt_lib_shutdown_return
    libshutdown.o(.ARM.Collect$$libshutdown$$00000000) refers (Special) to libshutdown2.o(.ARM.Collect$$libshutdown$$0000000C) for __rt_lib_shutdown_signal_1
    libshutdown.o(.ARM.Collect$$libshutdown$$00000000) refers (Special) to libshutdown2.o(.ARM.Collect$$libshutdown$$00000006) for __rt_lib_shutdown_stdio_1
    libshutdown.o(.ARM.Collect$$libshutdown$$00000000) refers (Special) to libshutdown2.o(.ARM.Collect$$libshutdown$$0000000E) for __rt_lib_shutdown_user_alloc_1
    sys_command.o(.text) refers (Special) to use_no_semi.o(.text) for __I$use$semihosting
    sys_command.o(.text) refers (Special) to indicate_semi.o(.text) for __semihosting_library_function
    defsig_abrt_inner.o(.text) refers to defsig_general.o(.text) for __default_signal_display
    defsig_rtred_inner.o(.text) refers to defsig_general.o(.text) for __default_signal_display
    defsig_rtmem_inner.o(.text) refers to defsig_general.o(.text) for __default_signal_display
    defsig_rtmem_outer.o(.text) refers to defsig_rtmem_inner.o(.text) for __rt_SIGRTMEM_inner
    defsig_rtmem_outer.o(.text) refers to defsig_exit.o(.text) for __sig_exit
    defsig_rtmem_formal.o(.text) refers to rt_raise.o(.text) for __rt_raise
    defsig_stak_inner.o(.text) refers to defsig_general.o(.text) for __default_signal_display
    defsig_pvfn_inner.o(.text) refers to defsig_general.o(.text) for __default_signal_display
    defsig_cppl_inner.o(.text) refers to defsig_general.o(.text) for __default_signal_display
    defsig_segv_inner.o(.text) refers to defsig_general.o(.text) for __default_signal_display
    defsig_other.o(.text) refers to defsig_general.o(.text) for __default_signal_display


==============================================================================

Removing Unused input sections from the image.

    Removing test_5.o(.rev16_text), (4 bytes).
    Removing test_5.o(.revsh_text), (4 bytes).
    Removing test_5.o(.rrx_text), (6 bytes).
    Removing test_5.o(.bss), (160 bytes).
    Removing glcd_simulation.o(.rev16_text), (4 bytes).
    Removing glcd_simulation.o(.revsh_text), (4 bytes).
    Removing glcd_simulation.o(.rrx_text), (6 bytes).
    Removing adc.o(.rev16_text), (4 bytes).
    Removing adc.o(.revsh_text), (4 bytes).
    Removing adc.o(.rrx_text), (6 bytes).
    Removing adc.o(.text), (568 bytes).
    Removing dac.o(.rev16_text), (4 bytes).
    Removing dac.o(.revsh_text), (4 bytes).
    Removing dac.o(.rrx_text), (6 bytes).
    Removing dac.o(.text), (64 bytes).
    Removing keys.o(.rev16_text), (4 bytes).
    Removing keys.o(.revsh_text), (4 bytes).
    Removing keys.o(.rrx_text), (6 bytes).
    Removing keys.o(.text), (1692 bytes).
    Removing lcd.o(.rev16_text), (4 bytes).
    Removing lcd.o(.revsh_text), (4 bytes).
    Removing lcd.o(.rrx_text), (6 bytes).
    Removing led.o(.rev16_text), (4 bytes).
    Removing led.o(.revsh_text), (4 bytes).
    Removing led.o(.rrx_text), (6 bytes).
    Removing led.o(.text), (1146 bytes).
    Removing gpio.o(.rev16_text), (4 bytes).
    Removing gpio.o(.revsh_text), (4 bytes).
    Removing gpio.o(.rrx_text), (6 bytes).
    Removing gpio.o(.text), (908 bytes).
    Removing timer.o(.rev16_text), (4 bytes).
    Removing timer.o(.revsh_text), (4 bytes).
    Removing timer.o(.rrx_text), (6 bytes).
    Removing delay.o(.rev16_text), (4 bytes).
    Removing delay.o(.revsh_text), (4 bytes).
    Removing delay.o(.rrx_text), (6 bytes).
    Removing delay.o(.text), (56 bytes).
    Removing glcd_spi_lpc1700.o(.rev16_text), (4 bytes).
    Removing glcd_spi_lpc1700.o(.revsh_text), (4 bytes).
    Removing glcd_spi_lpc1700.o(.rrx_text), (6 bytes).
    Removing glcd_spi_lpc1700.o(.bss), (160 bytes).
    Removing glcd_spi_lpc1700.o(.constdata), (6272 bytes).
    Removing glcd_spi_lpc1700.o(.data), (62 bytes).
    Removing i2c.o(.rev16_text), (4 bytes).
    Removing i2c.o(.revsh_text), (4 bytes).
    Removing i2c.o(.rrx_text), (6 bytes).
    Removing i2c.o(.text), (544 bytes).
    Removing system_lpc17xx.o(.rev16_text), (4 bytes).
    Removing system_lpc17xx.o(.revsh_text), (4 bytes).
    Removing system_lpc17xx.o(.rrx_text), (6 bytes).

50 unused section(s) (total 11814 bytes) removed from the image.

==============================================================================

Image Symbol Table

    Local Symbols

    Symbol Name                              Value     Ov Type        Size  Object(Section)

    RESET                                    0x00000000   Section      204  startup_lpc17xx.o(RESET)
    ../clib/angel/boardlib.s                 0x00000000   Number         0  boardinit3.o ABSOLUTE
    ../clib/angel/boardlib.s                 0x00000000   Number         0  boardinit2.o ABSOLUTE
    ../clib/angel/boardlib.s                 0x00000000   Number         0  boardinit1.o ABSOLUTE
    ../clib/angel/boardlib.s                 0x00000000   Number         0  boardshut.o ABSOLUTE
    ../clib/angel/handlers.s                 0x00000000   Number         0  __scatter_zi.o ABSOLUTE
    ../clib/angel/handlers.s                 0x00000000   Number         0  __scatter_copy.o ABSOLUTE
    ../clib/angel/kernel.s                   0x00000000   Number         0  __rtentry.o ABSOLUTE
    ../clib/angel/kernel.s                   0x00000000   Number         0  rtexit.o ABSOLUTE
    ../clib/angel/kernel.s                   0x00000000   Number         0  __rtentry4.o ABSOLUTE
    ../clib/angel/kernel.s                   0x00000000   Number         0  rtexit2.o ABSOLUTE
    ../clib/angel/kernel.s                   0x00000000   Number         0  __rtentry2.o ABSOLUTE
    ../clib/angel/rt.s                       0x00000000   Number         0  aeabi_ldiv0_sigfpe.o ABSOLUTE
    ../clib/angel/rt.s                       0x00000000   Number         0  rt_raise.o ABSOLUTE
    ../clib/angel/rt.s                       0x00000000   Number         0  aeabi_ldiv0.o ABSOLUTE
    ../clib/angel/rt.s                       0x00000000   Number         0  rt_div0.o ABSOLUTE
    ../clib/angel/scatter.s                  0x00000000   Number         0  __scatter.o ABSOLUTE
    ../clib/angel/startup.s                  0x00000000   Number         0  __main.o ABSOLUTE
    ../clib/angel/sys.s                      0x00000000   Number         0  libspace.o ABSOLUTE
    ../clib/angel/sys.s                      0x00000000   Number         0  sys_stackheap_outer.o ABSOLUTE
    ../clib/angel/sys.s                      0x00000000   Number         0  indicate_semi.o ABSOLUTE
    ../clib/angel/sys.s                      0x00000000   Number         0  use_no_semi.o ABSOLUTE
    ../clib/angel/sysapp.c                   0x00000000   Number         0  sys_command.o ABSOLUTE
    ../clib/angel/sysapp.c                   0x00000000   Number         0  sys_wrch.o ABSOLUTE
    ../clib/angel/sysapp.c                   0x00000000   Number         0  sys_exit.o ABSOLUTE
    ../clib/armsys.c                         0x00000000   Number         0  no_argv.o ABSOLUTE
    ../clib/armsys.c                         0x00000000   Number         0  argv_veneer.o ABSOLUTE
    ../clib/armsys.c                         0x00000000   Number         0  argv_veneer.o ABSOLUTE
    ../clib/armsys.c                         0x00000000   Number         0  _get_argv_nomalloc.o ABSOLUTE
    ../clib/heapalloc.c                      0x00000000   Number         0  hrguard.o ABSOLUTE
    ../clib/heapaux.c                        0x00000000   Number         0  heapauxi.o ABSOLUTE
    ../clib/libinit.s                        0x00000000   Number         0  libshutdown2.o ABSOLUTE
    ../clib/libinit.s                        0x00000000   Number         0  libinit.o ABSOLUTE
    ../clib/libinit.s                        0x00000000   Number         0  libshutdown.o ABSOLUTE
    ../clib/libinit.s                        0x00000000   Number         0  libinit2.o ABSOLUTE
    ../clib/longlong.s                       0x00000000   Number         0  lludivv7m.o ABSOLUTE
    ../clib/memcpset.s                       0x00000000   Number         0  rt_memcpy_w.o ABSOLUTE
    ../clib/printf.c                         0x00000000   Number         0  _printf_char.o ABSOLUTE
    ../clib/printf.c                         0x00000000   Number         0  __2printf.o ABSOLUTE
    ../clib/printf.c                         0x00000000   Number         0  _printf_char_common.o ABSOLUTE
    ../clib/printf.c                         0x00000000   Number         0  noretval__2printf.o ABSOLUTE
    ../clib/printf.c                         0x00000000   Number         0  __printf_flags_ss_wp.o ABSOLUTE
    ../clib/printf.c                         0x00000000   Number         0  __printf_nopercent.o ABSOLUTE
    ../clib/printf.c                         0x00000000   Number         0  __printf_ss_wp.o ABSOLUTE
    ../clib/printf.c                         0x00000000   Number         0  __printf_flags_wp.o ABSOLUTE
    ../clib/printf.c                         0x00000000   Number         0  __printf_wp.o ABSOLUTE
    ../clib/printf.c                         0x00000000   Number         0  __printf_flags_ss.o ABSOLUTE
    ../clib/printf.c                         0x00000000   Number         0  __printf_ss.o ABSOLUTE
    ../clib/printf.c                         0x00000000   Number         0  __printf_flags.o ABSOLUTE
    ../clib/printf.c                         0x00000000   Number         0  _printf_str.o ABSOLUTE
    ../clib/printf.c                         0x00000000   Number         0  _printf_dec.o ABSOLUTE
    ../clib/printf.c                         0x00000000   Number         0  __printf.o ABSOLUTE
    ../clib/printf.c                         0x00000000   Number         0  _printf_intcommon.o ABSOLUTE
    ../clib/printf.c                         0x00000000   Number         0  _printf_char_file.o ABSOLUTE
    ../clib/printf_percent.s                 0x00000000   Number         0  _printf_percent.o ABSOLUTE
    ../clib/printf_percent.s                 0x00000000   Number         0  _printf_s.o ABSOLUTE
    ../clib/printf_percent.s                 0x00000000   Number         0  _printf_c.o ABSOLUTE
    ../clib/printf_percent.s                 0x00000000   Number         0  _printf_i.o ABSOLUTE
    ../clib/printf_percent.s                 0x00000000   Number         0  _printf_percent_end.o ABSOLUTE
    ../clib/signal.c                         0x00000000   Number         0  defsig_abrt_inner.o ABSOLUTE
    ../clib/signal.c                         0x00000000   Number         0  defsig_fpe_inner.o ABSOLUTE
    ../clib/signal.c                         0x00000000   Number         0  defsig_exit.o ABSOLUTE
    ../clib/signal.c                         0x00000000   Number         0  defsig_rtred_inner.o ABSOLUTE
    ../clib/signal.c                         0x00000000   Number         0  defsig_rtmem_inner.o ABSOLUTE
    ../clib/signal.c                         0x00000000   Number         0  defsig_rtmem_outer.o ABSOLUTE
    ../clib/signal.c                         0x00000000   Number         0  defsig_general.o ABSOLUTE
    ../clib/signal.c                         0x00000000   Number         0  defsig_rtmem_formal.o ABSOLUTE
    ../clib/signal.c                         0x00000000   Number         0  defsig_stak_inner.o ABSOLUTE
    ../clib/signal.c                         0x00000000   Number         0  defsig_pvfn_inner.o ABSOLUTE
    ../clib/signal.c                         0x00000000   Number         0  defsig_cppl_inner.o ABSOLUTE
    ../clib/signal.c                         0x00000000   Number         0  defsig_fpe_formal.o ABSOLUTE
    ../clib/signal.c                         0x00000000   Number         0  defsig_fpe_outer.o ABSOLUTE
    ../clib/signal.c                         0x00000000   Number         0  defsig_other.o ABSOLUTE
    ../clib/signal.c                         0x00000000   Number         0  defsig_segv_inner.o ABSOLUTE
    ../clib/signal.c                         0x00000000   Number         0  __raise.o ABSOLUTE
    ../clib/signal.s                         0x00000000   Number         0  defsig.o ABSOLUTE
    ../clib/stdio.c                          0x00000000   Number         0  ferror.o ABSOLUTE
    ../clib/stdio.c                          0x00000000   Number         0  ferror_locked.o ABSOLUTE
    ../clib/stdlib.c                         0x00000000   Number         0  exit.o ABSOLUTE
    ../clib/string.c                         0x00000000   Number         0  strcpy.o ABSOLUTE
    ../fplib/dcmpi.s                         0x00000000   Number         0  dcmpi.o ABSOLUTE
    ../fplib/dleqf.s                         0x00000000   Number         0  dleqf.o ABSOLUTE
    ../fplib/dnaninf.s                       0x00000000   Number         0  dnaninf.o ABSOLUTE
    ../fplib/dretinf.s                       0x00000000   Number         0  dretinf.o ABSOLUTE
    ../fplib/drleqf.s                        0x00000000   Number         0  drleqf.o ABSOLUTE
    ../fplib/f2d.s                           0x00000000   Number         0  f2d.o ABSOLUTE
    ../fplib/faddsub.s                       0x00000000   Number         0  faddsub_clz.o ABSOLUTE
    ../fplib/fdiv.s                          0x00000000   Number         0  fdiv.o ABSOLUTE
    ../fplib/ffixu.s                         0x00000000   Number         0  ffixu.o ABSOLUTE
    ../fplib/fflt.s                          0x00000000   Number         0  fflt_clz.o ABSOLUTE
    ../fplib/fmul.s                          0x00000000   Number         0  fmul.o ABSOLUTE
    ../fplib/fnaninf.s                       0x00000000   Number         0  fnaninf.o ABSOLUTE
    ../fplib/fpinit.s                        0x00000000   Number         0  fpinit.o ABSOLUTE
    ../fplib/fretinf.s                       0x00000000   Number         0  fretinf.o ABSOLUTE
    ../fplib/usenofp.s                       0x00000000   Number         0  usenofp.o ABSOLUTE
    ..\Peripherals\Source Files\GLCD_SPI_LPC1700.c 0x00000000   Number         0  glcd_spi_lpc1700.o ABSOLUTE
    ..\Peripherals\Source Files\GLCD_Simulation.c 0x00000000   Number         0  glcd_simulation.o ABSOLUTE
    ..\Peripherals\Source Files\I2C.c        0x00000000   Number         0  i2c.o ABSOLUTE
    ..\Peripherals\Source Files\adc.c        0x00000000   Number         0  adc.o ABSOLUTE
    ..\Peripherals\Source Files\dac.c        0x00000000   Number         0  dac.o ABSOLUTE
    ..\Peripherals\Source Files\delay.c      0x00000000   Number         0  delay.o ABSOLUTE
    ..\Peripherals\Source Files\gpio.c       0x00000000   Number         0  gpio.o ABSOLUTE
    ..\Peripherals\Source Files\keys.c       0x00000000   Number         0  keys.o ABSOLUTE
    ..\Peripherals\Source Files\lcd.c        0x00000000   Number         0  lcd.o ABSOLUTE
    ..\Peripherals\Source Files\led.c        0x00000000   Number         0  led.o ABSOLUTE
    ..\Peripherals\Source Files\timer.c      0x00000000   Number         0  timer.o ABSOLUTE
    ..\\Peripherals\\Source Files\\GLCD_SPI_LPC1700.c 0x00000000   Number         0  glcd_spi_lpc1700.o ABSOLUTE
    ..\\Peripherals\\Source Files\\GLCD_Simulation.c 0x00000000   Number         0  glcd_simulation.o ABSOLUTE
    ..\\Peripherals\\Source Files\\I2C.c     0x00000000   Number         0  i2c.o ABSOLUTE
    ..\\Peripherals\\Source Files\\adc.c     0x00000000   Number         0  adc.o ABSOLUTE
    ..\\Peripherals\\Source Files\\dac.c     0x00000000   Number         0  dac.o ABSOLUTE
    ..\\Peripherals\\Source Files\\delay.c   0x00000000   Number         0  delay.o ABSOLUTE
    ..\\Peripherals\\Source Files\\gpio.c    0x00000000   Number         0  gpio.o ABSOLUTE
    ..\\Peripherals\\Source Files\\keys.c    0x00000000   Number         0  keys.o ABSOLUTE
    ..\\Peripherals\\Source Files\\lcd.c     0x00000000   Number         0  lcd.o ABSOLUTE
    ..\\Peripherals\\Source Files\\led.c     0x00000000   Number         0  led.o ABSOLUTE
    ..\\Peripherals\\Source Files\\timer.c   0x00000000   Number         0  timer.o ABSOLUTE
    RTE\Device\LPC1769\startup_LPC17xx.s     0x00000000   Number         0  startup_lpc17xx.o ABSOLUTE
    RTE\Device\LPC1769\system_LPC17xx.c      0x00000000   Number         0  system_lpc17xx.o ABSOLUTE
    RTE\\Device\\LPC1769\\system_LPC17xx.c   0x00000000   Number         0  system_lpc17xx.o ABSOLUTE
    dc.s                                     0x00000000   Number         0  dc.o ABSOLUTE
    test_5.c                                 0x00000000   Number         0  test_5.o ABSOLUTE
    test_5.c                                 0x00000000   Number         0  test_5.o ABSOLUTE
    !!!main                                  0x000000cc   Section        8  __main.o(!!!main)
    !!!scatter                               0x000000d4   Section       52  __scatter.o(!!!scatter)
    !!handler_copy                           0x00000108   Section       26  __scatter_copy.o(!!handler_copy)
    !!handler_zi                             0x00000124   Section       28  __scatter_zi.o(!!handler_zi)
    .ARM.Collect$$_printf_percent$$00000000  0x00000140   Section        0  _printf_percent.o(.ARM.Collect$$_printf_percent$$00000000)
    .ARM.Collect$$_printf_percent$$00000008  0x00000140   Section        6  _printf_i.o(.ARM.Collect$$_printf_percent$$00000008)
    .ARM.Collect$$_printf_percent$$00000013  0x00000146   Section        6  _printf_c.o(.ARM.Collect$$_printf_percent$$00000013)
    .ARM.Collect$$_printf_percent$$00000014  0x0000014c   Section        6  _printf_s.o(.ARM.Collect$$_printf_percent$$00000014)
    .ARM.Collect$$_printf_percent$$00000017  0x00000152   Section        4  _printf_percent_end.o(.ARM.Collect$$_printf_percent$$00000017)
    .ARM.Collect$$libinit$$00000000          0x00000156   Section        2  libinit.o(.ARM.Collect$$libinit$$00000000)
    .ARM.Collect$$libinit$$00000002          0x00000158   Section        0  libinit2.o(.ARM.Collect$$libinit$$00000002)
    .ARM.Collect$$libinit$$00000004          0x00000158   Section        0  libinit2.o(.ARM.Collect$$libinit$$00000004)
    .ARM.Collect$$libinit$$0000000A          0x00000158   Section        0  libinit2.o(.ARM.Collect$$libinit$$0000000A)
    .ARM.Collect$$libinit$$0000000C          0x00000158   Section        0  libinit2.o(.ARM.Collect$$libinit$$0000000C)
    .ARM.Collect$$libinit$$0000000E          0x00000158   Section        0  libinit2.o(.ARM.Collect$$libinit$$0000000E)
    .ARM.Collect$$libinit$$00000011          0x00000158   Section        0  libinit2.o(.ARM.Collect$$libinit$$00000011)
    .ARM.Collect$$libinit$$00000013          0x00000158   Section        0  libinit2.o(.ARM.Collect$$libinit$$00000013)
    .ARM.Collect$$libinit$$00000015          0x00000158   Section        0  libinit2.o(.ARM.Collect$$libinit$$00000015)
    .ARM.Collect$$libinit$$00000017          0x00000158   Section        0  libinit2.o(.ARM.Collect$$libinit$$00000017)
    .ARM.Collect$$libinit$$00000019          0x00000158   Section        0  libinit2.o(.ARM.Collect$$libinit$$00000019)
    .ARM.Collect$$libinit$$0000001B          0x00000158   Section        0  libinit2.o(.ARM.Collect$$libinit$$0000001B)
    .ARM.Collect$$libinit$$0000001D          0x00000158   Section        0  libinit2.o(.ARM.Collect$$libinit$$0000001D)
    .ARM.Collect$$libinit$$0000001F          0x00000158   Section        0  libinit2.o(.ARM.Collect$$libinit$$0000001F)
    .ARM.Collect$$libinit$$00000021          0x00000158   Section        0  libinit2.o(.ARM.Collect$$libinit$$00000021)
    .ARM.Collect$$libinit$$00000023          0x00000158   Section        0  libinit2.o(.ARM.Collect$$libinit$$00000023)
    .ARM.Collect$$libinit$$00000025          0x00000158   Section        0  libinit2.o(.ARM.Collect$$libinit$$00000025)
    .ARM.Collect$$libinit$$0000002C          0x00000158   Section        0  libinit2.o(.ARM.Collect$$libinit$$0000002C)
    .ARM.Collect$$libinit$$0000002E          0x00000158   Section        0  libinit2.o(.ARM.Collect$$libinit$$0000002E)
    .ARM.Collect$$libinit$$00000030          0x00000158   Section        0  libinit2.o(.ARM.Collect$$libinit$$00000030)
    .ARM.Collect$$libinit$$00000032          0x00000158   Section        0  libinit2.o(.ARM.Collect$$libinit$$00000032)
    .ARM.Collect$$libinit$$00000033          0x00000158   Section        2  libinit2.o(.ARM.Collect$$libinit$$00000033)
    .ARM.Collect$$libshutdown$$00000000      0x0000015a   Section        2  libshutdown.o(.ARM.Collect$$libshutdown$$00000000)
    .ARM.Collect$$libshutdown$$00000002      0x0000015c   Section        0  libshutdown2.o(.ARM.Collect$$libshutdown$$00000002)
    .ARM.Collect$$libshutdown$$00000004      0x0000015c   Section        0  libshutdown2.o(.ARM.Collect$$libshutdown$$00000004)
    .ARM.Collect$$libshutdown$$00000006      0x0000015c   Section        0  libshutdown2.o(.ARM.Collect$$libshutdown$$00000006)
    .ARM.Collect$$libshutdown$$00000009      0x0000015c   Section        0  libshutdown2.o(.ARM.Collect$$libshutdown$$00000009)
    .ARM.Collect$$libshutdown$$0000000C      0x0000015c   Section        0  libshutdown2.o(.ARM.Collect$$libshutdown$$0000000C)
    .ARM.Collect$$libshutdown$$0000000E      0x0000015c   Section        0  libshutdown2.o(.ARM.Collect$$libshutdown$$0000000E)
    .ARM.Collect$$libshutdown$$00000011      0x0000015c   Section        0  libshutdown2.o(.ARM.Collect$$libshutdown$$00000011)
    .ARM.Collect$$libshutdown$$00000012      0x0000015c   Section        2  libshutdown2.o(.ARM.Collect$$libshutdown$$00000012)
    .ARM.Collect$$rtentry$$00000000          0x0000015e   Section        0  __rtentry.o(.ARM.Collect$$rtentry$$00000000)
    .ARM.Collect$$rtentry$$00000002          0x0000015e   Section        0  __rtentry2.o(.ARM.Collect$$rtentry$$00000002)
    .ARM.Collect$$rtentry$$00000004          0x0000015e   Section        6  __rtentry4.o(.ARM.Collect$$rtentry$$00000004)
    .ARM.Collect$$rtentry$$00000009          0x00000164   Section        0  __rtentry2.o(.ARM.Collect$$rtentry$$00000009)
    .ARM.Collect$$rtentry$$0000000A          0x00000164   Section        4  __rtentry2.o(.ARM.Collect$$rtentry$$0000000A)
    .ARM.Collect$$rtentry$$0000000C          0x00000168   Section        0  __rtentry2.o(.ARM.Collect$$rtentry$$0000000C)
    .ARM.Collect$$rtentry$$0000000D          0x00000168   Section        8  __rtentry2.o(.ARM.Collect$$rtentry$$0000000D)
    .ARM.Collect$$rtexit$$00000000           0x00000170   Section        2  rtexit.o(.ARM.Collect$$rtexit$$00000000)
    .ARM.Collect$$rtexit$$00000002           0x00000172   Section        0  rtexit2.o(.ARM.Collect$$rtexit$$00000002)
    .ARM.Collect$$rtexit$$00000003           0x00000172   Section        4  rtexit2.o(.ARM.Collect$$rtexit$$00000003)
    .ARM.Collect$$rtexit$$00000004           0x00000176   Section        6  rtexit2.o(.ARM.Collect$$rtexit$$00000004)
    .text                                    0x0000017c   Section        0  test_5.o(.text)
    .text                                    0x000002f4   Section        0  heapauxi.o(.text)
    .text                                    0x000002fa   Section        2  use_no_semi.o(.text)
    .ARM.__at_0x02FC                         0x000002fc   Section        4  startup_lpc17xx.o(.ARM.__at_0x02FC)
    .text                                    0x00000300   Section        0  glcd_simulation.o(.text)
    .text                                    0x000020d4   Section        0  lcd.o(.text)
    .text                                    0x000023b8   Section        0  timer.o(.text)
    __NVIC_EnableIRQ                         0x000023b9   Thumb Code    34  timer.o(.text)
    __NVIC_SetPriority                       0x000023db   Thumb Code    32  timer.o(.text)
    __NVIC_ClearPendingIRQ                   0x00002a39   Thumb Code    22  timer.o(.text)
    .text                                    0x00002a68   Section       60  startup_lpc17xx.o(.text)
    .text                                    0x00002aa4   Section        0  system_lpc17xx.o(.text)
    .text                                    0x00002d94   Section      238  lludivv7m.o(.text)
    .text                                    0x00002e84   Section        0  noretval__2printf.o(.text)
    .text                                    0x00002e9c   Section        0  __printf.o(.text)
    .text                                    0x00002f04   Section        0  _printf_str.o(.text)
    .text                                    0x00002f58   Section        0  _printf_dec.o(.text)
    .text                                    0x00002fd0   Section        0  strcpy.o(.text)
    .text                                    0x00003018   Section      100  rt_memcpy_w.o(.text)
    .text                                    0x0000307c   Section        0  _printf_intcommon.o(.text)
    .text                                    0x0000312e   Section        0  _printf_char.o(.text)
    .text                                    0x0000315c   Section        0  _printf_char_file.o(.text)
    .text                                    0x00003180   Section        0  _printf_char_common.o(.text)
    _printf_input_char                       0x00003181   Thumb Code    10  _printf_char_common.o(.text)
    .text                                    0x000031b0   Section        0  ferror.o(.text)
    .text                                    0x000031b8   Section       74  sys_stackheap_outer.o(.text)
    .text                                    0x00003202   Section        0  exit.o(.text)
    .text                                    0x00003214   Section        8  libspace.o(.text)
    .text                                    0x0000321c   Section        0  sys_exit.o(.text)
    .text                                    0x00003228   Section        0  indicate_semi.o(.text)
    x$fpl$dcmpinf                            0x00003228   Section       24  dcmpi.o(x$fpl$dcmpinf)
    x$fpl$dleqf                              0x00003240   Section      120  dleqf.o(x$fpl$dleqf)
    x$fpl$dnaninf                            0x000032b8   Section      156  dnaninf.o(x$fpl$dnaninf)
    x$fpl$dretinf                            0x00003354   Section       12  dretinf.o(x$fpl$dretinf)
    x$fpl$drleqf                             0x00003360   Section      108  drleqf.o(x$fpl$drleqf)
    x$fpl$f2d                                0x000033cc   Section       86  f2d.o(x$fpl$f2d)
    x$fpl$fadd                               0x00003424   Section      196  faddsub_clz.o(x$fpl$fadd)
    _fadd1                                   0x00003433   Thumb Code     0  faddsub_clz.o(x$fpl$fadd)
    x$fpl$fdiv                               0x000034e8   Section      388  fdiv.o(x$fpl$fdiv)
    _fdiv1                                   0x000034e9   Thumb Code     0  fdiv.o(x$fpl$fdiv)
    x$fpl$ffixu                              0x0000366c   Section       62  ffixu.o(x$fpl$ffixu)
    x$fpl$ffltu                              0x000036ac   Section       38  fflt_clz.o(x$fpl$ffltu)
    x$fpl$fmul                               0x000036d4   Section      258  fmul.o(x$fpl$fmul)
    x$fpl$fnaninf                            0x000037d6   Section      140  fnaninf.o(x$fpl$fnaninf)
    x$fpl$fretinf                            0x00003862   Section       10  fretinf.o(x$fpl$fretinf)
    x$fpl$fsub                               0x0000386c   Section      234  faddsub_clz.o(x$fpl$fsub)
    _fsub1                                   0x0000387b   Thumb Code     0  faddsub_clz.o(x$fpl$fsub)
    x$fpl$usenofp                            0x00003956   Section        0  usenofp.o(x$fpl$usenofp)
    .data                                    0x10000000   Section       72  test_5.o(.data)
    ibgCol                                   0x10000000   Data           2  test_5.o(.data)
    itextCol                                 0x10000002   Data           2  test_5.o(.data)
    iS_S0                                    0x10000004   Data           2  test_5.o(.data)
    iS_S1                                    0x10000006   Data           2  test_5.o(.data)
    iS_S2                                    0x10000008   Data           2  test_5.o(.data)
    iS_S3                                    0x1000000a   Data           2  test_5.o(.data)
    iS_S4                                    0x1000000c   Data           2  test_5.o(.data)
    iS_S5                                    0x1000000e   Data           2  test_5.o(.data)
    iS_S6                                    0x10000010   Data           2  test_5.o(.data)
    iS_S7                                    0x10000012   Data           2  test_5.o(.data)
    iS_JST_L                                 0x10000014   Data           2  test_5.o(.data)
    iS_JST_R                                 0x10000016   Data           2  test_5.o(.data)
    iS_JST_U                                 0x10000018   Data           2  test_5.o(.data)
    iS_JST_D                                 0x1000001a   Data           2  test_5.o(.data)
    iS_TA10                                  0x1000001c   Data           2  test_5.o(.data)
    iS_TA11                                  0x1000001e   Data           2  test_5.o(.data)
    iS_TA12                                  0x10000020   Data           2  test_5.o(.data)
    iS_TA1                                   0x10000022   Data           2  test_5.o(.data)
    iS_TA2                                   0x10000024   Data           2  test_5.o(.data)
    iS_TA3                                   0x10000026   Data           2  test_5.o(.data)
    iS_TA4                                   0x10000028   Data           2  test_5.o(.data)
    iS_TA5                                   0x1000002a   Data           2  test_5.o(.data)
    iS_TA6                                   0x1000002c   Data           2  test_5.o(.data)
    iS_TA7                                   0x1000002e   Data           2  test_5.o(.data)
    iS_TA8                                   0x10000030   Data           2  test_5.o(.data)
    iS_TA9                                   0x10000032   Data           2  test_5.o(.data)
    iS_Enc                                   0x10000034   Data           2  test_5.o(.data)
    iFlag_Sim                                0x10000038   Data           4  test_5.o(.data)
    i7Seg                                    0x1000003c   Data           2  test_5.o(.data)
    .data                                    0x10000048   Section       76  glcd_simulation.o(.data)
    ibgCol                                   0x10000048   Data           2  glcd_simulation.o(.data)
    itextCol                                 0x1000004a   Data           2  glcd_simulation.o(.data)
    iS_S0                                    0x1000004c   Data           2  glcd_simulation.o(.data)
    iS_S1                                    0x1000004e   Data           2  glcd_simulation.o(.data)
    iS_S2                                    0x10000050   Data           2  glcd_simulation.o(.data)
    iS_S3                                    0x10000052   Data           2  glcd_simulation.o(.data)
    iS_S4                                    0x10000054   Data           2  glcd_simulation.o(.data)
    iS_S5                                    0x10000056   Data           2  glcd_simulation.o(.data)
    iS_S6                                    0x10000058   Data           2  glcd_simulation.o(.data)
    iS_S7                                    0x1000005a   Data           2  glcd_simulation.o(.data)
    iS_JST_L                                 0x1000005c   Data           2  glcd_simulation.o(.data)
    iS_JST_R                                 0x1000005e   Data           2  glcd_simulation.o(.data)
    iS_JST_U                                 0x10000060   Data           2  glcd_simulation.o(.data)
    iS_JST_D                                 0x10000062   Data           2  glcd_simulation.o(.data)
    iS_TA10                                  0x10000064   Data           2  glcd_simulation.o(.data)
    iS_TA11                                  0x10000066   Data           2  glcd_simulation.o(.data)
    iS_TA12                                  0x10000068   Data           2  glcd_simulation.o(.data)
    iS_TA1                                   0x1000006a   Data           2  glcd_simulation.o(.data)
    iS_TA2                                   0x1000006c   Data           2  glcd_simulation.o(.data)
    iS_TA3                                   0x1000006e   Data           2  glcd_simulation.o(.data)
    iS_TA4                                   0x10000070   Data           2  glcd_simulation.o(.data)
    iS_TA5                                   0x10000072   Data           2  glcd_simulation.o(.data)
    iS_TA6                                   0x10000074   Data           2  glcd_simulation.o(.data)
    iS_TA7                                   0x10000076   Data           2  glcd_simulation.o(.data)
    iS_TA8                                   0x10000078   Data           2  glcd_simulation.o(.data)
    iS_TA9                                   0x1000007a   Data           2  glcd_simulation.o(.data)
    iS_Enc                                   0x1000007c   Data           2  glcd_simulation.o(.data)
    iFlag_Sim                                0x10000080   Data           4  glcd_simulation.o(.data)
    i7Seg                                    0x10000084   Data           2  glcd_simulation.o(.data)
    iTA12_time                               0x10000090   Data           2  glcd_simulation.o(.data)
    iTA12_iz1                                0x10000092   Data           2  glcd_simulation.o(.data)
    .data                                    0x10000094   Section       29  lcd.o(.data)
    text_string                              0x10000094   Data           7  lcd.o(.data)
    text_string                              0x1000009b   Data           6  lcd.o(.data)
    text_string                              0x100000a1   Data           3  lcd.o(.data)
    text_string                              0x100000a4   Data           6  lcd.o(.data)
    text_string                              0x100000aa   Data           7  lcd.o(.data)
    .data                                    0x100000b4   Section        4  system_lpc17xx.o(.data)
    .bss                                     0x100000b8   Section      160  glcd_simulation.o(.bss)
    cCol                                     0x100000b8   Data         160  glcd_simulation.o(.bss)
    .bss                                     0x10000158   Section        9  lcd.o(.bss)
    array                                    0x10000158   Data           9  lcd.o(.bss)
    .bss                                     0x10000164   Section       96  libspace.o(.bss)
    HEAP                                     0x100001c8   Section        0  startup_lpc17xx.o(HEAP)
    STACK                                    0x100001c8   Section      512  startup_lpc17xx.o(STACK)
    Heap_Mem                                 0x100001c8   Data           0  startup_lpc17xx.o(HEAP)
    Stack_Mem                                0x100001c8   Data         512  startup_lpc17xx.o(STACK)
    __initial_sp                             0x100003c8   Data           0  startup_lpc17xx.o(STACK)

    Global Symbols

    Symbol Name                              Value     Ov Type        Size  Object(Section)

    BuildAttributes$$THM_ISAv4$P$D$K$B$S$PE$A:L22UL41UL21$X:L11$S22US41US21$IEEE1$IW$USESV6$~STKCKD$USESV7$~SHL$OSPACE$ROPI$EBA8$UX$STANDARDLIB$REQ8$PRES8$EABIv2 0x00000000   Number         0  anon$$obj.o ABSOLUTE
    __ARM_use_no_argv                        0x00000000   Number         0  test_5.o ABSOLUTE
    __Vectors                                0x00000000   Data           4  startup_lpc17xx.o(RESET)
    __ARM_exceptions_init                     - Undefined Weak Reference
    __alloca_initialize                       - Undefined Weak Reference
    __arm_fini_                               - Undefined Weak Reference
    __arm_preinit_                            - Undefined Weak Reference
    __cpp_initialize__aeabi_                  - Undefined Weak Reference
    __cxa_finalize                            - Undefined Weak Reference
    __rt_locale                               - Undefined Weak Reference
    __sigvec_lookup                           - Undefined Weak Reference
    _atexit_init                              - Undefined Weak Reference
    _call_atexit_fns                          - Undefined Weak Reference
    _clock_init                               - Undefined Weak Reference
    _fp_trap_init                             - Undefined Weak Reference
    _fp_trap_shutdown                         - Undefined Weak Reference
    _get_lc_collate                           - Undefined Weak Reference
    _get_lc_ctype                             - Undefined Weak Reference
    _get_lc_monetary                          - Undefined Weak Reference
    _get_lc_numeric                           - Undefined Weak Reference
    _get_lc_time                              - Undefined Weak Reference
    _getenv_init                              - Undefined Weak Reference
    _handle_redirection                       - Undefined Weak Reference
    _init_alloc                               - Undefined Weak Reference
    _init_user_alloc                          - Undefined Weak Reference
    _initio                                   - Undefined Weak Reference
    _mutex_acquire                            - Undefined Weak Reference
    _mutex_release                            - Undefined Weak Reference
    _printf_mbtowc                            - Undefined Weak Reference
    _printf_post_padding                      - Undefined Weak Reference
    _printf_pre_padding                       - Undefined Weak Reference
    _printf_truncate_signed                   - Undefined Weak Reference
    _printf_truncate_unsigned                 - Undefined Weak Reference
    _rand_init                                - Undefined Weak Reference
    _signal_finish                            - Undefined Weak Reference
    _signal_init                              - Undefined Weak Reference
    _terminate_alloc                          - Undefined Weak Reference
    _terminate_user_alloc                     - Undefined Weak Reference
    _terminateio                              - Undefined Weak Reference
    __main                                   0x000000cd   Thumb Code     8  __main.o(!!!main)
    __scatterload                            0x000000d5   Thumb Code     0  __scatter.o(!!!scatter)
    __scatterload_rt2                        0x000000d5   Thumb Code    44  __scatter.o(!!!scatter)
    __scatterload_rt2_thumb_only             0x000000d5   Thumb Code     0  __scatter.o(!!!scatter)
    __scatterload_null                       0x000000e3   Thumb Code     0  __scatter.o(!!!scatter)
    __scatterload_copy                       0x00000109   Thumb Code    26  __scatter_copy.o(!!handler_copy)
    __scatterload_zeroinit                   0x00000125   Thumb Code    28  __scatter_zi.o(!!handler_zi)
    _printf_i                                0x00000141   Thumb Code     0  _printf_i.o(.ARM.Collect$$_printf_percent$$00000008)
    _printf_percent                          0x00000141   Thumb Code     0  _printf_percent.o(.ARM.Collect$$_printf_percent$$00000000)
    _printf_c                                0x00000147   Thumb Code     0  _printf_c.o(.ARM.Collect$$_printf_percent$$00000013)
    _printf_s                                0x0000014d   Thumb Code     0  _printf_s.o(.ARM.Collect$$_printf_percent$$00000014)
    _printf_percent_end                      0x00000153   Thumb Code     0  _printf_percent_end.o(.ARM.Collect$$_printf_percent$$00000017)
    __rt_lib_init                            0x00000157   Thumb Code     0  libinit.o(.ARM.Collect$$libinit$$00000000)
    __rt_lib_init_alloca_1                   0x00000159   Thumb Code     0  libinit2.o(.ARM.Collect$$libinit$$0000002E)
    __rt_lib_init_argv_1                     0x00000159   Thumb Code     0  libinit2.o(.ARM.Collect$$libinit$$0000002C)
    __rt_lib_init_atexit_1                   0x00000159   Thumb Code     0  libinit2.o(.ARM.Collect$$libinit$$0000001B)
    __rt_lib_init_clock_1                    0x00000159   Thumb Code     0  libinit2.o(.ARM.Collect$$libinit$$00000021)
    __rt_lib_init_cpp_1                      0x00000159   Thumb Code     0  libinit2.o(.ARM.Collect$$libinit$$00000032)
    __rt_lib_init_exceptions_1               0x00000159   Thumb Code     0  libinit2.o(.ARM.Collect$$libinit$$00000030)
    __rt_lib_init_fp_1                       0x00000159   Thumb Code     0  libinit2.o(.ARM.Collect$$libinit$$00000002)
    __rt_lib_init_fp_trap_1                  0x00000159   Thumb Code     0  libinit2.o(.ARM.Collect$$libinit$$0000001F)
    __rt_lib_init_getenv_1                   0x00000159   Thumb Code     0  libinit2.o(.ARM.Collect$$libinit$$00000023)
    __rt_lib_init_heap_1                     0x00000159   Thumb Code     0  libinit2.o(.ARM.Collect$$libinit$$0000000A)
    __rt_lib_init_lc_collate_1               0x00000159   Thumb Code     0  libinit2.o(.ARM.Collect$$libinit$$00000011)
    __rt_lib_init_lc_ctype_1                 0x00000159   Thumb Code     0  libinit2.o(.ARM.Collect$$libinit$$00000013)
    __rt_lib_init_lc_monetary_1              0x00000159   Thumb Code     0  libinit2.o(.ARM.Collect$$libinit$$00000015)
    __rt_lib_init_lc_numeric_1               0x00000159   Thumb Code     0  libinit2.o(.ARM.Collect$$libinit$$00000017)
    __rt_lib_init_lc_time_1                  0x00000159   Thumb Code     0  libinit2.o(.ARM.Collect$$libinit$$00000019)
    __rt_lib_init_preinit_1                  0x00000159   Thumb Code     0  libinit2.o(.ARM.Collect$$libinit$$00000004)
    __rt_lib_init_rand_1                     0x00000159   Thumb Code     0  libinit2.o(.ARM.Collect$$libinit$$0000000E)
    __rt_lib_init_return                     0x00000159   Thumb Code     0  libinit2.o(.ARM.Collect$$libinit$$00000033)
    __rt_lib_init_signal_1                   0x00000159   Thumb Code     0  libinit2.o(.ARM.Collect$$libinit$$0000001D)
    __rt_lib_init_stdio_1                    0x00000159   Thumb Code     0  libinit2.o(.ARM.Collect$$libinit$$00000025)
    __rt_lib_init_user_alloc_1               0x00000159   Thumb Code     0  libinit2.o(.ARM.Collect$$libinit$$0000000C)
    __rt_lib_shutdown                        0x0000015b   Thumb Code     0  libshutdown.o(.ARM.Collect$$libshutdown$$00000000)
    __rt_lib_shutdown_cpp_1                  0x0000015d   Thumb Code     0  libshutdown2.o(.ARM.Collect$$libshutdown$$00000004)
    __rt_lib_shutdown_fini_1                 0x0000015d   Thumb Code     0  libshutdown2.o(.ARM.Collect$$libshutdown$$00000002)
    __rt_lib_shutdown_fp_trap_1              0x0000015d   Thumb Code     0  libshutdown2.o(.ARM.Collect$$libshutdown$$00000009)
    __rt_lib_shutdown_heap_1                 0x0000015d   Thumb Code     0  libshutdown2.o(.ARM.Collect$$libshutdown$$00000011)
    __rt_lib_shutdown_return                 0x0000015d   Thumb Code     0  libshutdown2.o(.ARM.Collect$$libshutdown$$00000012)
    __rt_lib_shutdown_signal_1               0x0000015d   Thumb Code     0  libshutdown2.o(.ARM.Collect$$libshutdown$$0000000C)
    __rt_lib_shutdown_stdio_1                0x0000015d   Thumb Code     0  libshutdown2.o(.ARM.Collect$$libshutdown$$00000006)
    __rt_lib_shutdown_user_alloc_1           0x0000015d   Thumb Code     0  libshutdown2.o(.ARM.Collect$$libshutdown$$0000000E)
    __rt_entry                               0x0000015f   Thumb Code     0  __rtentry.o(.ARM.Collect$$rtentry$$00000000)
    __rt_entry_presh_1                       0x0000015f   Thumb Code     0  __rtentry2.o(.ARM.Collect$$rtentry$$00000002)
    __rt_entry_sh                            0x0000015f   Thumb Code     0  __rtentry4.o(.ARM.Collect$$rtentry$$00000004)
    __rt_entry_li                            0x00000165   Thumb Code     0  __rtentry2.o(.ARM.Collect$$rtentry$$0000000A)
    __rt_entry_postsh_1                      0x00000165   Thumb Code     0  __rtentry2.o(.ARM.Collect$$rtentry$$00000009)
    __rt_entry_main                          0x00000169   Thumb Code     0  __rtentry2.o(.ARM.Collect$$rtentry$$0000000D)
    __rt_entry_postli_1                      0x00000169   Thumb Code     0  __rtentry2.o(.ARM.Collect$$rtentry$$0000000C)
    __rt_exit                                0x00000171   Thumb Code     0  rtexit.o(.ARM.Collect$$rtexit$$00000000)
    __rt_exit_ls                             0x00000173   Thumb Code     0  rtexit2.o(.ARM.Collect$$rtexit$$00000003)
    __rt_exit_prels_1                        0x00000173   Thumb Code     0  rtexit2.o(.ARM.Collect$$rtexit$$00000002)
    __rt_exit_exit                           0x00000177   Thumb Code     0  rtexit2.o(.ARM.Collect$$rtexit$$00000004)
    TIMER0_IRQHandler                        0x0000017d   Thumb Code   114  test_5.o(.text)
    main                                     0x000001ef   Thumb Code   170  test_5.o(.text)
    __use_two_region_memory                  0x000002f5   Thumb Code     2  heapauxi.o(.text)
    __rt_heap_escrow$2region                 0x000002f7   Thumb Code     2  heapauxi.o(.text)
    __rt_heap_expand$2region                 0x000002f9   Thumb Code     2  heapauxi.o(.text)
    __I$use$semihosting                      0x000002fb   Thumb Code     0  use_no_semi.o(.text)
    __use_no_semihosting_swi                 0x000002fb   Thumb Code     2  use_no_semi.o(.text)
    fputc                                    0x00000301   Thumb Code    30  glcd_simulation.o(.text)
    ClearScreen                              0x0000031f   Thumb Code    14  glcd_simulation.o(.text)
    SetCursorPosition                        0x0000032d   Thumb Code    20  glcd_simulation.o(.text)
    DeleteLineRight                          0x00000341   Thumb Code    12  glcd_simulation.o(.text)
    wait                                     0x0000034d   Thumb Code    12  glcd_simulation.o(.text)
    GLCD_S_Init                              0x00000359   Thumb Code  1516  glcd_simulation.o(.text)
    GLCD_S_DisplayString                     0x00000945   Thumb Code   184  glcd_simulation.o(.text)
    GLCD_S_SetTextColor                      0x000009fd   Thumb Code   264  glcd_simulation.o(.text)
    GLCD_S_SetBackColor                      0x00000b05   Thumb Code   264  glcd_simulation.o(.text)
    GLCD_S_Simulation                        0x00000c0d   Thumb Code  4626  glcd_simulation.o(.text)
    GLCD_S_SetWindow                         0x00001e1f   Thumb Code     2  glcd_simulation.o(.text)
    GLCD_S_WindowMax                         0x00001e21   Thumb Code     2  glcd_simulation.o(.text)
    GLCD_S_PutPixel                          0x00001e23   Thumb Code     2  glcd_simulation.o(.text)
    GLCD_S_ClearLn                           0x00001e25   Thumb Code    48  glcd_simulation.o(.text)
    GLCD_S_Clear                             0x00001e55   Thumb Code   286  glcd_simulation.o(.text)
    GLCD_S_DrawChar                          0x00001f73   Thumb Code    30  glcd_simulation.o(.text)
    GLCD_S_DisplayChar                       0x00001f91   Thumb Code    34  glcd_simulation.o(.text)
    GLCD_S_Bargraph                          0x00001fb3   Thumb Code   264  glcd_simulation.o(.text)
    GLCD_S_Bitmap                            0x000020bb   Thumb Code     6  glcd_simulation.o(.text)
    GLCD_S_ScrollVertical                    0x000020c1   Thumb Code     2  glcd_simulation.o(.text)
    GLCD_S_WrCmd                             0x000020c3   Thumb Code     2  glcd_simulation.o(.text)
    GLCD_S_WrReg                             0x000020c5   Thumb Code     2  glcd_simulation.o(.text)
    GLCD_S_WrDat                             0x000020c7   Thumb Code     2  glcd_simulation.o(.text)
    lcd_bin                                  0x000020d5   Thumb Code    72  lcd.o(.text)
    lcd_hex                                  0x0000211d   Thumb Code    94  lcd.o(.text)
    lcd_dez                                  0x0000217b   Thumb Code   144  lcd.o(.text)
    lcd_dez2                                 0x0000220b   Thumb Code    68  lcd.o(.text)
    AD_volt                                  0x0000224f   Thumb Code   124  lcd.o(.text)
    TempConv                                 0x000022cb   Thumb Code   142  lcd.o(.text)
    counter_Init                             0x000023fb   Thumb Code   628  timer.o(.text)
    Timer_Init                               0x0000266f   Thumb Code   970  timer.o(.text)
    Reset_Handler                            0x00002a69   Thumb Code     8  startup_lpc17xx.o(.text)
    NMI_Handler                              0x00002a71   Thumb Code     2  startup_lpc17xx.o(.text)
    HardFault_Handler                        0x00002a73   Thumb Code     2  startup_lpc17xx.o(.text)
    MemManage_Handler                        0x00002a75   Thumb Code     2  startup_lpc17xx.o(.text)
    BusFault_Handler                         0x00002a77   Thumb Code     2  startup_lpc17xx.o(.text)
    UsageFault_Handler                       0x00002a79   Thumb Code     2  startup_lpc17xx.o(.text)
    SVC_Handler                              0x00002a7b   Thumb Code     2  startup_lpc17xx.o(.text)
    DebugMon_Handler                         0x00002a7d   Thumb Code     2  startup_lpc17xx.o(.text)
    PendSV_Handler                           0x00002a7f   Thumb Code     2  startup_lpc17xx.o(.text)
    SysTick_Handler                          0x00002a81   Thumb Code     2  startup_lpc17xx.o(.text)
    ADC_IRQHandler                           0x00002a83   Thumb Code     0  startup_lpc17xx.o(.text)
    BOD_IRQHandler                           0x00002a83   Thumb Code     0  startup_lpc17xx.o(.text)
    CANActivity_IRQHandler                   0x00002a83   Thumb Code     0  startup_lpc17xx.o(.text)
    CAN_IRQHandler                           0x00002a83   Thumb Code     0  startup_lpc17xx.o(.text)
    DMA_IRQHandler                           0x00002a83   Thumb Code     0  startup_lpc17xx.o(.text)
    EINT0_IRQHandler                         0x00002a83   Thumb Code     0  startup_lpc17xx.o(.text)
    EINT1_IRQHandler                         0x00002a83   Thumb Code     0  startup_lpc17xx.o(.text)
    EINT2_IRQHandler                         0x00002a83   Thumb Code     0  startup_lpc17xx.o(.text)
    EINT3_IRQHandler                         0x00002a83   Thumb Code     0  startup_lpc17xx.o(.text)
    ENET_IRQHandler                          0x00002a83   Thumb Code     0  startup_lpc17xx.o(.text)
    I2C0_IRQHandler                          0x00002a83   Thumb Code     0  startup_lpc17xx.o(.text)
    I2C1_IRQHandler                          0x00002a83   Thumb Code     0  startup_lpc17xx.o(.text)
    I2C2_IRQHandler                          0x00002a83   Thumb Code     0  startup_lpc17xx.o(.text)
    I2S_IRQHandler                           0x00002a83   Thumb Code     0  startup_lpc17xx.o(.text)
    MCPWM_IRQHandler                         0x00002a83   Thumb Code     0  startup_lpc17xx.o(.text)
    PLL0_IRQHandler                          0x00002a83   Thumb Code     0  startup_lpc17xx.o(.text)
    PLL1_IRQHandler                          0x00002a83   Thumb Code     0  startup_lpc17xx.o(.text)
    PWM1_IRQHandler                          0x00002a83   Thumb Code     0  startup_lpc17xx.o(.text)
    QEI_IRQHandler                           0x00002a83   Thumb Code     0  startup_lpc17xx.o(.text)
    RIT_IRQHandler                           0x00002a83   Thumb Code     0  startup_lpc17xx.o(.text)
    RTC_IRQHandler                           0x00002a83   Thumb Code     0  startup_lpc17xx.o(.text)
    SPI_IRQHandler                           0x00002a83   Thumb Code     0  startup_lpc17xx.o(.text)
    SSP0_IRQHandler                          0x00002a83   Thumb Code     0  startup_lpc17xx.o(.text)
    SSP1_IRQHandler                          0x00002a83   Thumb Code     0  startup_lpc17xx.o(.text)
    TIMER1_IRQHandler                        0x00002a83   Thumb Code     0  startup_lpc17xx.o(.text)
    TIMER2_IRQHandler                        0x00002a83   Thumb Code     0  startup_lpc17xx.o(.text)
    TIMER3_IRQHandler                        0x00002a83   Thumb Code     0  startup_lpc17xx.o(.text)
    UART0_IRQHandler                         0x00002a83   Thumb Code     0  startup_lpc17xx.o(.text)
    UART1_IRQHandler                         0x00002a83   Thumb Code     0  startup_lpc17xx.o(.text)
    UART2_IRQHandler                         0x00002a83   Thumb Code     0  startup_lpc17xx.o(.text)
    UART3_IRQHandler                         0x00002a83   Thumb Code     0  startup_lpc17xx.o(.text)
    USBActivity_IRQHandler                   0x00002a83   Thumb Code     0  startup_lpc17xx.o(.text)
    USB_IRQHandler                           0x00002a83   Thumb Code     0  startup_lpc17xx.o(.text)
    WDT_IRQHandler                           0x00002a83   Thumb Code     0  startup_lpc17xx.o(.text)
    __user_initial_stackheap                 0x00002a85   Thumb Code     0  startup_lpc17xx.o(.text)
    SystemCoreClockUpdate                    0x00002aa5   Thumb Code   408  system_lpc17xx.o(.text)
    SystemInit                               0x00002c3d   Thumb Code   314  system_lpc17xx.o(.text)
    __aeabi_uldivmod                         0x00002d95   Thumb Code     0  lludivv7m.o(.text)
    _ll_udiv                                 0x00002d95   Thumb Code   238  lludivv7m.o(.text)
    __2printf                                0x00002e85   Thumb Code    20  noretval__2printf.o(.text)
    __printf                                 0x00002e9d   Thumb Code   104  __printf.o(.text)
    _printf_str                              0x00002f05   Thumb Code    82  _printf_str.o(.text)
    _printf_int_dec                          0x00002f59   Thumb Code   104  _printf_dec.o(.text)
    strcpy                                   0x00002fd1   Thumb Code    72  strcpy.o(.text)
    __aeabi_memcpy4                          0x00003019   Thumb Code     0  rt_memcpy_w.o(.text)
    __aeabi_memcpy8                          0x00003019   Thumb Code     0  rt_memcpy_w.o(.text)
    __rt_memcpy_w                            0x00003019   Thumb Code   100  rt_memcpy_w.o(.text)
    _memcpy_lastbytes_aligned                0x00003061   Thumb Code     0  rt_memcpy_w.o(.text)
    _printf_int_common                       0x0000307d   Thumb Code   178  _printf_intcommon.o(.text)
    _printf_cs_common                        0x0000312f   Thumb Code    20  _printf_char.o(.text)
    _printf_char                             0x00003143   Thumb Code    16  _printf_char.o(.text)
    _printf_string                           0x00003153   Thumb Code     8  _printf_char.o(.text)
    _printf_char_file                        0x0000315d   Thumb Code    32  _printf_char_file.o(.text)
    _printf_char_common                      0x0000318b   Thumb Code    32  _printf_char_common.o(.text)
    ferror                                   0x000031b1   Thumb Code     8  ferror.o(.text)
    __user_setup_stackheap                   0x000031b9   Thumb Code    74  sys_stackheap_outer.o(.text)
    exit                                     0x00003203   Thumb Code    18  exit.o(.text)
    __user_libspace                          0x00003215   Thumb Code     8  libspace.o(.text)
    __user_perproc_libspace                  0x00003215   Thumb Code     0  libspace.o(.text)
    __user_perthread_libspace                0x00003215   Thumb Code     0  libspace.o(.text)
    _sys_exit                                0x0000321d   Thumb Code     8  sys_exit.o(.text)
    __fpl_dcmp_Inf                           0x00003229   Thumb Code    24  dcmpi.o(x$fpl$dcmpinf)
    __semihosting_library_function           0x00003229   Thumb Code     0  indicate_semi.o(.text)
    __aeabi_cdcmple                          0x00003241   Thumb Code     0  dleqf.o(x$fpl$dleqf)
    _dcmple                                  0x00003241   Thumb Code   120  dleqf.o(x$fpl$dleqf)
    __fpl_dcmple_InfNaN                      0x000032a3   Thumb Code     0  dleqf.o(x$fpl$dleqf)
    __fpl_dnaninf                            0x000032b9   Thumb Code   156  dnaninf.o(x$fpl$dnaninf)
    __fpl_dretinf                            0x00003355   Thumb Code    12  dretinf.o(x$fpl$dretinf)
    __aeabi_cdrcmple                         0x00003361   Thumb Code     0  drleqf.o(x$fpl$drleqf)
    _drcmple                                 0x00003361   Thumb Code   108  drleqf.o(x$fpl$drleqf)
    __aeabi_f2d                              0x000033cd   Thumb Code     0  f2d.o(x$fpl$f2d)
    _f2d                                     0x000033cd   Thumb Code    86  f2d.o(x$fpl$f2d)
    __aeabi_fadd                             0x00003425   Thumb Code     0  faddsub_clz.o(x$fpl$fadd)
    _fadd                                    0x00003425   Thumb Code   196  faddsub_clz.o(x$fpl$fadd)
    __aeabi_fdiv                             0x000034e9   Thumb Code     0  fdiv.o(x$fpl$fdiv)
    _fdiv                                    0x000034e9   Thumb Code   384  fdiv.o(x$fpl$fdiv)
    __aeabi_f2uiz                            0x0000366d   Thumb Code     0  ffixu.o(x$fpl$ffixu)
    _ffixu                                   0x0000366d   Thumb Code    62  ffixu.o(x$fpl$ffixu)
    __aeabi_ui2f                             0x000036ad   Thumb Code     0  fflt_clz.o(x$fpl$ffltu)
    _ffltu                                   0x000036ad   Thumb Code    38  fflt_clz.o(x$fpl$ffltu)
    __aeabi_fmul                             0x000036d5   Thumb Code     0  fmul.o(x$fpl$fmul)
    _fmul                                    0x000036d5   Thumb Code   258  fmul.o(x$fpl$fmul)
    __fpl_fnaninf                            0x000037d7   Thumb Code   140  fnaninf.o(x$fpl$fnaninf)
    __fpl_fretinf                            0x00003863   Thumb Code    10  fretinf.o(x$fpl$fretinf)
    __aeabi_fsub                             0x0000386d   Thumb Code     0  faddsub_clz.o(x$fpl$fsub)
    _fsub                                    0x0000386d   Thumb Code   234  faddsub_clz.o(x$fpl$fsub)
    __I$use$fp                               0x00003956   Number         0  usenofp.o(x$fpl$usenofp)
    Region$$Table$$Base                      0x00003958   Number         0  anon$$obj.o(Region$$Table)
    Region$$Table$$Limit                     0x00003978   Number         0  anon$$obj.o(Region$$Table)
    period                                   0x10000040   Data           4  test_5.o(.data)
    dir                                      0x10000044   Data           4  test_5.o(.data)
    __stdout                                 0x10000088   Data           4  glcd_simulation.o(.data)
    __stdin                                  0x1000008c   Data           4  glcd_simulation.o(.data)
    SystemCoreClock                          0x100000b4   Data           4  system_lpc17xx.o(.data)
    __libspace_start                         0x10000164   Data          96  libspace.o(.bss)
    __temporary_stack_top$libspace           0x100001c4   Data           0  libspace.o(.bss)



==============================================================================

Memory Map of the image

  Image Entry point : 0x000000cd

  Load Region LR_IROM1 (Base: 0x00000000, Size: 0x00003a30, Max: 0x00080000, ABSOLUTE)

    Execution Region ER_IROM1 (Exec base: 0x00000000, Load base: 0x00000000, Size: 0x00003978, Max: 0x00080000, ABSOLUTE)

    Exec Addr    Load Addr    Size         Type   Attr      Idx    E Section Name        Object

    0x00000000   0x00000000   0x000000cc   Data   RO          404    RESET               startup_lpc17xx.o
    0x000000cc   0x000000cc   0x00000008   Code   RO          486  * !!!main             c_w.l(__main.o)
    0x000000d4   0x000000d4   0x00000034   Code   RO          709    !!!scatter          c_w.l(__scatter.o)
    0x00000108   0x00000108   0x0000001a   Code   RO          711    !!handler_copy      c_w.l(__scatter_copy.o)
    0x00000122   0x00000122   0x00000002   PAD
    0x00000124   0x00000124   0x0000001c   Code   RO          713    !!handler_zi        c_w.l(__scatter_zi.o)
    0x00000140   0x00000140   0x00000000   Code   RO          479    .ARM.Collect$$_printf_percent$$00000000  c_w.l(_printf_percent.o)
    0x00000140   0x00000140   0x00000006   Code   RO          478    .ARM.Collect$$_printf_percent$$00000008  c_w.l(_printf_i.o)
    0x00000146   0x00000146   0x00000006   Code   RO          476    .ARM.Collect$$_printf_percent$$00000013  c_w.l(_printf_c.o)
    0x0000014c   0x0000014c   0x00000006   Code   RO          477    .ARM.Collect$$_printf_percent$$00000014  c_w.l(_printf_s.o)
    0x00000152   0x00000152   0x00000004   Code   RO          525    .ARM.Collect$$_printf_percent$$00000017  c_w.l(_printf_percent_end.o)
    0x00000156   0x00000156   0x00000002   Code   RO          577    .ARM.Collect$$libinit$$00000000  c_w.l(libinit.o)
    0x00000158   0x00000158   0x00000000   Code   RO          590    .ARM.Collect$$libinit$$00000002  c_w.l(libinit2.o)
    0x00000158   0x00000158   0x00000000   Code   RO          592    .ARM.Collect$$libinit$$00000004  c_w.l(libinit2.o)
    0x00000158   0x00000158   0x00000000   Code   RO          595    .ARM.Collect$$libinit$$0000000A  c_w.l(libinit2.o)
    0x00000158   0x00000158   0x00000000   Code   RO          597    .ARM.Collect$$libinit$$0000000C  c_w.l(libinit2.o)
    0x00000158   0x00000158   0x00000000   Code   RO          599    .ARM.Collect$$libinit$$0000000E  c_w.l(libinit2.o)
    0x00000158   0x00000158   0x00000000   Code   RO          602    .ARM.Collect$$libinit$$00000011  c_w.l(libinit2.o)
    0x00000158   0x00000158   0x00000000   Code   RO          604    .ARM.Collect$$libinit$$00000013  c_w.l(libinit2.o)
    0x00000158   0x00000158   0x00000000   Code   RO          606    .ARM.Collect$$libinit$$00000015  c_w.l(libinit2.o)
    0x00000158   0x00000158   0x00000000   Code   RO          608    .ARM.Collect$$libinit$$00000017  c_w.l(libinit2.o)
    0x00000158   0x00000158   0x00000000   Code   RO          610    .ARM.Collect$$libinit$$00000019  c_w.l(libinit2.o)
    0x00000158   0x00000158   0x00000000   Code   RO          612    .ARM.Collect$$libinit$$0000001B  c_w.l(libinit2.o)
    0x00000158   0x00000158   0x00000000   Code   RO          614    .ARM.Collect$$libinit$$0000001D  c_w.l(libinit2.o)
    0x00000158   0x00000158   0x00000000   Code   RO          616    .ARM.Collect$$libinit$$0000001F  c_w.l(libinit2.o)
    0x00000158   0x00000158   0x00000000   Code   RO          618    .ARM.Collect$$libinit$$00000021  c_w.l(libinit2.o)
    0x00000158   0x00000158   0x00000000   Code   RO          620    .ARM.Collect$$libinit$$00000023  c_w.l(libinit2.o)
    0x00000158   0x00000158   0x00000000   Code   RO          622    .ARM.Collect$$libinit$$00000025  c_w.l(libinit2.o)
    0x00000158   0x00000158   0x00000000   Code   RO          626    .ARM.Collect$$libinit$$0000002C  c_w.l(libinit2.o)
    0x00000158   0x00000158   0x00000000   Code   RO          628    .ARM.Collect$$libinit$$0000002E  c_w.l(libinit2.o)
    0x00000158   0x00000158   0x00000000   Code   RO          630    .ARM.Collect$$libinit$$00000030  c_w.l(libinit2.o)
    0x00000158   0x00000158   0x00000000   Code   RO          632    .ARM.Collect$$libinit$$00000032  c_w.l(libinit2.o)
    0x00000158   0x00000158   0x00000002   Code   RO          633    .ARM.Collect$$libinit$$00000033  c_w.l(libinit2.o)
    0x0000015a   0x0000015a   0x00000002   Code   RO          664    .ARM.Collect$$libshutdown$$00000000  c_w.l(libshutdown.o)
    0x0000015c   0x0000015c   0x00000000   Code   RO          690    .ARM.Collect$$libshutdown$$00000002  c_w.l(libshutdown2.o)
    0x0000015c   0x0000015c   0x00000000   Code   RO          692    .ARM.Collect$$libshutdown$$00000004  c_w.l(libshutdown2.o)
    0x0000015c   0x0000015c   0x00000000   Code   RO          694    .ARM.Collect$$libshutdown$$00000006  c_w.l(libshutdown2.o)
    0x0000015c   0x0000015c   0x00000000   Code   RO          697    .ARM.Collect$$libshutdown$$00000009  c_w.l(libshutdown2.o)
    0x0000015c   0x0000015c   0x00000000   Code   RO          700    .ARM.Collect$$libshutdown$$0000000C  c_w.l(libshutdown2.o)
    0x0000015c   0x0000015c   0x00000000   Code   RO          702    .ARM.Collect$$libshutdown$$0000000E  c_w.l(libshutdown2.o)
    0x0000015c   0x0000015c   0x00000000   Code   RO          705    .ARM.Collect$$libshutdown$$00000011  c_w.l(libshutdown2.o)
    0x0000015c   0x0000015c   0x00000002   Code   RO          706    .ARM.Collect$$libshutdown$$00000012  c_w.l(libshutdown2.o)
    0x0000015e   0x0000015e   0x00000000   Code   RO          514    .ARM.Collect$$rtentry$$00000000  c_w.l(__rtentry.o)
    0x0000015e   0x0000015e   0x00000000   Code   RO          536    .ARM.Collect$$rtentry$$00000002  c_w.l(__rtentry2.o)
    0x0000015e   0x0000015e   0x00000006   Code   RO          548    .ARM.Collect$$rtentry$$00000004  c_w.l(__rtentry4.o)
    0x00000164   0x00000164   0x00000000   Code   RO          538    .ARM.Collect$$rtentry$$00000009  c_w.l(__rtentry2.o)
    0x00000164   0x00000164   0x00000004   Code   RO          539    .ARM.Collect$$rtentry$$0000000A  c_w.l(__rtentry2.o)
    0x00000168   0x00000168   0x00000000   Code   RO          541    .ARM.Collect$$rtentry$$0000000C  c_w.l(__rtentry2.o)
    0x00000168   0x00000168   0x00000008   Code   RO          542    .ARM.Collect$$rtentry$$0000000D  c_w.l(__rtentry2.o)
    0x00000170   0x00000170   0x00000002   Code   RO          581    .ARM.Collect$$rtexit$$00000000  c_w.l(rtexit.o)
    0x00000172   0x00000172   0x00000000   Code   RO          637    .ARM.Collect$$rtexit$$00000002  c_w.l(rtexit2.o)
    0x00000172   0x00000172   0x00000004   Code   RO          638    .ARM.Collect$$rtexit$$00000003  c_w.l(rtexit2.o)
    0x00000176   0x00000176   0x00000006   Code   RO          639    .ARM.Collect$$rtexit$$00000004  c_w.l(rtexit2.o)
    0x0000017c   0x0000017c   0x00000178   Code   RO            4    .text               test_5.o
    0x000002f4   0x000002f4   0x00000006   Code   RO          484    .text               c_w.l(heapauxi.o)
    0x000002fa   0x000002fa   0x00000002   Code   RO          653    .text               c_w.l(use_no_semi.o)
    0x000002fc   0x000002fc   0x00000004   Code   RO          405    .ARM.__at_0x02FC    startup_lpc17xx.o
    0x00000300   0x00000300   0x00001dd4   Code   RO           98    .text               glcd_simulation.o
    0x000020d4   0x000020d4   0x000002e4   Code   RO          217    .text               lcd.o
    0x000023b8   0x000023b8   0x000006b0   Code   RO          291    .text               timer.o
    0x00002a68   0x00002a68   0x0000003c   Code   RO          406    .text               startup_lpc17xx.o
    0x00002aa4   0x00002aa4   0x000002f0   Code   RO          415    .text               system_lpc17xx.o
    0x00002d94   0x00002d94   0x000000ee   Code   RO          444    .text               c_w.l(lludivv7m.o)
    0x00002e82   0x00002e82   0x00000002   PAD
    0x00002e84   0x00002e84   0x00000018   Code   RO          448    .text               c_w.l(noretval__2printf.o)
    0x00002e9c   0x00002e9c   0x00000068   Code   RO          450    .text               c_w.l(__printf.o)
    0x00002f04   0x00002f04   0x00000052   Code   RO          452    .text               c_w.l(_printf_str.o)
    0x00002f56   0x00002f56   0x00000002   PAD
    0x00002f58   0x00002f58   0x00000078   Code   RO          454    .text               c_w.l(_printf_dec.o)
    0x00002fd0   0x00002fd0   0x00000048   Code   RO          480    .text               c_w.l(strcpy.o)
    0x00003018   0x00003018   0x00000064   Code   RO          482    .text               c_w.l(rt_memcpy_w.o)
    0x0000307c   0x0000307c   0x000000b2   Code   RO          519    .text               c_w.l(_printf_intcommon.o)
    0x0000312e   0x0000312e   0x0000002c   Code   RO          521    .text               c_w.l(_printf_char.o)
    0x0000315a   0x0000315a   0x00000002   PAD
    0x0000315c   0x0000315c   0x00000024   Code   RO          523    .text               c_w.l(_printf_char_file.o)
    0x00003180   0x00003180   0x00000030   Code   RO          552    .text               c_w.l(_printf_char_common.o)
    0x000031b0   0x000031b0   0x00000008   Code   RO          554    .text               c_w.l(ferror.o)
    0x000031b8   0x000031b8   0x0000004a   Code   RO          562    .text               c_w.l(sys_stackheap_outer.o)
    0x00003202   0x00003202   0x00000012   Code   RO          566    .text               c_w.l(exit.o)
    0x00003214   0x00003214   0x00000008   Code   RO          578    .text               c_w.l(libspace.o)
    0x0000321c   0x0000321c   0x0000000c   Code   RO          634    .text               c_w.l(sys_exit.o)
    0x00003228   0x00003228   0x00000000   Code   RO          655    .text               c_w.l(indicate_semi.o)
    0x00003228   0x00003228   0x00000018   Code   RO          558    x$fpl$dcmpinf       fz_ws.l(dcmpi.o)
    0x00003240   0x00003240   0x00000078   Code   RO          526    x$fpl$dleqf         fz_ws.l(dleqf.o)
    0x000032b8   0x000032b8   0x0000009c   Code   RO          560    x$fpl$dnaninf       fz_ws.l(dnaninf.o)
    0x00003354   0x00003354   0x0000000c   Code   RO          528    x$fpl$dretinf       fz_ws.l(dretinf.o)
    0x00003360   0x00003360   0x0000006c   Code   RO          488    x$fpl$drleqf        fz_ws.l(drleqf.o)
    0x000033cc   0x000033cc   0x00000056   Code   RO          490    x$fpl$f2d           fz_ws.l(f2d.o)
    0x00003422   0x00003422   0x00000002   PAD
    0x00003424   0x00003424   0x000000c4   Code   RO          492    x$fpl$fadd          fz_ws.l(faddsub_clz.o)
    0x000034e8   0x000034e8   0x00000184   Code   RO          499    x$fpl$fdiv          fz_ws.l(fdiv.o)
    0x0000366c   0x0000366c   0x0000003e   Code   RO          502    x$fpl$ffixu         fz_ws.l(ffixu.o)
    0x000036aa   0x000036aa   0x00000002   PAD
    0x000036ac   0x000036ac   0x00000026   Code   RO          506    x$fpl$ffltu         fz_ws.l(fflt_clz.o)
    0x000036d2   0x000036d2   0x00000002   PAD
    0x000036d4   0x000036d4   0x00000102   Code   RO          512    x$fpl$fmul          fz_ws.l(fmul.o)
    0x000037d6   0x000037d6   0x0000008c   Code   RO          530    x$fpl$fnaninf       fz_ws.l(fnaninf.o)
    0x00003862   0x00003862   0x0000000a   Code   RO          532    x$fpl$fretinf       fz_ws.l(fretinf.o)
    0x0000386c   0x0000386c   0x000000ea   Code   RO          494    x$fpl$fsub          fz_ws.l(faddsub_clz.o)
    0x00003956   0x00003956   0x00000000   Code   RO          534    x$fpl$usenofp       fz_ws.l(usenofp.o)
    0x00003956   0x00003956   0x00000002   PAD
    0x00003958   0x00003958   0x00000020   Data   RO          707    Region$$Table       anon$$obj.o


    Execution Region RW_IRAM1 (Exec base: 0x10000000, Load base: 0x00003978, Size: 0x000003c8, Max: 0x00008000, ABSOLUTE)

    Exec Addr    Load Addr    Size         Type   Attr      Idx    E Section Name        Object

    0x10000000   0x00003978   0x00000048   Data   RW            6    .data               test_5.o
    0x10000048   0x000039c0   0x0000004c   Data   RW          100    .data               glcd_simulation.o
    0x10000094   0x00003a0c   0x0000001d   Data   RW          219    .data               lcd.o
    0x100000b1   0x00003a29   0x00000003   PAD
    0x100000b4   0x00003a2c   0x00000004   Data   RW          416    .data               system_lpc17xx.o
    0x100000b8        -       0x000000a0   Zero   RW           99    .bss                glcd_simulation.o
    0x10000158        -       0x00000009   Zero   RW          218    .bss                lcd.o
    0x10000161   0x00003a30   0x00000003   PAD
    0x10000164        -       0x00000060   Zero   RW          579    .bss                c_w.l(libspace.o)
    0x100001c4   0x00003a30   0x00000004   PAD
    0x100001c8        -       0x00000000   Zero   RW          403    HEAP                startup_lpc17xx.o
    0x100001c8        -       0x00000200   Zero   RW          402    STACK               startup_lpc17xx.o


==============================================================================

Image component sizes


      Code (inc. data)   RO Data    RW Data    ZI Data      Debug   Object Name

      7636        836          0         76        160      12908   glcd_simulation.o
         0          0          0          0          0      26387   keys.o
       740         96          0         29          9       2120   lcd.o
        64         26        204          0        512       1092   startup_lpc17xx.o
       752         30          0          4          0       1173   system_lpc17xx.o
       376         92          0         72          0      23670   test_5.o
      1712         58          0          0          0       2354   timer.o

    ----------------------------------------------------------------------
     11280       1138        236        184        684      69704   Object Totals
         0          0         32          0          0          0   (incl. Generated)
         0          0          0          3          3          0   (incl. Padding)

    ----------------------------------------------------------------------

      Code (inc. data)   RO Data    RW Data    ZI Data      Debug   Library Member Name

         8          0          0          0          0         68   __main.o
       104          0          0          0          0         84   __printf.o
         0          0          0          0          0          0   __rtentry.o
        12          0          0          0          0          0   __rtentry2.o
         6          0          0          0          0          0   __rtentry4.o
        52          8          0          0          0          0   __scatter.o
        26          0          0          0          0          0   __scatter_copy.o
        28          0          0          0          0          0   __scatter_zi.o
         6          0          0          0          0          0   _printf_c.o
        44          0          0          0          0        108   _printf_char.o
        48          6          0          0          0         96   _printf_char_common.o
        36          4          0          0          0         80   _printf_char_file.o
       120         16          0          0          0         92   _printf_dec.o
         6          0          0          0          0          0   _printf_i.o
       178          0          0          0          0         88   _printf_intcommon.o
         0          0          0          0          0          0   _printf_percent.o
         4          0          0          0          0          0   _printf_percent_end.o
         6          0          0          0          0          0   _printf_s.o
        82          0          0          0          0         80   _printf_str.o
        18          0          0          0          0         80   exit.o
         8          0          0          0          0         68   ferror.o
         6          0          0          0          0        152   heapauxi.o
         0          0          0          0          0          0   indicate_semi.o
         2          0          0          0          0          0   libinit.o
         2          0          0          0          0          0   libinit2.o
         2          0          0          0          0          0   libshutdown.o
         2          0          0          0          0          0   libshutdown2.o
         8          4          0          0         96         68   libspace.o
       238          0          0          0          0        100   lludivv7m.o
        24          4          0          0          0         84   noretval__2printf.o
       100          0          0          0          0         80   rt_memcpy_w.o
         2          0          0          0          0          0   rtexit.o
        10          0          0          0          0          0   rtexit2.o
        72          0          0          0          0         80   strcpy.o
        12          4          0          0          0         68   sys_exit.o
        74          0          0          0          0         80   sys_stackheap_outer.o
         2          0          0          0          0         68   use_no_semi.o
        24          0          0          0          0         68   dcmpi.o
       120          4          0          0          0         92   dleqf.o
       156          4          0          0          0         92   dnaninf.o
        12          0          0          0          0         68   dretinf.o
       108          0          0          0          0         80   drleqf.o
        86          4          0          0          0         84   f2d.o
       430          8          0          0          0        168   faddsub_clz.o
       388         76          0          0          0         96   fdiv.o
        62          4          0          0          0         84   ffixu.o
        38          0          0          0          0         68   fflt_clz.o
       258          4          0          0          0         84   fmul.o
       140          4          0          0          0         84   fnaninf.o
        10          0          0          0          0         68   fretinf.o
         0          0          0          0          0          0   usenofp.o

    ----------------------------------------------------------------------
      3196        154          0          0        100       2760   Library Totals
        16          0          0          0          4          0   (incl. Padding)

    ----------------------------------------------------------------------

      Code (inc. data)   RO Data    RW Data    ZI Data      Debug   Library Name

      1348         46          0          0         96       1624   c_w.l
      1832        108          0          0          0       1136   fz_ws.l

    ----------------------------------------------------------------------
      3196        154          0          0        100       2760   Library Totals

    ----------------------------------------------------------------------

==============================================================================


      Code (inc. data)   RO Data    RW Data    ZI Data      Debug   

     14476       1292        236        184        784      70640   Grand Totals
     14476       1292        236        184        784      70640   ELF Image Totals
     14476       1292        236        184          0          0   ROM Totals

==============================================================================

    Total RO  Size (Code + RO Data)                14712 (  14.37kB)
    Total RW  Size (RW Data + ZI Data)               968 (   0.95kB)
    Total ROM Size (Code + RO Data + RW Data)      14896 (  14.55kB)

==============================================================================

