<html>
<body>
<pre>
<h1>µVision Build Log</h1>
<h2>Tool Versions:</h2>
IDE-Version: µVision V5.35.0.0
Copyright (C) 2021 ARM Ltd and ARM Germany GmbH. All rights reserved.
License Information: MPT MPT5028, Hochschule Esslingen, LIC=7YKKL-J68H1-PLAG5-E3VC2-73GTI-9GM55
 
Tool Versions:
Toolchain:       MDK-ARM Professional  Version: 5.35.0.2
Toolchain Path:  C:\Keil\ARM\ARMCC\Bin
C Compiler:      Armcc.exe V5.06 update 7 (build 960)
Assembler:       Armasm.exe V5.06 update 7 (build 960)
Linker/Locator:  ArmLink.exe V5.06 update 7 (build 960)
Library Manager: ArmAr.exe V5.06 update 7 (build 960)
Hex Converter:   FromElf.exe V5.06 update 7 (build 960)
CPU DLL:         SARMCM3.DLL V5.35.0.2
Dialog DLL:      DARMP1.DLL V1.27.0.0
Target DLL:      Segger\JL2CM3.dll V2.99.40.0
Dialog DLL:      TARMP1.DLL V1.26.0.0
 
<h2>Project:</h2>
D:\MPT_Lab\Lu Weber\LabTemplates_MPT_Sim\test_2\test_2.uvprojx
Project File Date:  04/04/2022

<h2>Output:</h2>
*** Using Compiler 'V5.06 update 7 (build 960)', folder: 'C:\Keil\ARM\ARMCC\Bin'
Rebuild target 'RAM'
compiling led.c...
compiling test_2.c...
compiling lcd.c...
compiling keys.c...
compiling gpio.c...
compiling GLCD_SPI_LPC1700.c...
assembling startup_LPC17xx.s...
compiling GLCD_Simulation.c...
compiling system_LPC17xx.c...
linking...
Program Size: Code=6454 RO-data=6510 RW-data=12 ZI-data=612  
".\test_2.axf" - 0 Error(s), 0 Warning(s).

<h2>Software Packages used:</h2>

Package Vendor: ARM
                http://www.keil.com/pack/ARM.CMSIS.5.8.0.pack
                ARM.CMSIS.5.8.0
                CMSIS (Common Microcontroller Software Interface Standard)
   * Component: CORE Version: 5.5.0

Package Vendor: Keil
                http://www.keil.com/pack/Keil.LPC1700_DFP.2.7.0.pack
                Keil.LPC1700_DFP.2.7.0
                NXP LPC1700 Series Device Support, Drivers and Examples for MCB1700 and LPC1788-32
   * Component: Startup Version: 1.0.0

<h2>Collection of Component include folders:</h2>
  .\RTE\Device\LPC1769
  .\RTE\_RAM
  C:\Keil\Arm\Packs\ARM\CMSIS\5.8.0\CMSIS\Core\Include
  C:\Keil\Arm\Packs\Keil\LPC1700_DFP\2.7.0\Device\Include

<h2>Collection of Component Files used:</h2>

   * Component: ARM::CMSIS:CORE:5.5.0

   * Component: Keil::Device:Startup:1.0.0
      Include file:  RTE_Driver\Config\RTE_Device.h
      Source file:   Device\Source\system_LPC17xx.c
      Source file:   Device\Source\ARM\startup_LPC17xx.s
      Include file:  Device\Include\LPC17xx.h
Build Time Elapsed:  00:00:00
</pre>
</body>
</html>
